---
http_interactions:
- request:
    method: get
    uri: "<tutor_specs_instance_url>/services/data/v37.0/query?q=SELECT%20Id,%20accounts_uuid__c,%20Contact__c,%20pardot_reported_contact_id__c,%20pardot_reported_piaid__c,%20pardot_reported_picid__c,%20first_teacher_contact_id__c,%20arrived_marketing_page_from_pardot_at__c,%20days_since_arrived_marketing_page_from_p__c,%20arrived_marketing_page_not_from_pardot_a__c,%20preview_created_at__c,%20real_course_created_at__c,%20like_preview_ask_later_count__c,%20like_preview_yes_at__c,%20days_since_like_preview_yes__c,%20latest_adoption_decision__c,%20latest_adoption_decision_at__c%20FROM%20TutorOnboardingA__c%20WHERE%20(first_teacher_contact_id__c%20=%20%270030v000002CiKnAAK%27)%20LIMIT%201"
    body:
      encoding: US-ASCII
      string: ''
    headers:
      User-Agent:
      - Faraday v0.9.2
      Authorization:
      - OAuth <tutor_specs_oauth_token>
      Accept-Encoding:
      - gzip;q=1.0,deflate;q=0.6,identity;q=0.3
      Accept:
      - "*/*"
  response:
    status:
      code: 200
      message: OK
    headers:
      Date:
      - Sun, 11 Jun 2017 03:47:57 GMT
      Strict-Transport-Security:
      - max-age=31536000; includeSubDomains
      X-Content-Type-Options:
      - nosniff
      X-Xss-Protection:
      - 1; mode=block
      Content-Security-Policy:
      - referrer origin-when-cross-origin; upgrade-insecure-requests
      Set-Cookie:
      - BrowserId=k_ycAkA_T5m2O-ioWBKs-A;Path=/;Domain=.salesforce.com;Expires=Thu,
        10-Aug-2017 03:47:57 GMT
      Expires:
      - Thu, 01 Jan 1970 00:00:00 GMT
      Sforce-Limit-Info:
      - api-usage=1166/48000
      Content-Type:
      - application/json;charset=UTF-8
      Vary:
      - Accept-Encoding
      Transfer-Encoding:
      - chunked
    body:
      encoding: ASCII-8BIT
      string: '{"totalSize":0,"done":true,"records":[]}'
    http_version: 
  recorded_at: Sun, 11 Jun 2017 03:47:57 GMT
- request:
    method: get
    uri: "<tutor_specs_instance_url>/services/data/v37.0/query?q=SELECT%20Id,%20accounts_uuid__c,%20Contact__c,%20pardot_reported_contact_id__c,%20pardot_reported_piaid__c,%20pardot_reported_picid__c,%20first_teacher_contact_id__c,%20arrived_marketing_page_from_pardot_at__c,%20days_since_arrived_marketing_page_from_p__c,%20arrived_marketing_page_not_from_pardot_a__c,%20preview_created_at__c,%20real_course_created_at__c,%20like_preview_ask_later_count__c,%20like_preview_yes_at__c,%20days_since_like_preview_yes__c,%20latest_adoption_decision__c,%20latest_adoption_decision_at__c%20FROM%20TutorOnboardingA__c%20WHERE%20(accounts_uuid__c%20=%20%27<USER_SF_A_UUID>%27)%20LIMIT%201"
    body:
      encoding: US-ASCII
      string: ''
    headers:
      User-Agent:
      - Faraday v0.9.2
      Authorization:
      - OAuth <tutor_specs_oauth_token>
      Accept-Encoding:
      - gzip;q=1.0,deflate;q=0.6,identity;q=0.3
      Accept:
      - "*/*"
  response:
    status:
      code: 200
      message: OK
    headers:
      Date:
      - Sun, 11 Jun 2017 03:47:57 GMT
      Strict-Transport-Security:
      - max-age=31536000; includeSubDomains
      X-Content-Type-Options:
      - nosniff
      X-Xss-Protection:
      - 1; mode=block
      Content-Security-Policy:
      - referrer origin-when-cross-origin; upgrade-insecure-requests
      Set-Cookie:
      - BrowserId=mYUUmIYbSBWB3kLxeOsdUw;Path=/;Domain=.salesforce.com;Expires=Thu,
        10-Aug-2017 03:47:57 GMT
      Expires:
      - Thu, 01 Jan 1970 00:00:00 GMT
      Sforce-Limit-Info:
      - api-usage=1179/48000
      Content-Type:
      - application/json;charset=UTF-8
      Vary:
      - Accept-Encoding
      Transfer-Encoding:
      - chunked
    body:
      encoding: ASCII-8BIT
      string: '{"totalSize":0,"done":true,"records":[]}'
    http_version: 
  recorded_at: Sun, 11 Jun 2017 03:47:58 GMT
- request:
    method: post
    uri: "<tutor_specs_instance_url>/services/data/v37.0/sobjects/TutorOnboardingA__c"
    body:
      encoding: UTF-8
      string: '{"accounts_uuid__c":"<USER_SF_A_UUID>","first_teacher_contact_id__c":"0030v000002CiKnAAK","like_preview_ask_later_count__c":1}'
    headers:
      User-Agent:
      - Faraday v0.9.2
      Content-Type:
      - application/json
      Authorization:
      - OAuth <tutor_specs_oauth_token>
      Accept-Encoding:
      - gzip;q=1.0,deflate;q=0.6,identity;q=0.3
      Accept:
      - "*/*"
  response:
    status:
      code: 201
      message: Created
    headers:
      Date:
      - Sun, 11 Jun 2017 03:47:58 GMT
      Strict-Transport-Security:
      - max-age=31536000; includeSubDomains
      X-Content-Type-Options:
      - nosniff
      X-Xss-Protection:
      - 1; mode=block
      Content-Security-Policy:
      - referrer origin-when-cross-origin; upgrade-insecure-requests
      Set-Cookie:
      - BrowserId=_8TUJKWcTXOmb8XV2fsQog;Path=/;Domain=.salesforce.com;Expires=Thu,
        10-Aug-2017 03:47:58 GMT
      Expires:
      - Thu, 01 Jan 1970 00:00:00 GMT
      Sforce-Limit-Info:
      - api-usage=1180/48000
      Location:
      - "/services/data/v37.0/sobjects/TutorOnboardingA__c/a0K0v000000HfjnEAC"
      Content-Type:
      - application/json;charset=UTF-8
      Vary:
      - Accept-Encoding
      Transfer-Encoding:
      - chunked
    body:
      encoding: ASCII-8BIT
      string: '{"id":"a0K0v000000HfjnEAC","success":true,"errors":[]}'
    http_version: 
  recorded_at: Sun, 11 Jun 2017 03:47:58 GMT
- request:
    method: get
    uri: "<tutor_specs_instance_url>/services/data/v37.0/query?q=SELECT%20Id,%20accounts_uuid__c,%20Contact__c,%20pardot_reported_contact_id__c,%20pardot_reported_piaid__c,%20pardot_reported_picid__c,%20first_teacher_contact_id__c,%20arrived_marketing_page_from_pardot_at__c,%20days_since_arrived_marketing_page_from_p__c,%20arrived_marketing_page_not_from_pardot_a__c,%20preview_created_at__c,%20real_course_created_at__c,%20like_preview_ask_later_count__c,%20like_preview_yes_at__c,%20days_since_like_preview_yes__c,%20latest_adoption_decision__c,%20latest_adoption_decision_at__c%20FROM%20TutorOnboardingA__c%20WHERE%20(Id%20=%20%27a0K0v000000HfjnEAC%27)%20LIMIT%201"
    body:
      encoding: US-ASCII
      string: ''
    headers:
      User-Agent:
      - Faraday v0.9.2
      Authorization:
      - OAuth <tutor_specs_oauth_token>
      Accept-Encoding:
      - gzip;q=1.0,deflate;q=0.6,identity;q=0.3
      Accept:
      - "*/*"
  response:
    status:
      code: 200
      message: OK
    headers:
      Date:
      - Sun, 11 Jun 2017 03:47:58 GMT
      Strict-Transport-Security:
      - max-age=31536000; includeSubDomains
      X-Content-Type-Options:
      - nosniff
      X-Xss-Protection:
      - 1; mode=block
      Content-Security-Policy:
      - referrer origin-when-cross-origin; upgrade-insecure-requests
      Set-Cookie:
      - BrowserId=fSWbtaxPRimIBHtMwMefPA;Path=/;Domain=.salesforce.com;Expires=Thu,
        10-Aug-2017 03:47:58 GMT
      Expires:
      - Thu, 01 Jan 1970 00:00:00 GMT
      Sforce-Limit-Info:
      - api-usage=1181/48000
      Content-Type:
      - application/json;charset=UTF-8
      Vary:
      - Accept-Encoding
      Transfer-Encoding:
      - chunked
    body:
      encoding: ASCII-8BIT
      string: '{"totalSize":1,"done":true,"records":[{"attributes":{"type":"TutorOnboardingA__c","url":"/services/data/v37.0/sobjects/TutorOnboardingA__c/a0K0v000000HfjnEAC"},"Id":"a0K0v000000HfjnEAC","accounts_uuid__c":"<USER_SF_A_UUID>","Contact__c":null,"pardot_reported_contact_id__c":null,"pardot_reported_piaid__c":null,"pardot_reported_picid__c":null,"first_teacher_contact_id__c":"0030v000002CiKnAAK","arrived_marketing_page_from_pardot_at__c":null,"days_since_arrived_marketing_page_from_p__c":null,"arrived_marketing_page_not_from_pardot_a__c":null,"preview_created_at__c":null,"real_course_created_at__c":null,"like_preview_ask_later_count__c":1.0,"like_preview_yes_at__c":null,"days_since_like_preview_yes__c":null,"latest_adoption_decision__c":null,"latest_adoption_decision_at__c":null}]}'
    http_version: 
  recorded_at: Sun, 11 Jun 2017 03:47:58 GMT
- request:
    method: get
    uri: "<tutor_specs_instance_url>/services/data/v37.0/query?q=SELECT%20Id,%20accounts_uuid__c,%20Contact__c,%20pardot_reported_contact_id__c,%20pardot_reported_piaid__c,%20pardot_reported_picid__c,%20first_teacher_contact_id__c,%20arrived_marketing_page_from_pardot_at__c,%20days_since_arrived_marketing_page_from_p__c,%20arrived_marketing_page_not_from_pardot_a__c,%20preview_created_at__c,%20real_course_created_at__c,%20like_preview_ask_later_count__c,%20like_preview_yes_at__c,%20days_since_like_preview_yes__c,%20latest_adoption_decision__c,%20latest_adoption_decision_at__c%20FROM%20TutorOnboardingA__c%20WHERE%20(first_teacher_contact_id__c%20=%20%270030v000002CiKnAAK%27)%20LIMIT%201"
    body:
      encoding: US-ASCII
      string: ''
    headers:
      User-Agent:
      - Faraday v0.9.2
      Authorization:
      - OAuth <tutor_specs_oauth_token>
      Accept-Encoding:
      - gzip;q=1.0,deflate;q=0.6,identity;q=0.3
      Accept:
      - "*/*"
  response:
    status:
      code: 200
      message: OK
    headers:
      Date:
      - Sun, 11 Jun 2017 03:47:59 GMT
      Strict-Transport-Security:
      - max-age=31536000; includeSubDomains
      X-Content-Type-Options:
      - nosniff
      X-Xss-Protection:
      - 1; mode=block
      Content-Security-Policy:
      - referrer origin-when-cross-origin; upgrade-insecure-requests
      Set-Cookie:
      - BrowserId=ioWKacTvRDy-y0xI1p57vw;Path=/;Domain=.salesforce.com;Expires=Thu,
        10-Aug-2017 03:47:59 GMT
      Expires:
      - Thu, 01 Jan 1970 00:00:00 GMT
      Sforce-Limit-Info:
      - api-usage=1177/48000
      Content-Type:
      - application/json;charset=UTF-8
      Vary:
      - Accept-Encoding
      Transfer-Encoding:
      - chunked
    body:
      encoding: ASCII-8BIT
      string: '{"totalSize":1,"done":true,"records":[{"attributes":{"type":"TutorOnboardingA__c","url":"/services/data/v37.0/sobjects/TutorOnboardingA__c/a0K0v000000HfjnEAC"},"Id":"a0K0v000000HfjnEAC","accounts_uuid__c":"<USER_SF_A_UUID>","Contact__c":null,"pardot_reported_contact_id__c":null,"pardot_reported_piaid__c":null,"pardot_reported_picid__c":null,"first_teacher_contact_id__c":"0030v000002CiKnAAK","arrived_marketing_page_from_pardot_at__c":null,"days_since_arrived_marketing_page_from_p__c":null,"arrived_marketing_page_not_from_pardot_a__c":null,"preview_created_at__c":null,"real_course_created_at__c":null,"like_preview_ask_later_count__c":1.0,"like_preview_yes_at__c":null,"days_since_like_preview_yes__c":null,"latest_adoption_decision__c":null,"latest_adoption_decision_at__c":null}]}'
    http_version: 
  recorded_at: Sun, 11 Jun 2017 03:47:59 GMT
- request:
    method: patch
    uri: "<tutor_specs_instance_url>/services/data/v37.0/sobjects/TutorOnboardingA__c/a0K0v000000HfjnEAC"
    body:
      encoding: UTF-8
      string: '{"like_preview_ask_later_count__c":2}'
    headers:
      User-Agent:
      - Faraday v0.9.2
      Content-Type:
      - application/json
      Authorization:
      - OAuth <tutor_specs_oauth_token>
      Accept-Encoding:
      - gzip;q=1.0,deflate;q=0.6,identity;q=0.3
      Accept:
      - "*/*"
  response:
    status:
      code: 204
      message: No Content
    headers:
      Date:
      - Sun, 11 Jun 2017 03:47:59 GMT
      Strict-Transport-Security:
      - max-age=31536000; includeSubDomains
      X-Content-Type-Options:
      - nosniff
      X-Xss-Protection:
      - 1; mode=block
      Content-Security-Policy:
      - referrer origin-when-cross-origin; upgrade-insecure-requests
      Set-Cookie:
      - BrowserId=A2Dk2UpqR9utDZ16WZfBFw;Path=/;Domain=.salesforce.com;Expires=Thu,
        10-Aug-2017 03:47:59 GMT
      Expires:
      - Thu, 01 Jan 1970 00:00:00 GMT
      Sforce-Limit-Info:
      - api-usage=1178/48000
    body:
      encoding: UTF-8
      string: ''
    http_version: 
  recorded_at: Sun, 11 Jun 2017 03:47:59 GMT
- request:
    method: get
    uri: "<tutor_specs_instance_url>/services/data/v37.0/query?q=SELECT%20Id,%20accounts_uuid__c,%20Contact__c,%20pardot_reported_contact_id__c,%20pardot_reported_piaid__c,%20pardot_reported_picid__c,%20first_teacher_contact_id__c,%20arrived_marketing_page_from_pardot_at__c,%20days_since_arrived_marketing_page_from_p__c,%20arrived_marketing_page_not_from_pardot_a__c,%20preview_created_at__c,%20real_course_created_at__c,%20like_preview_ask_later_count__c,%20like_preview_yes_at__c,%20days_since_like_preview_yes__c,%20latest_adoption_decision__c,%20latest_adoption_decision_at__c%20FROM%20TutorOnboardingA__c%20WHERE%20(Id%20=%20%27a0K0v000000HfjnEAC%27)%20LIMIT%201"
    body:
      encoding: US-ASCII
      string: ''
    headers:
      User-Agent:
      - Faraday v0.9.2
      Authorization:
      - OAuth <tutor_specs_oauth_token>
      Accept-Encoding:
      - gzip;q=1.0,deflate;q=0.6,identity;q=0.3
      Accept:
      - "*/*"
  response:
    status:
      code: 200
      message: OK
    headers:
      Date:
      - Sun, 11 Jun 2017 03:47:59 GMT
      Strict-Transport-Security:
      - max-age=31536000; includeSubDomains
      X-Content-Type-Options:
      - nosniff
      X-Xss-Protection:
      - 1; mode=block
      Content-Security-Policy:
      - referrer origin-when-cross-origin; upgrade-insecure-requests
      Set-Cookie:
      - BrowserId=Cl7mTvhvQlyPUOPmQsaLug;Path=/;Domain=.salesforce.com;Expires=Thu,
        10-Aug-2017 03:47:59 GMT
      Expires:
      - Thu, 01 Jan 1970 00:00:00 GMT
      Sforce-Limit-Info:
      - api-usage=1182/48000
      Content-Type:
      - application/json;charset=UTF-8
      Vary:
      - Accept-Encoding
      Transfer-Encoding:
      - chunked
    body:
      encoding: ASCII-8BIT
      string: '{"totalSize":1,"done":true,"records":[{"attributes":{"type":"TutorOnboardingA__c","url":"/services/data/v37.0/sobjects/TutorOnboardingA__c/a0K0v000000HfjnEAC"},"Id":"a0K0v000000HfjnEAC","accounts_uuid__c":"<USER_SF_A_UUID>","Contact__c":null,"pardot_reported_contact_id__c":null,"pardot_reported_piaid__c":null,"pardot_reported_picid__c":null,"first_teacher_contact_id__c":"0030v000002CiKnAAK","arrived_marketing_page_from_pardot_at__c":null,"days_since_arrived_marketing_page_from_p__c":null,"arrived_marketing_page_not_from_pardot_a__c":null,"preview_created_at__c":null,"real_course_created_at__c":null,"like_preview_ask_later_count__c":2.0,"like_preview_yes_at__c":null,"days_since_like_preview_yes__c":null,"latest_adoption_decision__c":null,"latest_adoption_decision_at__c":null}]}'
    http_version: 
  recorded_at: Sun, 11 Jun 2017 03:48:00 GMT
- request:
    method: delete
    uri: "<tutor_specs_instance_url>/services/data/v37.0/sobjects/TutorOnboardingA__c/a0K0v000000HfjnEAC"
    body:
      encoding: US-ASCII
      string: ''
    headers:
      User-Agent:
      - Faraday v0.9.2
      Authorization:
      - OAuth <tutor_specs_oauth_token>
      Accept-Encoding:
      - gzip;q=1.0,deflate;q=0.6,identity;q=0.3
      Accept:
      - "*/*"
  response:
    status:
      code: 204
      message: No Content
    headers:
      Date:
      - Sun, 11 Jun 2017 03:48:00 GMT
      Strict-Transport-Security:
      - max-age=31536000; includeSubDomains
      X-Content-Type-Options:
      - nosniff
      X-Xss-Protection:
      - 1; mode=block
      Content-Security-Policy:
      - referrer origin-when-cross-origin; upgrade-insecure-requests
      Set-Cookie:
      - BrowserId=PAFwq3vrRCa0UnHyGauzeQ;Path=/;Domain=.salesforce.com;Expires=Thu,
        10-Aug-2017 03:48:00 GMT
      Expires:
      - Thu, 01 Jan 1970 00:00:00 GMT
      Sforce-Limit-Info:
      - api-usage=1179/48000
    body:
      encoding: UTF-8
      string: ''
    http_version: 
  recorded_at: Sun, 11 Jun 2017 03:48:00 GMT
recorded_with: VCR 2.9.3
