---
http_interactions:
- request:
    method: post
    uri: "<tutor_specs_instance_url>/services/data/v37.0/sobjects/Contact"
    body:
      encoding: UTF-8
      string: '{"FirstName":"Van","LastName":"Cruickshank","AccountId":"001W000000cnIFcIAM"}'
    headers:
      User-Agent:
      - Faraday v0.9.2
      Content-Type:
      - application/json
      Authorization:
      - OAuth <tutor_specs_oauth_token>
      Accept-Encoding:
      - gzip;q=1.0,deflate;q=0.6,identity;q=0.3
      Accept:
      - "*/*"
  response:
    status:
      code: 201
      message: Created
    headers:
      Connection:
      - close
      Date:
      - Thu, 28 Dec 2017 22:04:57 GMT
      Strict-Transport-Security:
      - max-age=31536000; includeSubDomains
      X-Content-Type-Options:
      - nosniff
      X-Xss-Protection:
      - 1; mode=block
      Content-Security-Policy:
      - upgrade-insecure-requests
      Cache-Control:
      - no-cache,must-revalidate,max-age=0,no-store,private
      Set-Cookie:
      - BrowserId=-lVJwHg5Svao5KlKLroPwA;Path=/;Domain=.salesforce.com;Expires=Mon,
        26-Feb-2018 22:04:57 GMT;Max-Age=5184000
      Expires:
      - Thu, 01 Jan 1970 00:00:00 GMT
      Sforce-Limit-Info:
      - api-usage=831/48000
      Location:
      - "/services/data/v37.0/sobjects/Contact/003W000000l6IkEIAU"
      Content-Type:
      - application/json;charset=UTF-8
      Vary:
      - Accept-Encoding
    body:
      encoding: ASCII-8BIT
      string: '{"id":"003W000000l6IkEIAU","success":true,"errors":[]}'
    http_version: 
  recorded_at: Thu, 28 Dec 2017 22:04:59 GMT
- request:
    method: post
    uri: "<tutor_specs_instance_url>/services/data/v37.0/sobjects/Campaign"
    body:
      encoding: UTF-8
      string: '{"Name":"298ec0e776f8a52e"}'
    headers:
      User-Agent:
      - Faraday v0.9.2
      Content-Type:
      - application/json
      Authorization:
      - OAuth <tutor_specs_oauth_token>
      Accept-Encoding:
      - gzip;q=1.0,deflate;q=0.6,identity;q=0.3
      Accept:
      - "*/*"
  response:
    status:
      code: 201
      message: Created
    headers:
      Connection:
      - close
      Date:
      - Thu, 28 Dec 2017 22:04:59 GMT
      Strict-Transport-Security:
      - max-age=31536000; includeSubDomains
      X-Content-Type-Options:
      - nosniff
      X-Xss-Protection:
      - 1; mode=block
      Content-Security-Policy:
      - upgrade-insecure-requests
      Cache-Control:
      - no-cache,must-revalidate,max-age=0,no-store,private
      Set-Cookie:
      - BrowserId=UXsDGfQiTtmNEkX8gfJflA;Path=/;Domain=.salesforce.com;Expires=Mon,
        26-Feb-2018 22:04:59 GMT;Max-Age=5184000
      Expires:
      - Thu, 01 Jan 1970 00:00:00 GMT
      Sforce-Limit-Info:
      - api-usage=831/48000
      Location:
      - "/services/data/v37.0/sobjects/Campaign/701W0000000SlbMIAS"
      Content-Type:
      - application/json;charset=UTF-8
      Vary:
      - Accept-Encoding
    body:
      encoding: ASCII-8BIT
      string: '{"id":"701W0000000SlbMIAS","success":true,"errors":[]}'
    http_version: 
  recorded_at: Thu, 28 Dec 2017 22:04:59 GMT
- request:
    method: post
    uri: "<tutor_specs_instance_url>/services/data/v37.0/sobjects/CampaignMember"
    body:
      encoding: UTF-8
      string: '{"CampaignId":"701W0000000SlbMIAS","ContactId":"003W000000l6IkEIAU"}'
    headers:
      User-Agent:
      - Faraday v0.9.2
      Content-Type:
      - application/json
      Authorization:
      - OAuth <tutor_specs_oauth_token>
      Accept-Encoding:
      - gzip;q=1.0,deflate;q=0.6,identity;q=0.3
      Accept:
      - "*/*"
  response:
    status:
      code: 201
      message: Created
    headers:
      Connection:
      - close
      Date:
      - Thu, 28 Dec 2017 22:05:00 GMT
      Strict-Transport-Security:
      - max-age=31536000; includeSubDomains
      X-Content-Type-Options:
      - nosniff
      X-Xss-Protection:
      - 1; mode=block
      Content-Security-Policy:
      - upgrade-insecure-requests
      Cache-Control:
      - no-cache,must-revalidate,max-age=0,no-store,private
      Set-Cookie:
      - BrowserId=SaucznTDQZ6ATgWqy3RsYg;Path=/;Domain=.salesforce.com;Expires=Mon,
        26-Feb-2018 22:05:00 GMT;Max-Age=5184000
      Expires:
      - Thu, 01 Jan 1970 00:00:00 GMT
      Sforce-Limit-Info:
      - api-usage=831/48000
      Location:
      - "/services/data/v37.0/sobjects/CampaignMember/00vW0000003Q6ZLIA0"
      Content-Type:
      - application/json;charset=UTF-8
      Vary:
      - Accept-Encoding
    body:
      encoding: ASCII-8BIT
      string: '{"id":"00vW0000003Q6ZLIA0","success":true,"errors":[]}'
    http_version: 
  recorded_at: Thu, 28 Dec 2017 22:05:00 GMT
- request:
    method: get
    uri: "<tutor_specs_instance_url>/services/data/v37.0/query?q=SELECT%20Id,%20Status__c,%20Product__c,%20Account_Type__c,%20Book_Name__c,%20Course_Start_Date__c,%20Course_Name__c,%20Course_Code__c,%20External_ID__c,%20External_UUID__c,%20E_Created_Date__c,%20Error__c,%20General_Access_URL__c,%20Teacher_Join_URL__c,%20School_Name__c,%20Active_Teachers__c,%20Sections__c,%20Students_Using__c,%20Students_Paid__c,%20Students_Comped__c,%20Students_Refunded__c,%20Students_Dropped__c,%20Students_With_Work__c,%20TermYear__c,%20Term__c,%20Manual_Base_Year__c,%20Estimated_Enrollment__c,%20Paid_Course__c,%20Opportunity__c,%20Individual_Adoption__c,%20Contact__c,%20Campaign_Member_ID__c,%20latest_adoption_decision__c%20FROM%20OS_Ancillary__c%20WHERE%20(External_UUID__c%20=%20%27<UUID_0>%27)"
    body:
      encoding: US-ASCII
      string: ''
    headers:
      User-Agent:
      - Faraday v0.9.2
      Authorization:
      - OAuth <tutor_specs_oauth_token>
      Accept-Encoding:
      - gzip;q=1.0,deflate;q=0.6,identity;q=0.3
      Accept:
      - "*/*"
  response:
    status:
      code: 200
      message: OK
    headers:
      Connection:
      - close
      Date:
      - Thu, 28 Dec 2017 22:05:04 GMT
      Strict-Transport-Security:
      - max-age=31536000; includeSubDomains
      X-Content-Type-Options:
      - nosniff
      X-Xss-Protection:
      - 1; mode=block
      Content-Security-Policy:
      - upgrade-insecure-requests
      Cache-Control:
      - no-cache,must-revalidate,max-age=0,no-store,private
      Set-Cookie:
      - BrowserId=5cbdQXPeTZWmulRR8zowtA;Path=/;Domain=.salesforce.com;Expires=Mon,
        26-Feb-2018 22:05:04 GMT;Max-Age=5184000
      Expires:
      - Thu, 01 Jan 1970 00:00:00 GMT
      Sforce-Limit-Info:
      - api-usage=837/48000
      Content-Type:
      - application/json;charset=UTF-8
      Vary:
      - Accept-Encoding
    body:
      encoding: ASCII-8BIT
      string: '{"totalSize":0,"done":true,"records":[]}'
    http_version: 
  recorded_at: Thu, 28 Dec 2017 22:05:04 GMT
- request:
    method: get
    uri: "<tutor_specs_instance_url>/services/data/v37.0/query?q=SELECT%20Id,%20Book_Text__c,%20Contact__c,%20Book__c,%20Account__c,%20School_Year__c,%20Fall_Start_Date__c,%20Summer_Start_Date__c,%20Winter_Start_Date__c,%20Spring_Start_Date__c,%20Adoption_Level__c,%20Description__c,%20Source__c,%20TermYear__c,%20Class_Start_Date__c%20FROM%20Individual_Adoption__c%20WHERE%20(Contact__c%20=%20%27003W000000l6IkEIAU%27)%20AND%20(Book_Text__c%20=%20%27Chemistry%27)%20AND%20(School_Year__c%20=%20%272016%20-%2017%27)"
    body:
      encoding: US-ASCII
      string: ''
    headers:
      User-Agent:
      - Faraday v0.9.2
      Authorization:
      - OAuth <tutor_specs_oauth_token>
      Accept-Encoding:
      - gzip;q=1.0,deflate;q=0.6,identity;q=0.3
      Accept:
      - "*/*"
  response:
    status:
      code: 200
      message: OK
    headers:
      Connection:
      - close
      Date:
      - Thu, 28 Dec 2017 22:05:05 GMT
      Strict-Transport-Security:
      - max-age=31536000; includeSubDomains
      X-Content-Type-Options:
      - nosniff
      X-Xss-Protection:
      - 1; mode=block
      Content-Security-Policy:
      - upgrade-insecure-requests
      Cache-Control:
      - no-cache,must-revalidate,max-age=0,no-store,private
      Set-Cookie:
      - BrowserId=RxUK5Qs6RRem69dQ-vPS4Q;Path=/;Domain=.salesforce.com;Expires=Mon,
        26-Feb-2018 22:05:05 GMT;Max-Age=5184000
      Expires:
      - Thu, 01 Jan 1970 00:00:00 GMT
      Sforce-Limit-Info:
      - api-usage=837/48000
      Content-Type:
      - application/json;charset=UTF-8
      Vary:
      - Accept-Encoding
    body:
      encoding: ASCII-8BIT
      string: '{"totalSize":0,"done":true,"records":[]}'
    http_version: 
  recorded_at: Thu, 28 Dec 2017 22:05:05 GMT
- request:
    method: get
    uri: "<tutor_specs_instance_url>/services/data/v37.0/query?q=SELECT%20Id,%20Name,%20FirstName,%20LastName,%20Email,%20Email_alt__c,%20Faculty_Confirmed_Date__c,%20Faculty_Verified__c,%20LastModifiedDate,%20AccountId,%20SendFacultyVerificationTo__c,%20All_Emails__c,%20Confirmed_Emails__c%20FROM%20Contact%20WHERE%20(Id%20=%20%27003W000000l6IkEIAU%27)%20LIMIT%201"
    body:
      encoding: US-ASCII
      string: ''
    headers:
      User-Agent:
      - Faraday v0.9.2
      Authorization:
      - OAuth <tutor_specs_oauth_token>
      Accept-Encoding:
      - gzip;q=1.0,deflate;q=0.6,identity;q=0.3
      Accept:
      - "*/*"
  response:
    status:
      code: 200
      message: OK
    headers:
      Connection:
      - close
      Date:
      - Thu, 28 Dec 2017 22:05:05 GMT
      Strict-Transport-Security:
      - max-age=31536000; includeSubDomains
      X-Content-Type-Options:
      - nosniff
      X-Xss-Protection:
      - 1; mode=block
      Content-Security-Policy:
      - upgrade-insecure-requests
      Cache-Control:
      - no-cache,must-revalidate,max-age=0,no-store,private
      Set-Cookie:
      - BrowserId=cuxrSPAYRsm0fZQpcQyrXA;Path=/;Domain=.salesforce.com;Expires=Mon,
        26-Feb-2018 22:05:05 GMT;Max-Age=5184000
      Expires:
      - Thu, 01 Jan 1970 00:00:00 GMT
      Sforce-Limit-Info:
      - api-usage=838/48000
      Content-Type:
      - application/json;charset=UTF-8
      Vary:
      - Accept-Encoding
    body:
      encoding: ASCII-8BIT
      string: '{"totalSize":1,"done":true,"records":[{"attributes":{"type":"Contact","url":"/services/data/v37.0/sobjects/Contact/003W000000l6IkEIAU"},"Id":"003W000000l6IkEIAU","Name":"Van
        Cruickshank","FirstName":"Van","LastName":"Cruickshank","Email":null,"Email_alt__c":null,"Faculty_Confirmed_Date__c":null,"Faculty_Verified__c":null,"LastModifiedDate":"2017-12-28T22:04:59.000+0000","AccountId":"001W000000cnIFcIAM","SendFacultyVerificationTo__c":null,"All_Emails__c":null,"Confirmed_Emails__c":null}]}'
    http_version: 
  recorded_at: Thu, 28 Dec 2017 22:05:05 GMT
- request:
    method: get
    uri: "<tutor_specs_instance_url>/services/data/v37.0/query?q=SELECT%20Id,%20Name%20FROM%20Book__c"
    body:
      encoding: US-ASCII
      string: ''
    headers:
      User-Agent:
      - Faraday v0.9.2
      Authorization:
      - OAuth <tutor_specs_oauth_token>
      Accept-Encoding:
      - gzip;q=1.0,deflate;q=0.6,identity;q=0.3
      Accept:
      - "*/*"
  response:
    status:
      code: 200
      message: OK
    headers:
      Connection:
      - close
      Date:
      - Thu, 28 Dec 2017 22:05:05 GMT
      Strict-Transport-Security:
      - max-age=31536000; includeSubDomains
      X-Content-Type-Options:
      - nosniff
      X-Xss-Protection:
      - 1; mode=block
      Content-Security-Policy:
      - upgrade-insecure-requests
      Cache-Control:
      - no-cache,must-revalidate,max-age=0,no-store,private
      Set-Cookie:
      - BrowserId=TDsH-_jfSLmyEIgC0eVAXA;Path=/;Domain=.salesforce.com;Expires=Mon,
        26-Feb-2018 22:05:05 GMT;Max-Age=5184000
      Expires:
      - Thu, 01 Jan 1970 00:00:00 GMT
      Sforce-Limit-Info:
      - api-usage=838/48000
      Content-Type:
      - application/json;charset=UTF-8
      Vary:
      - Accept-Encoding
    body:
      encoding: ASCII-8BIT
      string: '{"totalSize":2,"done":true,"records":[{"attributes":{"type":"Book__c","url":"/services/data/v37.0/sobjects/Book__c/a0ZW00000027grVMAQ"},"Id":"a0ZW00000027grVMAQ","Name":"Chemistry"},{"attributes":{"type":"Book__c","url":"/services/data/v37.0/sobjects/Book__c/a0ZW00000027graMAA"},"Id":"a0ZW00000027graMAA","Name":"Physics"}]}'
    http_version: 
  recorded_at: Thu, 28 Dec 2017 22:05:05 GMT
- request:
    method: post
    uri: "<tutor_specs_instance_url>/services/data/v37.0/sobjects/Individual_Adoption__c"
    body:
      encoding: UTF-8
      string: '{"Contact__c":"003W000000l6IkEIAU","Book__c":"a0ZW00000027grVMAQ","Account__c":"001W000000cnIFcIAM","Adoption_Level__c":"Confirmed
        Adoption Won","Description__c":"2017-12-28, some name, Created by Tutor","Source__c":"Tutor
        Signup"}'
    headers:
      User-Agent:
      - Faraday v0.9.2
      Content-Type:
      - application/json
      Authorization:
      - OAuth <tutor_specs_oauth_token>
      Accept-Encoding:
      - gzip;q=1.0,deflate;q=0.6,identity;q=0.3
      Accept:
      - "*/*"
  response:
    status:
      code: 201
      message: Created
    headers:
      Connection:
      - close
      Date:
      - Thu, 28 Dec 2017 22:05:06 GMT
      Strict-Transport-Security:
      - max-age=31536000; includeSubDomains
      Content-Security-Policy-Report-Only:
      - 'default-src https:; script-src https: ''unsafe-inline'' ''unsafe-eval'';
        style-src https: ''unsafe-inline''; img-src https: data:; frame-ancestors
        ''self'' *.salesforce.com *.force.com; font-src https: data:; connect-src
        ''self'' https:; report-uri /_/ContentDomainCSP?type=appserver'
      X-Content-Type-Options:
      - nosniff
      X-Xss-Protection:
      - 1; mode=block
      Content-Security-Policy:
      - upgrade-insecure-requests
      Cache-Control:
      - no-cache,must-revalidate,max-age=0,no-store,private
      Set-Cookie:
      - BrowserId=5ubkqfbkT2SUyzvVwUs2ig;Path=/;Domain=.salesforce.com;Expires=Mon,
        26-Feb-2018 22:05:06 GMT;Max-Age=5184000
      Expires:
      - Thu, 01 Jan 1970 00:00:00 GMT
      Sforce-Limit-Info:
      - api-usage=839/48000
      Location:
      - "/services/data/v37.0/sobjects/Individual_Adoption__c/a1WW0000001GVwGMAW"
      Content-Type:
      - application/json;charset=UTF-8
      Vary:
      - Accept-Encoding
    body:
      encoding: ASCII-8BIT
      string: '{"id":"a1WW0000001GVwGMAW","success":true,"errors":[]}'
    http_version: 
  recorded_at: Thu, 28 Dec 2017 22:05:08 GMT
- request:
    method: post
    uri: "<tutor_specs_instance_url>/services/data/v37.0/sobjects/OS_Ancillary__c"
    body:
      encoding: UTF-8
      string: '{"Product__c":"Tutor","Term__c":"Spring","Manual_Base_Year__c":2016,"Individual_Adoption__c":"a1WW0000001GVwGMAW","Contact__c":"003W000000l6IkEIAU"}'
    headers:
      User-Agent:
      - Faraday v0.9.2
      Content-Type:
      - application/json
      Authorization:
      - OAuth <tutor_specs_oauth_token>
      Accept-Encoding:
      - gzip;q=1.0,deflate;q=0.6,identity;q=0.3
      Accept:
      - "*/*"
  response:
    status:
      code: 201
      message: Created
    headers:
      Connection:
      - close
      Date:
      - Thu, 28 Dec 2017 22:05:08 GMT
      Strict-Transport-Security:
      - max-age=31536000; includeSubDomains
      X-Content-Type-Options:
      - nosniff
      X-Xss-Protection:
      - 1; mode=block
      Content-Security-Policy:
      - upgrade-insecure-requests
      Cache-Control:
      - no-cache,must-revalidate,max-age=0,no-store,private
      Set-Cookie:
      - BrowserId=MEgAABDJQ9ui9jG7cjRyZg;Path=/;Domain=.salesforce.com;Expires=Mon,
        26-Feb-2018 22:05:08 GMT;Max-Age=5184000
      Expires:
      - Thu, 01 Jan 1970 00:00:00 GMT
      Sforce-Limit-Info:
      - api-usage=836/48000
      Location:
      - "/services/data/v37.0/sobjects/OS_Ancillary__c/a1SW0000008GNW7MAO"
      Content-Type:
      - application/json;charset=UTF-8
      Vary:
      - Accept-Encoding
    body:
      encoding: ASCII-8BIT
      string: '{"id":"a1SW0000008GNW7MAO","success":true,"errors":[]}'
    http_version: 
  recorded_at: Thu, 28 Dec 2017 22:05:12 GMT
- request:
    method: get
    uri: "<tutor_specs_instance_url>/services/data/v37.0/query?q=SELECT%20Id,%20Status__c,%20Product__c,%20Account_Type__c,%20Book_Name__c,%20Course_Start_Date__c,%20Course_Name__c,%20Course_Code__c,%20External_ID__c,%20External_UUID__c,%20E_Created_Date__c,%20Error__c,%20General_Access_URL__c,%20Teacher_Join_URL__c,%20School_Name__c,%20Active_Teachers__c,%20Sections__c,%20Students_Using__c,%20Students_Paid__c,%20Students_Comped__c,%20Students_Refunded__c,%20Students_Dropped__c,%20Students_With_Work__c,%20TermYear__c,%20Term__c,%20Manual_Base_Year__c,%20Estimated_Enrollment__c,%20Paid_Course__c,%20Opportunity__c,%20Individual_Adoption__c,%20Contact__c,%20Campaign_Member_ID__c,%20latest_adoption_decision__c%20FROM%20OS_Ancillary__c%20WHERE%20(Id%20=%20%27a1SW0000008GNW7MAO%27)%20LIMIT%201"
    body:
      encoding: US-ASCII
      string: ''
    headers:
      User-Agent:
      - Faraday v0.9.2
      Authorization:
      - OAuth <tutor_specs_oauth_token>
      Accept-Encoding:
      - gzip;q=1.0,deflate;q=0.6,identity;q=0.3
      Accept:
      - "*/*"
  response:
    status:
      code: 200
      message: OK
    headers:
      Connection:
      - close
      Date:
      - Thu, 28 Dec 2017 22:05:12 GMT
      Strict-Transport-Security:
      - max-age=31536000; includeSubDomains
      X-Content-Type-Options:
      - nosniff
      X-Xss-Protection:
      - 1; mode=block
      Content-Security-Policy:
      - upgrade-insecure-requests
      Cache-Control:
      - no-cache,must-revalidate,max-age=0,no-store,private
      Set-Cookie:
      - BrowserId=qsJG6Q1gSgKy-rQyFs31zA;Path=/;Domain=.salesforce.com;Expires=Mon,
        26-Feb-2018 22:05:12 GMT;Max-Age=5184000
      Expires:
      - Thu, 01 Jan 1970 00:00:00 GMT
      Sforce-Limit-Info:
      - api-usage=836/48000
      Content-Type:
      - application/json;charset=UTF-8
      Vary:
      - Accept-Encoding
    body:
      encoding: ASCII-8BIT
      string: '{"totalSize":1,"done":true,"records":[{"attributes":{"type":"OS_Ancillary__c","url":"/services/data/v37.0/sobjects/OS_Ancillary__c/a1SW0000008GNW7MAO"},"Id":"a1SW0000008GNW7MAO","Status__c":null,"Product__c":"Tutor","Account_Type__c":null,"Book_Name__c":"Chemistry","Course_Start_Date__c":null,"Course_Name__c":null,"Course_Code__c":null,"External_ID__c":null,"External_UUID__c":null,"E_Created_Date__c":null,"Error__c":null,"General_Access_URL__c":null,"Teacher_Join_URL__c":null,"School_Name__c":"JP
        University","Active_Teachers__c":null,"Sections__c":null,"Students_Using__c":null,"Students_Paid__c":null,"Students_Comped__c":null,"Students_Refunded__c":null,"Students_Dropped__c":null,"Students_With_Work__c":null,"TermYear__c":"2015
        - 16 Spring","Term__c":"Spring","Manual_Base_Year__c":2016.0,"Estimated_Enrollment__c":null,"Paid_Course__c":false,"Opportunity__c":null,"Individual_Adoption__c":"a1WW0000001GVwGMAW","Contact__c":"003W000000l6IkEIAU","Campaign_Member_ID__c":null,"latest_adoption_decision__c":"I
        dont know yet"}]}'
    http_version: 
  recorded_at: Thu, 28 Dec 2017 22:05:12 GMT
- request:
    method: patch
    uri: "<tutor_specs_instance_url>/services/data/v37.0/sobjects/OS_Ancillary__c/a1SW0000008GNW7MAO"
    body:
      encoding: UTF-8
      string: '{"Status__c":"Approved","Course_Start_Date__c":"2017-01-01","Course_Name__c":"A
        Fun Course","External_ID__c":1,"External_UUID__c":"<UUID_0>","E_Created_Date__c":"2017-12-28T22:05:00Z","Teacher_Join_URL__c":"http://localhost:3001/teach/e5db6d60a9933f4ff6d8a62501c0fa02/DO_NOT_GIVE_TO_STUDENTS","Active_Teachers__c":1,"Sections__c":2,"Students_Using__c":6,"Students_Paid__c":1,"Students_Comped__c":2,"Students_Refunded__c":1,"Students_Dropped__c":1,"Students_With_Work__c":2,"Estimated_Enrollment__c":42,"Paid_Course__c":true,"Campaign_Member_ID__c":"00vW0000003Q6ZLIA0","latest_adoption_decision__c":"For
        course credit"}'
    headers:
      User-Agent:
      - Faraday v0.9.2
      Content-Type:
      - application/json
      Authorization:
      - OAuth <tutor_specs_oauth_token>
      Accept-Encoding:
      - gzip;q=1.0,deflate;q=0.6,identity;q=0.3
      Accept:
      - "*/*"
  response:
    status:
      code: 204
      message: No Content
    headers:
      Date:
      - Thu, 28 Dec 2017 22:05:12 GMT
      Strict-Transport-Security:
      - max-age=31536000; includeSubDomains
      X-Content-Type-Options:
      - nosniff
      X-Xss-Protection:
      - 1; mode=block
      Content-Security-Policy:
      - upgrade-insecure-requests
      Cache-Control:
      - no-cache,must-revalidate,max-age=0,no-store,private
      Set-Cookie:
      - BrowserId=SnCFkGR1TFGa0x2uF0ZkSw;Path=/;Domain=.salesforce.com;Expires=Mon,
        26-Feb-2018 22:05:12 GMT;Max-Age=5184000
      Expires:
      - Thu, 01 Jan 1970 00:00:00 GMT
      Sforce-Limit-Info:
      - api-usage=837/48000
    body:
      encoding: UTF-8
      string: ''
    http_version: 
  recorded_at: Thu, 28 Dec 2017 22:05:14 GMT
- request:
    method: get
    uri: "<tutor_specs_instance_url>/services/data/v37.0/query?q=SELECT%20Id,%20Book_Text__c,%20Contact__c,%20Book__c,%20Account__c,%20School_Year__c,%20Fall_Start_Date__c,%20Summer_Start_Date__c,%20Winter_Start_Date__c,%20Spring_Start_Date__c,%20Adoption_Level__c,%20Description__c,%20Source__c,%20TermYear__c,%20Class_Start_Date__c%20FROM%20Individual_Adoption__c%20WHERE%20(Contact__c%20=%20%27003W000000l6IkEIAU%27)"
    body:
      encoding: US-ASCII
      string: ''
    headers:
      User-Agent:
      - Faraday v0.9.2
      Authorization:
      - OAuth <tutor_specs_oauth_token>
      Accept-Encoding:
      - gzip;q=1.0,deflate;q=0.6,identity;q=0.3
      Accept:
      - "*/*"
  response:
    status:
      code: 200
      message: OK
    headers:
      Connection:
      - close
      Date:
      - Thu, 28 Dec 2017 22:05:14 GMT
      Strict-Transport-Security:
      - max-age=31536000; includeSubDomains
      X-Content-Type-Options:
      - nosniff
      X-Xss-Protection:
      - 1; mode=block
      Content-Security-Policy:
      - upgrade-insecure-requests
      Cache-Control:
      - no-cache,must-revalidate,max-age=0,no-store,private
      Set-Cookie:
      - BrowserId=uwxnNneMTKaG5SYaLi7Mww;Path=/;Domain=.salesforce.com;Expires=Mon,
        26-Feb-2018 22:05:14 GMT;Max-Age=5184000
      Expires:
      - Thu, 01 Jan 1970 00:00:00 GMT
      Sforce-Limit-Info:
      - api-usage=838/48000
      Content-Type:
      - application/json;charset=UTF-8
      Vary:
      - Accept-Encoding
    body:
      encoding: ASCII-8BIT
      string: '{"totalSize":1,"done":true,"records":[{"attributes":{"type":"Individual_Adoption__c","url":"/services/data/v37.0/sobjects/Individual_Adoption__c/a1WW0000001GVwGMAW"},"Id":"a1WW0000001GVwGMAW","Book_Text__c":"Chemistry","Contact__c":"003W000000l6IkEIAU","Book__c":"a0ZW00000027grVMAQ","Account__c":"001W000000cnIFcIAM","School_Year__c":"2015
        - 16","Fall_Start_Date__c":null,"Summer_Start_Date__c":null,"Winter_Start_Date__c":null,"Spring_Start_Date__c":"2016-01-05","Adoption_Level__c":"Confirmed
        Adoption Won","Description__c":"2017-12-28, some name, Created by Tutor","Source__c":"Tutor
        Signup","TermYear__c":"2015 - 16 Spring","Class_Start_Date__c":null}]}'
    http_version: 
  recorded_at: Thu, 28 Dec 2017 22:05:14 GMT
- request:
    method: get
    uri: "<tutor_specs_instance_url>/services/data/v37.0/query?q=SELECT%20Id,%20Name%20FROM%20Account%20WHERE%20(Id%20=%20%27001W000000cnIFcIAM%27)%20LIMIT%201"
    body:
      encoding: US-ASCII
      string: ''
    headers:
      User-Agent:
      - Faraday v0.9.2
      Authorization:
      - OAuth <tutor_specs_oauth_token>
      Accept-Encoding:
      - gzip;q=1.0,deflate;q=0.6,identity;q=0.3
      Accept:
      - "*/*"
  response:
    status:
      code: 200
      message: OK
    headers:
      Connection:
      - close
      Date:
      - Thu, 28 Dec 2017 22:05:14 GMT
      Strict-Transport-Security:
      - max-age=31536000; includeSubDomains
      X-Content-Type-Options:
      - nosniff
      X-Xss-Protection:
      - 1; mode=block
      Content-Security-Policy:
      - upgrade-insecure-requests
      Cache-Control:
      - no-cache,must-revalidate,max-age=0,no-store,private
      Set-Cookie:
      - BrowserId=SwJuM0dbTFSQLj82aGr1Uw;Path=/;Domain=.salesforce.com;Expires=Mon,
        26-Feb-2018 22:05:14 GMT;Max-Age=5184000
      Expires:
      - Thu, 01 Jan 1970 00:00:00 GMT
      Sforce-Limit-Info:
      - api-usage=837/48000
      Content-Type:
      - application/json;charset=UTF-8
      Vary:
      - Accept-Encoding
    body:
      encoding: ASCII-8BIT
      string: '{"totalSize":1,"done":true,"records":[{"attributes":{"type":"Account","url":"/services/data/v37.0/sobjects/Account/001W000000cnIFcIAM"},"Id":"001W000000cnIFcIAM","Name":"JP
        University"}]}'
    http_version: 
  recorded_at: Thu, 28 Dec 2017 22:05:14 GMT
- request:
    method: get
    uri: "<tutor_specs_instance_url>/services/data/v37.0/query?q=SELECT%20Id,%20Status__c,%20Product__c,%20Account_Type__c,%20Book_Name__c,%20Course_Start_Date__c,%20Course_Name__c,%20Course_Code__c,%20External_ID__c,%20External_UUID__c,%20E_Created_Date__c,%20Error__c,%20General_Access_URL__c,%20Teacher_Join_URL__c,%20School_Name__c,%20Active_Teachers__c,%20Sections__c,%20Students_Using__c,%20Students_Paid__c,%20Students_Comped__c,%20Students_Refunded__c,%20Students_Dropped__c,%20Students_With_Work__c,%20TermYear__c,%20Term__c,%20Manual_Base_Year__c,%20Estimated_Enrollment__c,%20Paid_Course__c,%20Opportunity__c,%20Individual_Adoption__c,%20Contact__c,%20Campaign_Member_ID__c,%20latest_adoption_decision__c%20FROM%20OS_Ancillary__c%20WHERE%20(Individual_Adoption__c%20=%20%27a1WW0000001GVwGMAW%27)%20LIMIT%201"
    body:
      encoding: US-ASCII
      string: ''
    headers:
      User-Agent:
      - Faraday v0.9.2
      Authorization:
      - OAuth <tutor_specs_oauth_token>
      Accept-Encoding:
      - gzip;q=1.0,deflate;q=0.6,identity;q=0.3
      Accept:
      - "*/*"
  response:
    status:
      code: 200
      message: OK
    headers:
      Connection:
      - close
      Date:
      - Thu, 28 Dec 2017 22:05:14 GMT
      Strict-Transport-Security:
      - max-age=31536000; includeSubDomains
      X-Content-Type-Options:
      - nosniff
      X-Xss-Protection:
      - 1; mode=block
      Content-Security-Policy:
      - upgrade-insecure-requests
      Cache-Control:
      - no-cache,must-revalidate,max-age=0,no-store,private
      Set-Cookie:
      - BrowserId=pGxk0iF8RVihQN6mWmrrTQ;Path=/;Domain=.salesforce.com;Expires=Mon,
        26-Feb-2018 22:05:14 GMT;Max-Age=5184000
      Expires:
      - Thu, 01 Jan 1970 00:00:00 GMT
      Sforce-Limit-Info:
      - api-usage=836/48000
      Content-Type:
      - application/json;charset=UTF-8
      Vary:
      - Accept-Encoding
    body:
      encoding: ASCII-8BIT
      string: '{"totalSize":1,"done":true,"records":[{"attributes":{"type":"OS_Ancillary__c","url":"/services/data/v37.0/sobjects/OS_Ancillary__c/a1SW0000008GNW7MAO"},"Id":"a1SW0000008GNW7MAO","Status__c":"Approved","Product__c":"Tutor","Account_Type__c":null,"Book_Name__c":"Chemistry","Course_Start_Date__c":"2017-01-01","Course_Name__c":"A
        Fun Course","Course_Code__c":null,"External_ID__c":"1","External_UUID__c":"<UUID_0>","E_Created_Date__c":"2017-12-28T22:05:00.000+0000","Error__c":null,"General_Access_URL__c":"https://tutor.openstax.org/courses/1/dashboard","Teacher_Join_URL__c":"http://localhost:3001/teach/e5db6d60a9933f4ff6d8a62501c0fa02/DO_NOT_GIVE_TO_STUDENTS","School_Name__c":"JP
        University","Active_Teachers__c":1.0,"Sections__c":2.0,"Students_Using__c":6.0,"Students_Paid__c":1.0,"Students_Comped__c":2.0,"Students_Refunded__c":1.0,"Students_Dropped__c":1.0,"Students_With_Work__c":2.0,"TermYear__c":"2015
        - 16 Spring","Term__c":"Spring","Manual_Base_Year__c":2016.0,"Estimated_Enrollment__c":42.0,"Paid_Course__c":true,"Opportunity__c":null,"Individual_Adoption__c":"a1WW0000001GVwGMAW","Contact__c":"003W000000l6IkEIAU","Campaign_Member_ID__c":"00vW0000003Q6ZLIA0","latest_adoption_decision__c":"For
        course credit"}]}'
    http_version: 
  recorded_at: Thu, 28 Dec 2017 22:05:14 GMT
- request:
    method: get
    uri: "<tutor_specs_instance_url>/services/data/v37.0/query?q=SELECT%20Id,%20Status__c,%20Product__c,%20Account_Type__c,%20Book_Name__c,%20Course_Start_Date__c,%20Course_Name__c,%20Course_Code__c,%20External_ID__c,%20External_UUID__c,%20E_Created_Date__c,%20Error__c,%20General_Access_URL__c,%20Teacher_Join_URL__c,%20School_Name__c,%20Active_Teachers__c,%20Sections__c,%20Students_Using__c,%20Students_Paid__c,%20Students_Comped__c,%20Students_Refunded__c,%20Students_Dropped__c,%20Students_With_Work__c,%20TermYear__c,%20Term__c,%20Manual_Base_Year__c,%20Estimated_Enrollment__c,%20Paid_Course__c,%20Opportunity__c,%20Individual_Adoption__c,%20Contact__c,%20Campaign_Member_ID__c,%20latest_adoption_decision__c%20FROM%20OS_Ancillary__c%20WHERE%20(Id%20=%20%27a1SW0000008GNW7MAO%27)%20LIMIT%201"
    body:
      encoding: US-ASCII
      string: ''
    headers:
      User-Agent:
      - Faraday v0.9.2
      Authorization:
      - OAuth <tutor_specs_oauth_token>
      Accept-Encoding:
      - gzip;q=1.0,deflate;q=0.6,identity;q=0.3
      Accept:
      - "*/*"
  response:
    status:
      code: 200
      message: OK
    headers:
      Connection:
      - close
      Date:
      - Thu, 28 Dec 2017 22:05:15 GMT
      Strict-Transport-Security:
      - max-age=31536000; includeSubDomains
      X-Content-Type-Options:
      - nosniff
      X-Xss-Protection:
      - 1; mode=block
      Content-Security-Policy:
      - upgrade-insecure-requests
      Cache-Control:
      - no-cache,must-revalidate,max-age=0,no-store,private
      Set-Cookie:
      - BrowserId=chVnzeffS46V2x6ox-qkMQ;Path=/;Domain=.salesforce.com;Expires=Mon,
        26-Feb-2018 22:05:15 GMT;Max-Age=5184000
      Expires:
      - Thu, 01 Jan 1970 00:00:00 GMT
      Sforce-Limit-Info:
      - api-usage=836/48000
      Content-Type:
      - application/json;charset=UTF-8
      Vary:
      - Accept-Encoding
    body:
      encoding: ASCII-8BIT
      string: '{"totalSize":1,"done":true,"records":[{"attributes":{"type":"OS_Ancillary__c","url":"/services/data/v37.0/sobjects/OS_Ancillary__c/a1SW0000008GNW7MAO"},"Id":"a1SW0000008GNW7MAO","Status__c":"Approved","Product__c":"Tutor","Account_Type__c":null,"Book_Name__c":"Chemistry","Course_Start_Date__c":"2017-01-01","Course_Name__c":"A
        Fun Course","Course_Code__c":null,"External_ID__c":"1","External_UUID__c":"<UUID_0>","E_Created_Date__c":"2017-12-28T22:05:00.000+0000","Error__c":null,"General_Access_URL__c":"https://tutor.openstax.org/courses/1/dashboard","Teacher_Join_URL__c":"http://localhost:3001/teach/e5db6d60a9933f4ff6d8a62501c0fa02/DO_NOT_GIVE_TO_STUDENTS","School_Name__c":"JP
        University","Active_Teachers__c":1.0,"Sections__c":2.0,"Students_Using__c":6.0,"Students_Paid__c":1.0,"Students_Comped__c":2.0,"Students_Refunded__c":1.0,"Students_Dropped__c":1.0,"Students_With_Work__c":2.0,"TermYear__c":"2015
        - 16 Spring","Term__c":"Spring","Manual_Base_Year__c":2016.0,"Estimated_Enrollment__c":42.0,"Paid_Course__c":true,"Opportunity__c":null,"Individual_Adoption__c":"a1WW0000001GVwGMAW","Contact__c":"003W000000l6IkEIAU","Campaign_Member_ID__c":"00vW0000003Q6ZLIA0","latest_adoption_decision__c":"For
        course credit"}]}'
    http_version: 
  recorded_at: Thu, 28 Dec 2017 22:05:15 GMT
recorded_with: VCR 2.9.3
