---
http_interactions:
- request:
    method: post
    uri: "<tutor_specs_instance_url>/services/data/v37.0/sobjects/Contact"
    body:
      encoding: UTF-8
      string: '{"FirstName":"Gerda","LastName":"Abshire","AccountId":"001W000000cnIFcIAM"}'
    headers:
      User-Agent:
      - Faraday v0.9.2
      Content-Type:
      - application/json
      Authorization:
      - OAuth <tutor_specs_oauth_token>
      Accept-Encoding:
      - gzip;q=1.0,deflate;q=0.6,identity;q=0.3
      Accept:
      - "*/*"
  response:
    status:
      code: 201
      message: Created
    headers:
      Connection:
      - close
      Date:
      - Thu, 28 Dec 2017 22:34:23 GMT
      Strict-Transport-Security:
      - max-age=31536000; includeSubDomains
      X-Content-Type-Options:
      - nosniff
      X-Xss-Protection:
      - 1; mode=block
      Content-Security-Policy:
      - upgrade-insecure-requests
      Cache-Control:
      - no-cache,must-revalidate,max-age=0,no-store,private
      Set-Cookie:
      - BrowserId=ZoBEgkrOQeqkHDKBVu5eXg;Path=/;Domain=.salesforce.com;Expires=Mon,
        26-Feb-2018 22:34:23 GMT;Max-Age=5184000
      Expires:
      - Thu, 01 Jan 1970 00:00:00 GMT
      Sforce-Limit-Info:
      - api-usage=1024/48000
      Location:
      - "/services/data/v37.0/sobjects/Contact/003W000000l6J5RIAU"
      Content-Type:
      - application/json;charset=UTF-8
      Vary:
      - Accept-Encoding
    body:
      encoding: ASCII-8BIT
      string: '{"id":"003W000000l6J5RIAU","success":true,"errors":[]}'
    http_version: 
  recorded_at: Thu, 28 Dec 2017 22:34:25 GMT
- request:
    method: post
    uri: "<tutor_specs_instance_url>/services/data/v37.0/sobjects/Campaign"
    body:
      encoding: UTF-8
      string: '{"Name":"4eabe0d4c828a47a"}'
    headers:
      User-Agent:
      - Faraday v0.9.2
      Content-Type:
      - application/json
      Authorization:
      - OAuth <tutor_specs_oauth_token>
      Accept-Encoding:
      - gzip;q=1.0,deflate;q=0.6,identity;q=0.3
      Accept:
      - "*/*"
  response:
    status:
      code: 201
      message: Created
    headers:
      Connection:
      - close
      Date:
      - Thu, 28 Dec 2017 22:34:25 GMT
      Strict-Transport-Security:
      - max-age=31536000; includeSubDomains
      X-Content-Type-Options:
      - nosniff
      X-Xss-Protection:
      - 1; mode=block
      Content-Security-Policy:
      - upgrade-insecure-requests
      Cache-Control:
      - no-cache,must-revalidate,max-age=0,no-store,private
      Set-Cookie:
      - BrowserId=k_oMHgHvTDWxSll9AQ1QyA;Path=/;Domain=.salesforce.com;Expires=Mon,
        26-Feb-2018 22:34:25 GMT;Max-Age=5184000
      Expires:
      - Thu, 01 Jan 1970 00:00:00 GMT
      Sforce-Limit-Info:
      - api-usage=1020/48000
      Location:
      - "/services/data/v37.0/sobjects/Campaign/701W0000000SldSIAS"
      Content-Type:
      - application/json;charset=UTF-8
      Vary:
      - Accept-Encoding
    body:
      encoding: ASCII-8BIT
      string: '{"id":"701W0000000SldSIAS","success":true,"errors":[]}'
    http_version: 
  recorded_at: Thu, 28 Dec 2017 22:34:25 GMT
- request:
    method: post
    uri: "<tutor_specs_instance_url>/services/data/v37.0/sobjects/CampaignMember"
    body:
      encoding: UTF-8
      string: '{"CampaignId":"701W0000000SldSIAS","ContactId":"003W000000l6J5RIAU"}'
    headers:
      User-Agent:
      - Faraday v0.9.2
      Content-Type:
      - application/json
      Authorization:
      - OAuth <tutor_specs_oauth_token>
      Accept-Encoding:
      - gzip;q=1.0,deflate;q=0.6,identity;q=0.3
      Accept:
      - "*/*"
  response:
    status:
      code: 201
      message: Created
    headers:
      Connection:
      - close
      Date:
      - Thu, 28 Dec 2017 22:34:26 GMT
      Strict-Transport-Security:
      - max-age=31536000; includeSubDomains
      X-Content-Type-Options:
      - nosniff
      X-Xss-Protection:
      - 1; mode=block
      Content-Security-Policy:
      - upgrade-insecure-requests
      Cache-Control:
      - no-cache,must-revalidate,max-age=0,no-store,private
      Set-Cookie:
      - BrowserId=mr9RH7GgQHC3XobQMhpMaw;Path=/;Domain=.salesforce.com;Expires=Mon,
        26-Feb-2018 22:34:26 GMT;Max-Age=5184000
      Expires:
      - Thu, 01 Jan 1970 00:00:00 GMT
      Sforce-Limit-Info:
      - api-usage=1017/48000
      Location:
      - "/services/data/v37.0/sobjects/CampaignMember/00vW0000003Q6bRIAS"
      Content-Type:
      - application/json;charset=UTF-8
      Vary:
      - Accept-Encoding
    body:
      encoding: ASCII-8BIT
      string: '{"id":"00vW0000003Q6bRIAS","success":true,"errors":[]}'
    http_version: 
  recorded_at: Thu, 28 Dec 2017 22:34:26 GMT
- request:
    method: post
    uri: "<tutor_specs_instance_url>/services/data/v37.0/sobjects/Individual_Adoption__c"
    body:
      encoding: UTF-8
      string: '{"Contact__c":"003W000000l6J5RIAU","Book__c":"a0ZW00000027grVMAQ","Account__c":"001W000000cnIFcIAM","Fall_Start_Date__c":"2016-08-01","Adoption_Level__c":"Confirmed
        Adoption Won","Description__c":"blah"}'
    headers:
      User-Agent:
      - Faraday v0.9.2
      Content-Type:
      - application/json
      Authorization:
      - OAuth <tutor_specs_oauth_token>
      Accept-Encoding:
      - gzip;q=1.0,deflate;q=0.6,identity;q=0.3
      Accept:
      - "*/*"
  response:
    status:
      code: 201
      message: Created
    headers:
      Connection:
      - close
      Date:
      - Thu, 28 Dec 2017 22:34:30 GMT
      Strict-Transport-Security:
      - max-age=31536000; includeSubDomains
      X-Content-Type-Options:
      - nosniff
      X-Xss-Protection:
      - 1; mode=block
      Content-Security-Policy:
      - upgrade-insecure-requests
      Cache-Control:
      - no-cache,must-revalidate,max-age=0,no-store,private
      Set-Cookie:
      - BrowserId=Y29GVIRiTVSNWKO9mvIJ-w;Path=/;Domain=.salesforce.com;Expires=Mon,
        26-Feb-2018 22:34:30 GMT;Max-Age=5184000
      Expires:
      - Thu, 01 Jan 1970 00:00:00 GMT
      Sforce-Limit-Info:
      - api-usage=1026/48000
      Location:
      - "/services/data/v37.0/sobjects/Individual_Adoption__c/a1WW0000001GVxxMAG"
      Content-Type:
      - application/json;charset=UTF-8
      Vary:
      - Accept-Encoding
    body:
      encoding: ASCII-8BIT
      string: '{"id":"a1WW0000001GVxxMAG","success":true,"errors":[]}'
    http_version: 
  recorded_at: Thu, 28 Dec 2017 22:34:32 GMT
- request:
    method: post
    uri: "<tutor_specs_instance_url>/services/data/v37.0/sobjects/OS_Ancillary__c"
    body:
      encoding: UTF-8
      string: '{"Product__c":"Tutor","External_UUID__c":"<UUID_7>","Term__c":"Spring","Individual_Adoption__c":"a1WW0000001GVxxMAG","Contact__c":"003W000000l6J5RIAU"}'
    headers:
      User-Agent:
      - Faraday v0.9.2
      Content-Type:
      - application/json
      Authorization:
      - OAuth <tutor_specs_oauth_token>
      Accept-Encoding:
      - gzip;q=1.0,deflate;q=0.6,identity;q=0.3
      Accept:
      - "*/*"
  response:
    status:
      code: 201
      message: Created
    headers:
      Connection:
      - close
      Date:
      - Thu, 28 Dec 2017 22:34:32 GMT
      Strict-Transport-Security:
      - max-age=31536000; includeSubDomains
      X-Content-Type-Options:
      - nosniff
      X-Xss-Protection:
      - 1; mode=block
      Content-Security-Policy:
      - upgrade-insecure-requests
      Cache-Control:
      - no-cache,must-revalidate,max-age=0,no-store,private
      Set-Cookie:
      - BrowserId=aCabgRMcSEGsohg3l3eIwQ;Path=/;Domain=.salesforce.com;Expires=Mon,
        26-Feb-2018 22:34:32 GMT;Max-Age=5184000
      Expires:
      - Thu, 01 Jan 1970 00:00:00 GMT
      Sforce-Limit-Info:
      - api-usage=1030/48000
      Location:
      - "/services/data/v37.0/sobjects/OS_Ancillary__c/a1SW0000008GO3qMAG"
      Content-Type:
      - application/json;charset=UTF-8
      Vary:
      - Accept-Encoding
    body:
      encoding: ASCII-8BIT
      string: '{"id":"a1SW0000008GO3qMAG","success":true,"errors":[]}'
    http_version: 
  recorded_at: Thu, 28 Dec 2017 22:34:35 GMT
- request:
    method: get
    uri: "<tutor_specs_instance_url>/services/data/v37.0/query?q=SELECT%20Id,%20Status__c,%20Product__c,%20Account_Type__c,%20Book_Name__c,%20Course_Start_Date__c,%20Course_Name__c,%20Course_Code__c,%20External_ID__c,%20External_UUID__c,%20E_Created_Date__c,%20Error__c,%20General_Access_URL__c,%20Teacher_Join_URL__c,%20School_Name__c,%20Active_Teachers__c,%20Sections__c,%20Students_Using__c,%20Students_Paid__c,%20Students_Comped__c,%20Students_Refunded__c,%20Students_Dropped__c,%20Students_With_Work__c,%20TermYear__c,%20Term__c,%20Manual_Base_Year__c,%20Estimated_Enrollment__c,%20Paid_Course__c,%20Opportunity__c,%20Individual_Adoption__c,%20Contact__c,%20Campaign_Member_ID__c,%20latest_adoption_decision__c%20FROM%20OS_Ancillary__c%20WHERE%20(External_UUID__c%20=%20%27<UUID_7>%27)"
    body:
      encoding: US-ASCII
      string: ''
    headers:
      User-Agent:
      - Faraday v0.9.2
      Authorization:
      - OAuth <tutor_specs_oauth_token>
      Accept-Encoding:
      - gzip;q=1.0,deflate;q=0.6,identity;q=0.3
      Accept:
      - "*/*"
  response:
    status:
      code: 200
      message: OK
    headers:
      Connection:
      - close
      Date:
      - Thu, 28 Dec 2017 22:34:36 GMT
      Strict-Transport-Security:
      - max-age=31536000; includeSubDomains
      X-Content-Type-Options:
      - nosniff
      X-Xss-Protection:
      - 1; mode=block
      Content-Security-Policy:
      - upgrade-insecure-requests
      Cache-Control:
      - no-cache,must-revalidate,max-age=0,no-store,private
      Set-Cookie:
      - BrowserId=zqMGMRiUQ0ypUrPRyfJLOA;Path=/;Domain=.salesforce.com;Expires=Mon,
        26-Feb-2018 22:34:36 GMT;Max-Age=5184000
      Expires:
      - Thu, 01 Jan 1970 00:00:00 GMT
      Sforce-Limit-Info:
      - api-usage=1026/48000
      Content-Type:
      - application/json;charset=UTF-8
      Vary:
      - Accept-Encoding
    body:
      encoding: ASCII-8BIT
      string: '{"totalSize":1,"done":true,"records":[{"attributes":{"type":"OS_Ancillary__c","url":"/services/data/v37.0/sobjects/OS_Ancillary__c/a1SW0000008GO3qMAG"},"Id":"a1SW0000008GO3qMAG","Status__c":null,"Product__c":"Tutor","Account_Type__c":null,"Book_Name__c":"Chemistry","Course_Start_Date__c":null,"Course_Name__c":null,"Course_Code__c":null,"External_ID__c":null,"External_UUID__c":"<UUID_7>","E_Created_Date__c":null,"Error__c":null,"General_Access_URL__c":null,"Teacher_Join_URL__c":null,"School_Name__c":"JP
        University","Active_Teachers__c":null,"Sections__c":null,"Students_Using__c":null,"Students_Paid__c":null,"Students_Comped__c":null,"Students_Refunded__c":null,"Students_Dropped__c":null,"Students_With_Work__c":null,"TermYear__c":"2016
        - 17 Spring","Term__c":"Spring","Manual_Base_Year__c":null,"Estimated_Enrollment__c":null,"Paid_Course__c":false,"Opportunity__c":null,"Individual_Adoption__c":"a1WW0000001GVxxMAG","Contact__c":"003W000000l6J5RIAU","Campaign_Member_ID__c":null,"latest_adoption_decision__c":"I
        dont know yet"}]}'
    http_version: 
  recorded_at: Thu, 28 Dec 2017 22:34:36 GMT
- request:
    method: patch
    uri: "<tutor_specs_instance_url>/services/data/v37.0/sobjects/OS_Ancillary__c/a1SW0000008GO3qMAG"
    body:
      encoding: UTF-8
      string: '{"Status__c":"Approved","Course_Start_Date__c":"2017-01-01","Course_Name__c":"A
        Fun Course","External_ID__c":8,"E_Created_Date__c":"2017-12-28T22:34:26Z","Teacher_Join_URL__c":"http://localhost:3001/teach/5a1c7cab22d1ceebab83c6410e2e8501/DO_NOT_GIVE_TO_STUDENTS","Active_Teachers__c":1,"Sections__c":2,"Students_Using__c":6,"Students_Paid__c":1,"Students_Comped__c":2,"Students_Refunded__c":1,"Students_Dropped__c":1,"Students_With_Work__c":2,"Manual_Base_Year__c":2016,"Estimated_Enrollment__c":42,"Paid_Course__c":true,"Campaign_Member_ID__c":"00vW0000003Q6bRIAS","latest_adoption_decision__c":"For
        course credit"}'
    headers:
      User-Agent:
      - Faraday v0.9.2
      Content-Type:
      - application/json
      Authorization:
      - OAuth <tutor_specs_oauth_token>
      Accept-Encoding:
      - gzip;q=1.0,deflate;q=0.6,identity;q=0.3
      Accept:
      - "*/*"
  response:
    status:
      code: 204
      message: No Content
    headers:
      Date:
      - Thu, 28 Dec 2017 22:34:36 GMT
      Strict-Transport-Security:
      - max-age=31536000; includeSubDomains
      X-Content-Type-Options:
      - nosniff
      X-Xss-Protection:
      - 1; mode=block
      Content-Security-Policy:
      - upgrade-insecure-requests
      Cache-Control:
      - no-cache,must-revalidate,max-age=0,no-store,private
      Set-Cookie:
      - BrowserId=xBqflJJdQYik0D59uahvEQ;Path=/;Domain=.salesforce.com;Expires=Mon,
        26-Feb-2018 22:34:36 GMT;Max-Age=5184000
      Expires:
      - Thu, 01 Jan 1970 00:00:00 GMT
      Sforce-Limit-Info:
      - api-usage=1032/48000
    body:
      encoding: UTF-8
      string: ''
    http_version: 
  recorded_at: Thu, 28 Dec 2017 22:34:38 GMT
recorded_with: VCR 2.9.3
