---
http_interactions:
- request:
    method: post
    uri: "<tutor_specs_instance_url>/services/data/v37.0/sobjects/Contact"
    body:
      encoding: UTF-8
      string: '{"FirstName":"Carlos","LastName":"Leffler","AccountId":"0010v000003uCSCAA2"}'
    headers:
      User-Agent:
      - Faraday v0.9.2
      Content-Type:
      - application/json
      Authorization:
      - OAuth <tutor_specs_oauth_token>
      Accept-Encoding:
      - gzip;q=1.0,deflate;q=0.6,identity;q=0.3
      Accept:
      - "*/*"
  response:
    status:
      code: 201
      message: Created
    headers:
      Date:
      - Tue, 13 Jun 2017 18:58:03 GMT
      Strict-Transport-Security:
      - max-age=31536000; includeSubDomains
      Content-Security-Policy-Report-Only:
      - 'default-src https:; script-src https: ''unsafe-inline'' ''unsafe-eval'';
        style-src https: ''unsafe-inline''; img-src https: data:; frame-ancestors
        ''self'' *.salesforce.com *.force.com; font-src https: data:; connect-src
        ''self'' https:; report-uri /_/ContentDomainCSP?type=appserver'
      X-Content-Type-Options:
      - nosniff
      X-Xss-Protection:
      - 1; mode=block
      Content-Security-Policy:
      - referrer origin-when-cross-origin; upgrade-insecure-requests
      Set-Cookie:
      - BrowserId=xcNd8fmESwSw4G6V30hGkQ;Path=/;Domain=.salesforce.com;Expires=Sat,
        12-Aug-2017 18:58:03 GMT
      Expires:
      - Thu, 01 Jan 1970 00:00:00 GMT
      Sforce-Limit-Info:
      - api-usage=139/48000
      Location:
      - "/services/data/v37.0/sobjects/Contact/0030v000002ENJmAAO"
      Content-Type:
      - application/json;charset=UTF-8
      Vary:
      - Accept-Encoding
      Transfer-Encoding:
      - chunked
    body:
      encoding: ASCII-8BIT
      string: '{"id":"0030v000002ENJmAAO","success":true,"errors":[]}'
    http_version: 
  recorded_at: Tue, 13 Jun 2017 18:58:04 GMT
- request:
    method: post
    uri: "<tutor_specs_instance_url>/services/data/v37.0/sobjects/Individual_Adoption__c"
    body:
      encoding: UTF-8
      string: '{"Contact__c":"0030v000002ENJmAAO","Book__c":"a0Z0v000000DzuWEAS","Account__c":"0010v000003uCSCAA2","Fall_Start_Date__c":"2016-08-01","Adoption_Level__c":"Confirmed
        Adoption Won","Description__c":"blah"}'
    headers:
      User-Agent:
      - Faraday v0.9.2
      Content-Type:
      - application/json
      Authorization:
      - OAuth <tutor_specs_oauth_token>
      Accept-Encoding:
      - gzip;q=1.0,deflate;q=0.6,identity;q=0.3
      Accept:
      - "*/*"
  response:
    status:
      code: 201
      message: Created
    headers:
      Date:
      - Tue, 13 Jun 2017 18:58:05 GMT
      Strict-Transport-Security:
      - max-age=31536000; includeSubDomains
      X-Content-Type-Options:
      - nosniff
      X-Xss-Protection:
      - 1; mode=block
      Content-Security-Policy:
      - referrer origin-when-cross-origin; upgrade-insecure-requests
      Set-Cookie:
      - BrowserId=_qabIo5lTIqqhjzwUFeYCg;Path=/;Domain=.salesforce.com;Expires=Sat,
        12-Aug-2017 18:58:05 GMT
      Expires:
      - Thu, 01 Jan 1970 00:00:00 GMT
      Sforce-Limit-Info:
      - api-usage=137/48000
      Location:
      - "/services/data/v37.0/sobjects/Individual_Adoption__c/a1W0v0000004bN8EAI"
      Content-Type:
      - application/json;charset=UTF-8
      Vary:
      - Accept-Encoding
      Transfer-Encoding:
      - chunked
    body:
      encoding: ASCII-8BIT
      string: '{"id":"a1W0v0000004bN8EAI","success":true,"errors":[]}'
    http_version: 
  recorded_at: Tue, 13 Jun 2017 18:58:07 GMT
- request:
    method: post
    uri: "<tutor_specs_instance_url>/services/data/v37.0/sobjects/OS_Ancillary__c"
    body:
      encoding: UTF-8
      string: '{"Product__c":"Tutor","External_UUID__c":"<UUID_6>","Term__c":"Spring","Individual_Adoption__c":"a1W0v0000004bN8EAI","Contact__c":"0030v000002ENJmAAO"}'
    headers:
      User-Agent:
      - Faraday v0.9.2
      Content-Type:
      - application/json
      Authorization:
      - OAuth <tutor_specs_oauth_token>
      Accept-Encoding:
      - gzip;q=1.0,deflate;q=0.6,identity;q=0.3
      Accept:
      - "*/*"
  response:
    status:
      code: 201
      message: Created
    headers:
      Date:
      - Tue, 13 Jun 2017 18:58:07 GMT
      Strict-Transport-Security:
      - max-age=31536000; includeSubDomains
      X-Content-Type-Options:
      - nosniff
      X-Xss-Protection:
      - 1; mode=block
      Content-Security-Policy:
      - referrer origin-when-cross-origin; upgrade-insecure-requests
      Set-Cookie:
      - BrowserId=l54pPCOdT3GIJsilxqT34A;Path=/;Domain=.salesforce.com;Expires=Sat,
        12-Aug-2017 18:58:07 GMT
      Expires:
      - Thu, 01 Jan 1970 00:00:00 GMT
      Sforce-Limit-Info:
      - api-usage=138/48000
      Location:
      - "/services/data/v37.0/sobjects/OS_Ancillary__c/a1S0v0000000FGGEA2"
      Content-Type:
      - application/json;charset=UTF-8
      Vary:
      - Accept-Encoding
      Transfer-Encoding:
      - chunked
    body:
      encoding: ASCII-8BIT
      string: '{"id":"a1S0v0000000FGGEA2","success":true,"errors":[]}'
    http_version: 
  recorded_at: Tue, 13 Jun 2017 18:58:08 GMT
- request:
    method: get
    uri: "<tutor_specs_instance_url>/services/data/v37.0/query?q=SELECT%20Id,%20Status__c,%20Product__c,%20Account_Type__c,%20Book_Name__c,%20Course_Start_Date__c,%20Course_Name__c,%20Course_Code__c,%20External_ID__c,%20External_UUID__c,%20E_Created_Date__c,%20Error__c,%20General_Access_URL__c,%20Teacher_Join_URL__c,%20School_Name__c,%20Active_Teachers__c,%20Sections__c,%20Students_Using__c,%20Students_Paid__c,%20Students_Comped__c,%20Students_Refunded__c,%20TermYear__c,%20Term__c,%20Manual_Base_Year__c,%20Estimated_Enrollment__c,%20Opportunity__c,%20Individual_Adoption__c,%20Contact__c%20FROM%20OS_Ancillary__c%20WHERE%20(External_UUID__c%20=%20%27<UUID_6>%27)"
    body:
      encoding: US-ASCII
      string: ''
    headers:
      User-Agent:
      - Faraday v0.9.2
      Authorization:
      - OAuth <tutor_specs_oauth_token>
      Accept-Encoding:
      - gzip;q=1.0,deflate;q=0.6,identity;q=0.3
      Accept:
      - "*/*"
  response:
    status:
      code: 200
      message: OK
    headers:
      Date:
      - Tue, 13 Jun 2017 18:58:08 GMT
      Strict-Transport-Security:
      - max-age=31536000; includeSubDomains
      X-Content-Type-Options:
      - nosniff
      X-Xss-Protection:
      - 1; mode=block
      Content-Security-Policy:
      - referrer origin-when-cross-origin; upgrade-insecure-requests
      Set-Cookie:
      - BrowserId=16f02ZBVTyiEB-IDyF9-Ew;Path=/;Domain=.salesforce.com;Expires=Sat,
        12-Aug-2017 18:58:08 GMT
      Expires:
      - Thu, 01 Jan 1970 00:00:00 GMT
      Sforce-Limit-Info:
      - api-usage=140/48000
      Content-Type:
      - application/json;charset=UTF-8
      Vary:
      - Accept-Encoding
      Transfer-Encoding:
      - chunked
    body:
      encoding: ASCII-8BIT
      string: '{"totalSize":1,"done":true,"records":[{"attributes":{"type":"OS_Ancillary__c","url":"/services/data/v37.0/sobjects/OS_Ancillary__c/a1S0v0000000FGGEA2"},"Id":"a1S0v0000000FGGEA2","Status__c":null,"Product__c":"Tutor","Account_Type__c":null,"Book_Name__c":"Chemistry","Course_Start_Date__c":null,"Course_Name__c":null,"Course_Code__c":null,"External_ID__c":null,"External_UUID__c":"<UUID_6>","E_Created_Date__c":null,"Error__c":null,"General_Access_URL__c":null,"Teacher_Join_URL__c":null,"School_Name__c":"JP
        University","Active_Teachers__c":null,"Sections__c":null,"Students_Using__c":null,"Students_Paid__c":null,"Students_Comped__c":null,"Students_Refunded__c":null,"TermYear__c":"2016
        - 17 Spring","Term__c":"Spring","Manual_Base_Year__c":null,"Estimated_Enrollment__c":null,"Opportunity__c":null,"Individual_Adoption__c":"a1W0v0000004bN8EAI","Contact__c":"0030v000002ENJmAAO"}]}'
    http_version: 
  recorded_at: Tue, 13 Jun 2017 18:58:09 GMT
recorded_with: VCR 2.9.3
