---
http_interactions:
- request:
    method: post
    uri: "<tutor_specs_instance_url>/services/data/v37.0/sobjects/Contact"
    body:
      encoding: UTF-8
      string: '{"FirstName":"Bonnie","LastName":"Little","AccountId":"0010v000003uCSCAA2"}'
    headers:
      User-Agent:
      - Faraday v0.9.2
      Content-Type:
      - application/json
      Authorization:
      - OAuth <tutor_specs_oauth_token>
      Accept-Encoding:
      - gzip;q=1.0,deflate;q=0.6,identity;q=0.3
      Accept:
      - "*/*"
  response:
    status:
      code: 201
      message: Created
    headers:
      Date:
      - Tue, 13 Jun 2017 20:36:13 GMT
      Strict-Transport-Security:
      - max-age=31536000; includeSubDomains
      X-Content-Type-Options:
      - nosniff
      X-Xss-Protection:
      - 1; mode=block
      Content-Security-Policy:
      - referrer origin-when-cross-origin; upgrade-insecure-requests
      Set-Cookie:
      - BrowserId=S_R0g1EyTVqnqT2R3JL8kg;Path=/;Domain=.salesforce.com;Expires=Sat,
        12-Aug-2017 20:36:13 GMT
      Expires:
      - Thu, 01 Jan 1970 00:00:00 GMT
      Sforce-Limit-Info:
      - api-usage=339/48000
      Location:
      - "/services/data/v37.0/sobjects/Contact/0030v000002EOuaAAG"
      Content-Type:
      - application/json;charset=UTF-8
      Vary:
      - Accept-Encoding
      Transfer-Encoding:
      - chunked
    body:
      encoding: ASCII-8BIT
      string: '{"id":"0030v000002EOuaAAG","success":true,"errors":[]}'
    http_version: 
  recorded_at: Tue, 13 Jun 2017 20:36:14 GMT
- request:
    method: post
    uri: "<tutor_specs_instance_url>/services/data/v37.0/sobjects/Individual_Adoption__c"
    body:
      encoding: UTF-8
      string: '{"Contact__c":"0030v000002EOuaAAG","Book__c":"a0Z0v000000DzuWEAS","Account__c":"0010v000003uCSCAA2","Fall_Start_Date__c":"2016-08-01","Adoption_Level__c":"Confirmed
        Adoption Won","Description__c":"blah"}'
    headers:
      User-Agent:
      - Faraday v0.9.2
      Content-Type:
      - application/json
      Authorization:
      - OAuth <tutor_specs_oauth_token>
      Accept-Encoding:
      - gzip;q=1.0,deflate;q=0.6,identity;q=0.3
      Accept:
      - "*/*"
  response:
    status:
      code: 201
      message: Created
    headers:
      Date:
      - Tue, 13 Jun 2017 20:36:14 GMT
      Strict-Transport-Security:
      - max-age=31536000; includeSubDomains
      X-Content-Type-Options:
      - nosniff
      X-Xss-Protection:
      - 1; mode=block
      Content-Security-Policy:
      - referrer origin-when-cross-origin; upgrade-insecure-requests
      Set-Cookie:
      - BrowserId=Pb6tP_XhRhGyJhLWclPyhA;Path=/;Domain=.salesforce.com;Expires=Sat,
        12-Aug-2017 20:36:14 GMT
      Expires:
      - Thu, 01 Jan 1970 00:00:00 GMT
      Sforce-Limit-Info:
      - api-usage=340/48000
      Location:
      - "/services/data/v37.0/sobjects/Individual_Adoption__c/a1W0v0000004bPnEAI"
      Content-Type:
      - application/json;charset=UTF-8
      Vary:
      - Accept-Encoding
      Transfer-Encoding:
      - chunked
    body:
      encoding: ASCII-8BIT
      string: '{"id":"a1W0v0000004bPnEAI","success":true,"errors":[]}'
    http_version: 
  recorded_at: Tue, 13 Jun 2017 20:36:17 GMT
- request:
    method: post
    uri: "<tutor_specs_instance_url>/services/data/v37.0/sobjects/OS_Ancillary__c"
    body:
      encoding: UTF-8
      string: '{"Product__c":"Tutor","External_UUID__c":"<UUID_5>","Term__c":"Spring","Individual_Adoption__c":"a1W0v0000004bPnEAI","Contact__c":"0030v000002EOuaAAG"}'
    headers:
      User-Agent:
      - Faraday v0.9.2
      Content-Type:
      - application/json
      Authorization:
      - OAuth <tutor_specs_oauth_token>
      Accept-Encoding:
      - gzip;q=1.0,deflate;q=0.6,identity;q=0.3
      Accept:
      - "*/*"
  response:
    status:
      code: 201
      message: Created
    headers:
      Date:
      - Tue, 13 Jun 2017 20:36:17 GMT
      Strict-Transport-Security:
      - max-age=31536000; includeSubDomains
      X-Content-Type-Options:
      - nosniff
      X-Xss-Protection:
      - 1; mode=block
      Content-Security-Policy:
      - referrer origin-when-cross-origin; upgrade-insecure-requests
      Set-Cookie:
      - BrowserId=iTrvgkkwRo6oNIr6JBMSsg;Path=/;Domain=.salesforce.com;Expires=Sat,
        12-Aug-2017 20:36:17 GMT
      Expires:
      - Thu, 01 Jan 1970 00:00:00 GMT
      Sforce-Limit-Info:
      - api-usage=338/48000
      Location:
      - "/services/data/v37.0/sobjects/OS_Ancillary__c/a1S0v0000000FLEEA2"
      Content-Type:
      - application/json;charset=UTF-8
      Vary:
      - Accept-Encoding
      Transfer-Encoding:
      - chunked
    body:
      encoding: ASCII-8BIT
      string: '{"id":"a1S0v0000000FLEEA2","success":true,"errors":[]}'
    http_version: 
  recorded_at: Tue, 13 Jun 2017 20:36:18 GMT
- request:
    method: delete
    uri: "<tutor_specs_instance_url>/services/data/v37.0/sobjects/OS_Ancillary__c/a1S0v0000000FLEEA2"
    body:
      encoding: US-ASCII
      string: ''
    headers:
      User-Agent:
      - Faraday v0.9.2
      Authorization:
      - OAuth <tutor_specs_oauth_token>
      Accept-Encoding:
      - gzip;q=1.0,deflate;q=0.6,identity;q=0.3
      Accept:
      - "*/*"
  response:
    status:
      code: 204
      message: No Content
    headers:
      Date:
      - Tue, 13 Jun 2017 20:36:18 GMT
      Strict-Transport-Security:
      - max-age=31536000; includeSubDomains
      X-Content-Type-Options:
      - nosniff
      X-Xss-Protection:
      - 1; mode=block
      Content-Security-Policy:
      - referrer origin-when-cross-origin; upgrade-insecure-requests
      Set-Cookie:
      - BrowserId=Hj9a8TfsQ7yBGyh4A_03hg;Path=/;Domain=.salesforce.com;Expires=Sat,
        12-Aug-2017 20:36:18 GMT
      Expires:
      - Thu, 01 Jan 1970 00:00:00 GMT
      Sforce-Limit-Info:
      - api-usage=339/48000
    body:
      encoding: UTF-8
      string: ''
    http_version: 
  recorded_at: Tue, 13 Jun 2017 20:36:19 GMT
- request:
    method: get
    uri: "<tutor_specs_instance_url>/services/data/v37.0/query?q=SELECT%20Id,%20Status__c,%20Product__c,%20Account_Type__c,%20Book_Name__c,%20Course_Start_Date__c,%20Course_Name__c,%20Course_Code__c,%20External_ID__c,%20External_UUID__c,%20E_Created_Date__c,%20Error__c,%20General_Access_URL__c,%20Teacher_Join_URL__c,%20School_Name__c,%20Active_Teachers__c,%20Sections__c,%20Students_Using__c,%20Students_Paid__c,%20Students_Comped__c,%20Students_Refunded__c,%20TermYear__c,%20Term__c,%20Manual_Base_Year__c,%20Estimated_Enrollment__c,%20Paid_Course__c,%20Opportunity__c,%20Individual_Adoption__c,%20Contact__c%20FROM%20OS_Ancillary__c%20WHERE%20(Id%20IN%20(%27a1S0v0000000FLEEA2%27))"
    body:
      encoding: US-ASCII
      string: ''
    headers:
      User-Agent:
      - Faraday v0.9.2
      Authorization:
      - OAuth <tutor_specs_oauth_token>
      Accept-Encoding:
      - gzip;q=1.0,deflate;q=0.6,identity;q=0.3
      Accept:
      - "*/*"
  response:
    status:
      code: 200
      message: OK
    headers:
      Date:
      - Tue, 13 Jun 2017 20:36:20 GMT
      Strict-Transport-Security:
      - max-age=31536000; includeSubDomains
      X-Content-Type-Options:
      - nosniff
      X-Xss-Protection:
      - 1; mode=block
      Content-Security-Policy:
      - referrer origin-when-cross-origin; upgrade-insecure-requests
      Set-Cookie:
      - BrowserId=i6Yd3byBRjC4RW__EODgWg;Path=/;Domain=.salesforce.com;Expires=Sat,
        12-Aug-2017 20:36:20 GMT
      Expires:
      - Thu, 01 Jan 1970 00:00:00 GMT
      Sforce-Limit-Info:
      - api-usage=344/48000
      Content-Type:
      - application/json;charset=UTF-8
      Vary:
      - Accept-Encoding
      Transfer-Encoding:
      - chunked
    body:
      encoding: ASCII-8BIT
      string: '{"totalSize":0,"done":true,"records":[]}'
    http_version: 
  recorded_at: Tue, 13 Jun 2017 20:36:20 GMT
- request:
    method: get
    uri: "<tutor_specs_instance_url>/services/data/v37.0/query?q=SELECT%20Id,%20Status__c,%20Product__c,%20Account_Type__c,%20Book_Name__c,%20Course_Start_Date__c,%20Course_Name__c,%20Course_Code__c,%20External_ID__c,%20External_UUID__c,%20E_Created_Date__c,%20Error__c,%20General_Access_URL__c,%20Teacher_Join_URL__c,%20School_Name__c,%20Active_Teachers__c,%20Sections__c,%20Students_Using__c,%20Students_Paid__c,%20Students_Comped__c,%20Students_Refunded__c,%20TermYear__c,%20Term__c,%20Manual_Base_Year__c,%20Estimated_Enrollment__c,%20Paid_Course__c,%20Opportunity__c,%20Individual_Adoption__c,%20Contact__c%20FROM%20OS_Ancillary__c%20WHERE%20(Id%20=%20%27a1S0v0000000FLEEA2%27)%20LIMIT%201"
    body:
      encoding: US-ASCII
      string: ''
    headers:
      User-Agent:
      - Faraday v0.9.2
      Authorization:
      - OAuth <tutor_specs_oauth_token>
      Accept-Encoding:
      - gzip;q=1.0,deflate;q=0.6,identity;q=0.3
      Accept:
      - "*/*"
  response:
    status:
      code: 200
      message: OK
    headers:
      Date:
      - Tue, 13 Jun 2017 20:36:20 GMT
      Strict-Transport-Security:
      - max-age=31536000; includeSubDomains
      X-Content-Type-Options:
      - nosniff
      X-Xss-Protection:
      - 1; mode=block
      Content-Security-Policy:
      - referrer origin-when-cross-origin; upgrade-insecure-requests
      Set-Cookie:
      - BrowserId=pS7JCfORR-Kr3cvai3cOAg;Path=/;Domain=.salesforce.com;Expires=Sat,
        12-Aug-2017 20:36:20 GMT
      Expires:
      - Thu, 01 Jan 1970 00:00:00 GMT
      Sforce-Limit-Info:
      - api-usage=345/48000
      Content-Type:
      - application/json;charset=UTF-8
      Vary:
      - Accept-Encoding
      Transfer-Encoding:
      - chunked
    body:
      encoding: ASCII-8BIT
      string: '{"totalSize":0,"done":true,"records":[]}'
    http_version: 
  recorded_at: Tue, 13 Jun 2017 20:36:20 GMT
- request:
    method: get
    uri: "<tutor_specs_instance_url>/services/data/v37.0/query?q=SELECT%20Id,%20Status__c,%20Product__c,%20Account_Type__c,%20Book_Name__c,%20Course_Start_Date__c,%20Course_Name__c,%20Course_Code__c,%20External_ID__c,%20External_UUID__c,%20E_Created_Date__c,%20Error__c,%20General_Access_URL__c,%20Teacher_Join_URL__c,%20School_Name__c,%20Active_Teachers__c,%20Sections__c,%20Students_Using__c,%20Students_Paid__c,%20Students_Comped__c,%20Students_Refunded__c,%20TermYear__c,%20Term__c,%20Manual_Base_Year__c,%20Estimated_Enrollment__c,%20Paid_Course__c,%20Opportunity__c,%20Individual_Adoption__c,%20Contact__c%20FROM%20OS_Ancillary__c%20WHERE%20(External_UUID__c%20=%20%27<UUID_5>%27)"
    body:
      encoding: US-ASCII
      string: ''
    headers:
      User-Agent:
      - Faraday v0.9.2
      Authorization:
      - OAuth <tutor_specs_oauth_token>
      Accept-Encoding:
      - gzip;q=1.0,deflate;q=0.6,identity;q=0.3
      Accept:
      - "*/*"
  response:
    status:
      code: 200
      message: OK
    headers:
      Date:
      - Tue, 13 Jun 2017 20:36:21 GMT
      Strict-Transport-Security:
      - max-age=31536000; includeSubDomains
      X-Content-Type-Options:
      - nosniff
      X-Xss-Protection:
      - 1; mode=block
      Content-Security-Policy:
      - referrer origin-when-cross-origin; upgrade-insecure-requests
      Set-Cookie:
      - BrowserId=MY0BIKuKRIW819G7Q0vq1A;Path=/;Domain=.salesforce.com;Expires=Sat,
        12-Aug-2017 20:36:21 GMT
      Expires:
      - Thu, 01 Jan 1970 00:00:00 GMT
      Sforce-Limit-Info:
      - api-usage=343/48000
      Content-Type:
      - application/json;charset=UTF-8
      Vary:
      - Accept-Encoding
      Transfer-Encoding:
      - chunked
    body:
      encoding: ASCII-8BIT
      string: '{"totalSize":0,"done":true,"records":[]}'
    http_version: 
  recorded_at: Tue, 13 Jun 2017 20:36:21 GMT
- request:
    method: get
    uri: "<tutor_specs_instance_url>/services/data/v37.0/query?q=SELECT%20Id,%20Book_Text__c,%20Contact__c,%20Book__c,%20Account__c,%20School_Year__c,%20Fall_Start_Date__c,%20Summer_Start_Date__c,%20Winter_Start_Date__c,%20Spring_Start_Date__c,%20Adoption_Level__c,%20Description__c,%20Source__c,%20TermYear__c,%20Class_Start_Date__c%20FROM%20Individual_Adoption__c%20WHERE%20(Contact__c%20=%20%270030v000002EOuaAAG%27)%20AND%20(Book_Text__c%20=%20%27Chemistry%27)%20AND%20(School_Year__c%20=%20%272016%20-%2017%27)"
    body:
      encoding: US-ASCII
      string: ''
    headers:
      User-Agent:
      - Faraday v0.9.2
      Authorization:
      - OAuth <tutor_specs_oauth_token>
      Accept-Encoding:
      - gzip;q=1.0,deflate;q=0.6,identity;q=0.3
      Accept:
      - "*/*"
  response:
    status:
      code: 200
      message: OK
    headers:
      Date:
      - Tue, 13 Jun 2017 20:36:21 GMT
      Strict-Transport-Security:
      - max-age=31536000; includeSubDomains
      X-Content-Type-Options:
      - nosniff
      X-Xss-Protection:
      - 1; mode=block
      Content-Security-Policy:
      - referrer origin-when-cross-origin; upgrade-insecure-requests
      Set-Cookie:
      - BrowserId=q5pTN5e1SP-q53_5-it6qg;Path=/;Domain=.salesforce.com;Expires=Sat,
        12-Aug-2017 20:36:21 GMT
      Expires:
      - Thu, 01 Jan 1970 00:00:00 GMT
      Sforce-Limit-Info:
      - api-usage=343/48000
      Content-Type:
      - application/json;charset=UTF-8
      Vary:
      - Accept-Encoding
      Transfer-Encoding:
      - chunked
    body:
      encoding: ASCII-8BIT
      string: '{"totalSize":1,"done":true,"records":[{"attributes":{"type":"Individual_Adoption__c","url":"/services/data/v37.0/sobjects/Individual_Adoption__c/a1W0v0000004bPnEAI"},"Id":"a1W0v0000004bPnEAI","Book_Text__c":"Chemistry","Contact__c":"0030v000002EOuaAAG","Book__c":"a0Z0v000000DzuWEAS","Account__c":"0010v000003uCSCAA2","School_Year__c":"2016
        - 17","Fall_Start_Date__c":"2016-08-01","Summer_Start_Date__c":null,"Winter_Start_Date__c":null,"Spring_Start_Date__c":null,"Adoption_Level__c":"Confirmed
        Adoption Won","Description__c":"blah","Source__c":null,"TermYear__c":"2016
        - 17 Spring","Class_Start_Date__c":null}]}'
    http_version: 
  recorded_at: Tue, 13 Jun 2017 20:36:21 GMT
- request:
    method: post
    uri: "<tutor_specs_instance_url>/services/data/v37.0/sobjects/OS_Ancillary__c"
    body:
      encoding: UTF-8
      string: '{"Product__c":"Tutor","Term__c":"Spring","Manual_Base_Year__c":2016,"Individual_Adoption__c":"a1W0v0000004bPnEAI","Contact__c":"0030v000002EOuaAAG"}'
    headers:
      User-Agent:
      - Faraday v0.9.2
      Content-Type:
      - application/json
      Authorization:
      - OAuth <tutor_specs_oauth_token>
      Accept-Encoding:
      - gzip;q=1.0,deflate;q=0.6,identity;q=0.3
      Accept:
      - "*/*"
  response:
    status:
      code: 201
      message: Created
    headers:
      Date:
      - Tue, 13 Jun 2017 20:36:21 GMT
      Strict-Transport-Security:
      - max-age=31536000; includeSubDomains
      X-Content-Type-Options:
      - nosniff
      X-Xss-Protection:
      - 1; mode=block
      Content-Security-Policy:
      - referrer origin-when-cross-origin; upgrade-insecure-requests
      Set-Cookie:
      - BrowserId=66xSWnN_TViDIQpc2ZjCrg;Path=/;Domain=.salesforce.com;Expires=Sat,
        12-Aug-2017 20:36:21 GMT
      Expires:
      - Thu, 01 Jan 1970 00:00:00 GMT
      Sforce-Limit-Info:
      - api-usage=344/48000
      Location:
      - "/services/data/v37.0/sobjects/OS_Ancillary__c/a1S0v0000000FLJEA2"
      Content-Type:
      - application/json;charset=UTF-8
      Vary:
      - Accept-Encoding
      Transfer-Encoding:
      - chunked
    body:
      encoding: ASCII-8BIT
      string: '{"id":"a1S0v0000000FLJEA2","success":true,"errors":[]}'
    http_version: 
  recorded_at: Tue, 13 Jun 2017 20:36:22 GMT
- request:
    method: get
    uri: "<tutor_specs_instance_url>/services/data/v37.0/query?q=SELECT%20Id,%20Status__c,%20Product__c,%20Account_Type__c,%20Book_Name__c,%20Course_Start_Date__c,%20Course_Name__c,%20Course_Code__c,%20External_ID__c,%20External_UUID__c,%20E_Created_Date__c,%20Error__c,%20General_Access_URL__c,%20Teacher_Join_URL__c,%20School_Name__c,%20Active_Teachers__c,%20Sections__c,%20Students_Using__c,%20Students_Paid__c,%20Students_Comped__c,%20Students_Refunded__c,%20TermYear__c,%20Term__c,%20Manual_Base_Year__c,%20Estimated_Enrollment__c,%20Paid_Course__c,%20Opportunity__c,%20Individual_Adoption__c,%20Contact__c%20FROM%20OS_Ancillary__c%20WHERE%20(Id%20=%20%27a1S0v0000000FLJEA2%27)%20LIMIT%201"
    body:
      encoding: US-ASCII
      string: ''
    headers:
      User-Agent:
      - Faraday v0.9.2
      Authorization:
      - OAuth <tutor_specs_oauth_token>
      Accept-Encoding:
      - gzip;q=1.0,deflate;q=0.6,identity;q=0.3
      Accept:
      - "*/*"
  response:
    status:
      code: 200
      message: OK
    headers:
      Date:
      - Tue, 13 Jun 2017 20:36:23 GMT
      Strict-Transport-Security:
      - max-age=31536000; includeSubDomains
      X-Content-Type-Options:
      - nosniff
      X-Xss-Protection:
      - 1; mode=block
      Content-Security-Policy:
      - referrer origin-when-cross-origin; upgrade-insecure-requests
      Set-Cookie:
      - BrowserId=HY1FDo2wR_aENTwVpRTxjg;Path=/;Domain=.salesforce.com;Expires=Sat,
        12-Aug-2017 20:36:23 GMT
      Expires:
      - Thu, 01 Jan 1970 00:00:00 GMT
      Sforce-Limit-Info:
      - api-usage=344/48000
      Content-Type:
      - application/json;charset=UTF-8
      Vary:
      - Accept-Encoding
      Transfer-Encoding:
      - chunked
    body:
      encoding: ASCII-8BIT
      string: '{"totalSize":1,"done":true,"records":[{"attributes":{"type":"OS_Ancillary__c","url":"/services/data/v37.0/sobjects/OS_Ancillary__c/a1S0v0000000FLJEA2"},"Id":"a1S0v0000000FLJEA2","Status__c":null,"Product__c":"Tutor","Account_Type__c":null,"Book_Name__c":"Chemistry","Course_Start_Date__c":null,"Course_Name__c":null,"Course_Code__c":null,"External_ID__c":null,"External_UUID__c":null,"E_Created_Date__c":null,"Error__c":null,"General_Access_URL__c":null,"Teacher_Join_URL__c":null,"School_Name__c":"JP
        University","Active_Teachers__c":null,"Sections__c":null,"Students_Using__c":null,"Students_Paid__c":null,"Students_Comped__c":null,"Students_Refunded__c":null,"TermYear__c":"2016
        - 17 Spring","Term__c":"Spring","Manual_Base_Year__c":2016.0,"Estimated_Enrollment__c":null,"Paid_Course__c":false,"Opportunity__c":null,"Individual_Adoption__c":"a1W0v0000004bPnEAI","Contact__c":"0030v000002EOuaAAG"}]}'
    http_version: 
  recorded_at: Tue, 13 Jun 2017 20:36:23 GMT
- request:
    method: patch
    uri: "<tutor_specs_instance_url>/services/data/v37.0/sobjects/OS_Ancillary__c/a1S0v0000000FLJEA2"
    body:
      encoding: UTF-8
      string: '{"Status__c":"Approved","Course_Start_Date__c":"2017-01-01","External_ID__c":6,"External_UUID__c":"<UUID_5>","E_Created_Date__c":"2017-06-13T20:36:10Z","Teacher_Join_URL__c":"http://localhost:3001/teach/2b0b6a49bbe59a7854b8d881df5cb048/DO_NOT_GIVE_TO_STUDENTS","Active_Teachers__c":1,"Sections__c":2,"Students_Using__c":6,"Students_Paid__c":1,"Students_Comped__c":2,"Students_Refunded__c":1,"Estimated_Enrollment__c":42,"Paid_Course__c":true}'
    headers:
      User-Agent:
      - Faraday v0.9.2
      Content-Type:
      - application/json
      Authorization:
      - OAuth <tutor_specs_oauth_token>
      Accept-Encoding:
      - gzip;q=1.0,deflate;q=0.6,identity;q=0.3
      Accept:
      - "*/*"
  response:
    status:
      code: 204
      message: No Content
    headers:
      Date:
      - Tue, 13 Jun 2017 20:36:23 GMT
      Strict-Transport-Security:
      - max-age=31536000; includeSubDomains
      X-Content-Type-Options:
      - nosniff
      X-Xss-Protection:
      - 1; mode=block
      Content-Security-Policy:
      - referrer origin-when-cross-origin; upgrade-insecure-requests
      Set-Cookie:
      - BrowserId=rUR59QXASGWdsy0_sUFipw;Path=/;Domain=.salesforce.com;Expires=Sat,
        12-Aug-2017 20:36:23 GMT
      Expires:
      - Thu, 01 Jan 1970 00:00:00 GMT
      Sforce-Limit-Info:
      - api-usage=345/48000
    body:
      encoding: UTF-8
      string: ''
    http_version: 
  recorded_at: Tue, 13 Jun 2017 20:36:23 GMT
- request:
    method: get
    uri: "<tutor_specs_instance_url>/services/data/v37.0/query?q=SELECT%20Id,%20Status__c,%20Product__c,%20Account_Type__c,%20Book_Name__c,%20Course_Start_Date__c,%20Course_Name__c,%20Course_Code__c,%20External_ID__c,%20External_UUID__c,%20E_Created_Date__c,%20Error__c,%20General_Access_URL__c,%20Teacher_Join_URL__c,%20School_Name__c,%20Active_Teachers__c,%20Sections__c,%20Students_Using__c,%20Students_Paid__c,%20Students_Comped__c,%20Students_Refunded__c,%20TermYear__c,%20Term__c,%20Manual_Base_Year__c,%20Estimated_Enrollment__c,%20Paid_Course__c,%20Opportunity__c,%20Individual_Adoption__c,%20Contact__c%20FROM%20OS_Ancillary__c%20WHERE%20(Individual_Adoption__c%20=%20%27a1W0v0000004bPnEAI%27)"
    body:
      encoding: US-ASCII
      string: ''
    headers:
      User-Agent:
      - Faraday v0.9.2
      Authorization:
      - OAuth <tutor_specs_oauth_token>
      Accept-Encoding:
      - gzip;q=1.0,deflate;q=0.6,identity;q=0.3
      Accept:
      - "*/*"
  response:
    status:
      code: 200
      message: OK
    headers:
      Date:
      - Tue, 13 Jun 2017 20:36:24 GMT
      Strict-Transport-Security:
      - max-age=31536000; includeSubDomains
      X-Content-Type-Options:
      - nosniff
      X-Xss-Protection:
      - 1; mode=block
      Content-Security-Policy:
      - referrer origin-when-cross-origin; upgrade-insecure-requests
      Set-Cookie:
      - BrowserId=JetxgC0bSo-qrbtg_UwjrQ;Path=/;Domain=.salesforce.com;Expires=Sat,
        12-Aug-2017 20:36:24 GMT
      Expires:
      - Thu, 01 Jan 1970 00:00:00 GMT
      Sforce-Limit-Info:
      - api-usage=342/48000
      Content-Type:
      - application/json;charset=UTF-8
      Vary:
      - Accept-Encoding
      Transfer-Encoding:
      - chunked
    body:
      encoding: ASCII-8BIT
      string: '{"totalSize":1,"done":true,"records":[{"attributes":{"type":"OS_Ancillary__c","url":"/services/data/v37.0/sobjects/OS_Ancillary__c/a1S0v0000000FLJEA2"},"Id":"a1S0v0000000FLJEA2","Status__c":"Approved","Product__c":"Tutor","Account_Type__c":null,"Book_Name__c":"Chemistry","Course_Start_Date__c":"2017-01-01","Course_Name__c":null,"Course_Code__c":null,"External_ID__c":"6","External_UUID__c":"<UUID_5>","E_Created_Date__c":"2017-06-13T20:36:10.000+0000","Error__c":null,"General_Access_URL__c":"https://tutor.openstax.org/courses/6/dashboard","Teacher_Join_URL__c":"http://localhost:3001/teach/2b0b6a49bbe59a7854b8d881df5cb048/DO_NOT_GIVE_TO_STUDENTS","School_Name__c":"JP
        University","Active_Teachers__c":1.0,"Sections__c":2.0,"Students_Using__c":6.0,"Students_Paid__c":1.0,"Students_Comped__c":2.0,"Students_Refunded__c":1.0,"TermYear__c":"2016
        - 17 Spring","Term__c":"Spring","Manual_Base_Year__c":2016.0,"Estimated_Enrollment__c":42.0,"Paid_Course__c":true,"Opportunity__c":null,"Individual_Adoption__c":"a1W0v0000004bPnEAI","Contact__c":"0030v000002EOuaAAG"}]}'
    http_version: 
  recorded_at: Tue, 13 Jun 2017 20:36:24 GMT
- request:
    method: get
    uri: "<tutor_specs_instance_url>/services/data/v37.0/query?q=SELECT%20Id,%20Status__c,%20Product__c,%20Account_Type__c,%20Book_Name__c,%20Course_Start_Date__c,%20Course_Name__c,%20Course_Code__c,%20External_ID__c,%20External_UUID__c,%20E_Created_Date__c,%20Error__c,%20General_Access_URL__c,%20Teacher_Join_URL__c,%20School_Name__c,%20Active_Teachers__c,%20Sections__c,%20Students_Using__c,%20Students_Paid__c,%20Students_Comped__c,%20Students_Refunded__c,%20TermYear__c,%20Term__c,%20Manual_Base_Year__c,%20Estimated_Enrollment__c,%20Paid_Course__c,%20Opportunity__c,%20Individual_Adoption__c,%20Contact__c%20FROM%20OS_Ancillary__c%20WHERE%20(Id%20=%20%27a1S0v0000000FLJEA2%27)%20LIMIT%201"
    body:
      encoding: US-ASCII
      string: ''
    headers:
      User-Agent:
      - Faraday v0.9.2
      Authorization:
      - OAuth <tutor_specs_oauth_token>
      Accept-Encoding:
      - gzip;q=1.0,deflate;q=0.6,identity;q=0.3
      Accept:
      - "*/*"
  response:
    status:
      code: 200
      message: OK
    headers:
      Date:
      - Tue, 13 Jun 2017 20:36:24 GMT
      Strict-Transport-Security:
      - max-age=31536000; includeSubDomains
      X-Content-Type-Options:
      - nosniff
      X-Xss-Protection:
      - 1; mode=block
      Content-Security-Policy:
      - referrer origin-when-cross-origin; upgrade-insecure-requests
      Set-Cookie:
      - BrowserId=4xb2qpcLQ5q4VebTkGDqfQ;Path=/;Domain=.salesforce.com;Expires=Sat,
        12-Aug-2017 20:36:24 GMT
      Expires:
      - Thu, 01 Jan 1970 00:00:00 GMT
      Sforce-Limit-Info:
      - api-usage=345/48000
      Content-Type:
      - application/json;charset=UTF-8
      Vary:
      - Accept-Encoding
      Transfer-Encoding:
      - chunked
    body:
      encoding: ASCII-8BIT
      string: '{"totalSize":1,"done":true,"records":[{"attributes":{"type":"OS_Ancillary__c","url":"/services/data/v37.0/sobjects/OS_Ancillary__c/a1S0v0000000FLJEA2"},"Id":"a1S0v0000000FLJEA2","Status__c":"Approved","Product__c":"Tutor","Account_Type__c":null,"Book_Name__c":"Chemistry","Course_Start_Date__c":"2017-01-01","Course_Name__c":null,"Course_Code__c":null,"External_ID__c":"6","External_UUID__c":"<UUID_5>","E_Created_Date__c":"2017-06-13T20:36:10.000+0000","Error__c":null,"General_Access_URL__c":"https://tutor.openstax.org/courses/6/dashboard","Teacher_Join_URL__c":"http://localhost:3001/teach/2b0b6a49bbe59a7854b8d881df5cb048/DO_NOT_GIVE_TO_STUDENTS","School_Name__c":"JP
        University","Active_Teachers__c":1.0,"Sections__c":2.0,"Students_Using__c":6.0,"Students_Paid__c":1.0,"Students_Comped__c":2.0,"Students_Refunded__c":1.0,"TermYear__c":"2016
        - 17 Spring","Term__c":"Spring","Manual_Base_Year__c":2016.0,"Estimated_Enrollment__c":42.0,"Paid_Course__c":true,"Opportunity__c":null,"Individual_Adoption__c":"a1W0v0000004bPnEAI","Contact__c":"0030v000002EOuaAAG"}]}'
    http_version: 
  recorded_at: Tue, 13 Jun 2017 20:36:24 GMT
recorded_with: VCR 2.9.3
