---
http_interactions:
- request:
    method: get
    uri: "<tutor_specs_instance_url>/services/data/v37.0/query?q=SELECT%20Id,%20accounts_uuid__c,%20Contact__c,%20pardot_reported_contact_id__c,%20pardot_reported_piaid__c,%20pardot_reported_picid__c,%20first_teacher_contact_id__c,%20arrived_marketing_page_from_pardot_at__c,%20days_since_arrived_marketing_page_from_p__c,%20preview_created_at__c,%20real_course_created_at__c,%20like_preview_ask_later_count__c,%20like_preview_yes_at__c,%20days_since_like_preview_yes__c,%20latest_adoption_decision__c,%20latest_adoption_decision_at__c%20FROM%20TutorOnboardingA__c%20WHERE%20(first_teacher_contact_id__c%20=%20%270030S000005PJCeQAO%27)%20LIMIT%201"
    body:
      encoding: US-ASCII
      string: ''
    headers:
      User-Agent:
      - Faraday v0.9.2
      Authorization:
      - OAuth 00D0S0000000XrX!ARMAQAdbbSHGgK9AgUP.u5PKjxpZ0bmyeH_LkmARJe8a8OSWhI8k3mLAlBJjgGGLbFA3lA3ccmGfZy71uGeopROsqer1zj3K
      Accept-Encoding:
      - gzip;q=1.0,deflate;q=0.6,identity;q=0.3
      Accept:
      - "*/*"
  response:
    status:
      code: 200
      message: OK
    headers:
      Date:
      - Wed, 17 May 2017 21:09:21 GMT
      Strict-Transport-Security:
      - max-age=31536000; includeSubDomains
      X-Content-Type-Options:
      - nosniff
      X-Xss-Protection:
      - 1; mode=block
      Content-Security-Policy:
      - referrer origin-when-cross-origin; upgrade-insecure-requests
      Set-Cookie:
      - BrowserId=X75yorgDQZGtu6-0OxEi3A;Path=/;Domain=.salesforce.com;Expires=Sun,
        16-Jul-2017 21:09:21 GMT
      Expires:
      - Thu, 01 Jan 1970 00:00:00 GMT
      Sforce-Limit-Info:
      - api-usage=252/48000
      Content-Type:
      - application/json;charset=UTF-8
      Vary:
      - Accept-Encoding
      Transfer-Encoding:
      - chunked
    body:
      encoding: ASCII-8BIT
      string: '{"totalSize":0,"done":true,"records":[]}'
    http_version: 
  recorded_at: Wed, 17 May 2017 21:09:21 GMT
- request:
    method: get
    uri: "<tutor_specs_instance_url>/services/data/v37.0/query?q=SELECT%20Id,%20accounts_uuid__c,%20Contact__c,%20pardot_reported_contact_id__c,%20pardot_reported_piaid__c,%20pardot_reported_picid__c,%20first_teacher_contact_id__c,%20arrived_marketing_page_from_pardot_at__c,%20days_since_arrived_marketing_page_from_p__c,%20preview_created_at__c,%20real_course_created_at__c,%20like_preview_ask_later_count__c,%20like_preview_yes_at__c,%20days_since_like_preview_yes__c,%20latest_adoption_decision__c,%20latest_adoption_decision_at__c%20FROM%20TutorOnboardingA__c%20WHERE%20(accounts_uuid__c%20=%20%27ae857409-8529-40f2-8e9e-18bb1b3cc72c%27)%20LIMIT%201"
    body:
      encoding: US-ASCII
      string: ''
    headers:
      User-Agent:
      - Faraday v0.9.2
      Authorization:
      - OAuth 00D0S0000000XrX!ARMAQAdbbSHGgK9AgUP.u5PKjxpZ0bmyeH_LkmARJe8a8OSWhI8k3mLAlBJjgGGLbFA3lA3ccmGfZy71uGeopROsqer1zj3K
      Accept-Encoding:
      - gzip;q=1.0,deflate;q=0.6,identity;q=0.3
      Accept:
      - "*/*"
  response:
    status:
      code: 200
      message: OK
    headers:
      Date:
      - Wed, 17 May 2017 21:09:22 GMT
      Strict-Transport-Security:
      - max-age=31536000; includeSubDomains
      X-Content-Type-Options:
      - nosniff
      X-Xss-Protection:
      - 1; mode=block
      Content-Security-Policy:
      - referrer origin-when-cross-origin; upgrade-insecure-requests
      Set-Cookie:
      - BrowserId=vV6Z-X0VRzqYf_OXa8w3dQ;Path=/;Domain=.salesforce.com;Expires=Sun,
        16-Jul-2017 21:09:22 GMT
      Expires:
      - Thu, 01 Jan 1970 00:00:00 GMT
      Sforce-Limit-Info:
      - api-usage=246/48000
      Content-Type:
      - application/json;charset=UTF-8
      Vary:
      - Accept-Encoding
      Transfer-Encoding:
      - chunked
    body:
      encoding: ASCII-8BIT
      string: '{"totalSize":0,"done":true,"records":[]}'
    http_version: 
  recorded_at: Wed, 17 May 2017 21:09:22 GMT
- request:
    method: get
    uri: "<tutor_specs_instance_url>/services/data/v37.0/query?q=SELECT%20Id,%20accounts_uuid__c,%20Contact__c,%20pardot_reported_contact_id__c,%20pardot_reported_piaid__c,%20pardot_reported_picid__c,%20first_teacher_contact_id__c,%20arrived_marketing_page_from_pardot_at__c,%20days_since_arrived_marketing_page_from_p__c,%20preview_created_at__c,%20real_course_created_at__c,%20like_preview_ask_later_count__c,%20like_preview_yes_at__c,%20days_since_like_preview_yes__c,%20latest_adoption_decision__c,%20latest_adoption_decision_at__c%20FROM%20TutorOnboardingA__c%20WHERE%20(Id%20=%20%27a0K0S000001HljiUAC%27)%20LIMIT%201"
    body:
      encoding: US-ASCII
      string: ''
    headers:
      User-Agent:
      - Faraday v0.9.2
      Authorization:
      - OAuth 00D0S0000000XrX!ARMAQAdbbSHGgK9AgUP.u5PKjxpZ0bmyeH_LkmARJe8a8OSWhI8k3mLAlBJjgGGLbFA3lA3ccmGfZy71uGeopROsqer1zj3K
      Accept-Encoding:
      - gzip;q=1.0,deflate;q=0.6,identity;q=0.3
      Accept:
      - "*/*"
  response:
    status:
      code: 200
      message: OK
    headers:
      Date:
      - Wed, 17 May 2017 21:09:22 GMT
      Strict-Transport-Security:
      - max-age=31536000; includeSubDomains
      X-Content-Type-Options:
      - nosniff
      X-Xss-Protection:
      - 1; mode=block
      Content-Security-Policy:
      - referrer origin-when-cross-origin; upgrade-insecure-requests
      Set-Cookie:
      - BrowserId=8y6fOwvYQRqJigEUYC9hSw;Path=/;Domain=.salesforce.com;Expires=Sun,
        16-Jul-2017 21:09:22 GMT
      Expires:
      - Thu, 01 Jan 1970 00:00:00 GMT
      Sforce-Limit-Info:
      - api-usage=252/48000
      Content-Type:
      - application/json;charset=UTF-8
      Vary:
      - Accept-Encoding
      Transfer-Encoding:
      - chunked
    body:
      encoding: ASCII-8BIT
      string: '{"totalSize":1,"done":true,"records":[{"attributes":{"type":"TutorOnboardingA__c","url":"/services/data/v37.0/sobjects/TutorOnboardingA__c/a0K0S000001HljiUAC"},"Id":"a0K0S000001HljiUAC","accounts_uuid__c":"ae857409-8529-40f2-8e9e-18bb1b3cc72c","Contact__c":null,"pardot_reported_contact_id__c":null,"pardot_reported_piaid__c":null,"pardot_reported_picid__c":null,"first_teacher_contact_id__c":"0030S000005PJCeQAO","arrived_marketing_page_from_pardot_at__c":null,"days_since_arrived_marketing_page_from_p__c":null,"preview_created_at__c":null,"real_course_created_at__c":null,"like_preview_ask_later_count__c":null,"like_preview_yes_at__c":"2017-05-17T21:09:22.000+0000","days_since_like_preview_yes__c":0.0,"latest_adoption_decision__c":null,"latest_adoption_decision_at__c":null}]}'
    http_version: 
  recorded_at: Wed, 17 May 2017 21:09:22 GMT
- request:
    method: get
    uri: "<tutor_specs_instance_url>/services/data/v37.0/query?q=SELECT%20Id,%20accounts_uuid__c,%20Contact__c,%20pardot_reported_contact_id__c,%20pardot_reported_piaid__c,%20pardot_reported_picid__c,%20first_teacher_contact_id__c,%20arrived_marketing_page_from_pardot_at__c,%20days_since_arrived_marketing_page_from_p__c,%20preview_created_at__c,%20real_course_created_at__c,%20like_preview_ask_later_count__c,%20like_preview_yes_at__c,%20days_since_like_preview_yes__c,%20latest_adoption_decision__c,%20latest_adoption_decision_at__c%20FROM%20TutorOnboardingA__c%20WHERE%20(first_teacher_contact_id__c%20=%20%270030S000005PNGiQAO%27)%20LIMIT%201"
    body:
      encoding: US-ASCII
      string: ''
    headers:
      User-Agent:
      - Faraday v0.9.2
      Authorization:
      - OAuth 00D0S0000000XrX!ARMAQAdbbSHGgK9AgUP.u5PKjxpZ0bmyeH_LkmARJe8a8OSWhI8k3mLAlBJjgGGLbFA3lA3ccmGfZy71uGeopROsqer1zj3K
      Accept-Encoding:
      - gzip;q=1.0,deflate;q=0.6,identity;q=0.3
      Accept:
      - "*/*"
  response:
    status:
      code: 200
      message: OK
    headers:
      Date:
      - Wed, 17 May 2017 22:57:53 GMT
      Strict-Transport-Security:
      - max-age=31536000; includeSubDomains
      X-Content-Type-Options:
      - nosniff
      X-Xss-Protection:
      - 1; mode=block
      Content-Security-Policy:
      - referrer origin-when-cross-origin; upgrade-insecure-requests
      Set-Cookie:
      - BrowserId=WGLlEcl-RA2pLt4_Q2wekA;Path=/;Domain=.salesforce.com;Expires=Sun,
        16-Jul-2017 22:57:53 GMT
      Expires:
      - Thu, 01 Jan 1970 00:00:00 GMT
      Sforce-Limit-Info:
      - api-usage=347/48000
      Content-Type:
      - application/json;charset=UTF-8
      Vary:
      - Accept-Encoding
      Transfer-Encoding:
      - chunked
    body:
      encoding: ASCII-8BIT
      string: '{"totalSize":0,"done":true,"records":[]}'
    http_version: 
  recorded_at: Wed, 17 May 2017 22:57:53 GMT
- request:
    method: get
    uri: "<tutor_specs_instance_url>/services/data/v37.0/query?q=SELECT%20Id,%20accounts_uuid__c,%20Contact__c,%20pardot_reported_contact_id__c,%20pardot_reported_piaid__c,%20pardot_reported_picid__c,%20first_teacher_contact_id__c,%20arrived_marketing_page_from_pardot_at__c,%20days_since_arrived_marketing_page_from_p__c,%20preview_created_at__c,%20real_course_created_at__c,%20like_preview_ask_later_count__c,%20like_preview_yes_at__c,%20days_since_like_preview_yes__c,%20latest_adoption_decision__c,%20latest_adoption_decision_at__c%20FROM%20TutorOnboardingA__c%20WHERE%20(accounts_uuid__c%20=%20%27f3dd0c19-8415-427e-b4c0-eaff0374c799%27)%20LIMIT%201"
    body:
      encoding: US-ASCII
      string: ''
    headers:
      User-Agent:
      - Faraday v0.9.2
      Authorization:
      - OAuth 00D0S0000000XrX!ARMAQAdbbSHGgK9AgUP.u5PKjxpZ0bmyeH_LkmARJe8a8OSWhI8k3mLAlBJjgGGLbFA3lA3ccmGfZy71uGeopROsqer1zj3K
      Accept-Encoding:
      - gzip;q=1.0,deflate;q=0.6,identity;q=0.3
      Accept:
      - "*/*"
  response:
    status:
      code: 200
      message: OK
    headers:
      Date:
      - Wed, 17 May 2017 22:57:53 GMT
      Strict-Transport-Security:
      - max-age=31536000; includeSubDomains
      X-Content-Type-Options:
      - nosniff
      X-Xss-Protection:
      - 1; mode=block
      Content-Security-Policy:
      - referrer origin-when-cross-origin; upgrade-insecure-requests
      Set-Cookie:
      - BrowserId=OqptT9FbSxmIhYH9Ol84OA;Path=/;Domain=.salesforce.com;Expires=Sun,
        16-Jul-2017 22:57:53 GMT
      Expires:
      - Thu, 01 Jan 1970 00:00:00 GMT
      Sforce-Limit-Info:
      - api-usage=344/48000
      Content-Type:
      - application/json;charset=UTF-8
      Vary:
      - Accept-Encoding
      Transfer-Encoding:
      - chunked
    body:
      encoding: ASCII-8BIT
      string: '{"totalSize":0,"done":true,"records":[]}'
    http_version: 
  recorded_at: Wed, 17 May 2017 22:57:53 GMT
- request:
    method: get
    uri: "<tutor_specs_instance_url>/services/data/v37.0/query?q=SELECT%20Id,%20accounts_uuid__c,%20Contact__c,%20pardot_reported_contact_id__c,%20pardot_reported_piaid__c,%20pardot_reported_picid__c,%20first_teacher_contact_id__c,%20arrived_marketing_page_from_pardot_at__c,%20days_since_arrived_marketing_page_from_p__c,%20preview_created_at__c,%20real_course_created_at__c,%20like_preview_ask_later_count__c,%20like_preview_yes_at__c,%20days_since_like_preview_yes__c,%20latest_adoption_decision__c,%20latest_adoption_decision_at__c%20FROM%20TutorOnboardingA__c%20WHERE%20(Id%20=%20%27a0K0S000001HllAUAS%27)%20LIMIT%201"
    body:
      encoding: US-ASCII
      string: ''
    headers:
      User-Agent:
      - Faraday v0.9.2
      Authorization:
      - OAuth 00D0S0000000XrX!ARMAQAdbbSHGgK9AgUP.u5PKjxpZ0bmyeH_LkmARJe8a8OSWhI8k3mLAlBJjgGGLbFA3lA3ccmGfZy71uGeopROsqer1zj3K
      Accept-Encoding:
      - gzip;q=1.0,deflate;q=0.6,identity;q=0.3
      Accept:
      - "*/*"
  response:
    status:
      code: 200
      message: OK
    headers:
      Date:
      - Wed, 17 May 2017 22:57:54 GMT
      Strict-Transport-Security:
      - max-age=31536000; includeSubDomains
      X-Content-Type-Options:
      - nosniff
      X-Xss-Protection:
      - 1; mode=block
      Content-Security-Policy:
      - referrer origin-when-cross-origin; upgrade-insecure-requests
      Set-Cookie:
      - BrowserId=cXd1zCspRrCgtw5EJnNNDA;Path=/;Domain=.salesforce.com;Expires=Sun,
        16-Jul-2017 22:57:54 GMT
      Expires:
      - Thu, 01 Jan 1970 00:00:00 GMT
      Sforce-Limit-Info:
      - api-usage=345/48000
      Content-Type:
      - application/json;charset=UTF-8
      Vary:
      - Accept-Encoding
      Transfer-Encoding:
      - chunked
    body:
      encoding: ASCII-8BIT
      string: '{"totalSize":1,"done":true,"records":[{"attributes":{"type":"TutorOnboardingA__c","url":"/services/data/v37.0/sobjects/TutorOnboardingA__c/a0K0S000001HllAUAS"},"Id":"a0K0S000001HllAUAS","accounts_uuid__c":"f3dd0c19-8415-427e-b4c0-eaff0374c799","Contact__c":null,"pardot_reported_contact_id__c":null,"pardot_reported_piaid__c":null,"pardot_reported_picid__c":null,"first_teacher_contact_id__c":"0030S000005PNGiQAO","arrived_marketing_page_from_pardot_at__c":null,"days_since_arrived_marketing_page_from_p__c":null,"preview_created_at__c":null,"real_course_created_at__c":null,"like_preview_ask_later_count__c":null,"like_preview_yes_at__c":"2017-05-17T22:57:53.000+0000","days_since_like_preview_yes__c":0.0,"latest_adoption_decision__c":null,"latest_adoption_decision_at__c":null}]}'
    http_version: 
  recorded_at: Wed, 17 May 2017 22:57:54 GMT
- request:
    method: post
    uri: "<tutor_specs_instance_url>/services/data/v37.0/sobjects/Contact"
    body:
      encoding: UTF-8
      string: '{"FirstName":"Velda","LastName":"Carter","AccountId":"0010S0000057qMUQAY"}'
    headers:
      User-Agent:
      - Faraday v0.9.2
      Content-Type:
      - application/json
      Authorization:
      - OAuth 00D0S0000000XrX!ARMAQAdbbSHGgK9AgUP.u5PKjxpZ0bmyeH_LkmARJe8a8OSWhI8k3mLAlBJjgGGLbFA3lA3ccmGfZy71uGeopROsqer1zj3K
      Accept-Encoding:
      - gzip;q=1.0,deflate;q=0.6,identity;q=0.3
      Accept:
      - "*/*"
  response:
    status:
      code: 201
      message: Created
    headers:
      Date:
      - Wed, 17 May 2017 23:38:36 GMT
      Strict-Transport-Security:
      - max-age=31536000; includeSubDomains
      X-Content-Type-Options:
      - nosniff
      X-Xss-Protection:
      - 1; mode=block
      Content-Security-Policy:
      - referrer origin-when-cross-origin; upgrade-insecure-requests
      Set-Cookie:
      - BrowserId=nyq-v0FnSf2DN_onnltdEQ;Path=/;Domain=.salesforce.com;Expires=Sun,
        16-Jul-2017 23:38:36 GMT
      Expires:
      - Thu, 01 Jan 1970 00:00:00 GMT
      Sforce-Limit-Info:
      - api-usage=505/48000
      Location:
      - "/services/data/v37.0/sobjects/Contact/0030S000005POhVQAW"
      Content-Type:
      - application/json;charset=UTF-8
      Vary:
      - Accept-Encoding
      Transfer-Encoding:
      - chunked
    body:
      encoding: ASCII-8BIT
      string: '{"id":"0030S000005POhVQAW","success":true,"errors":[]}'
    http_version: 
  recorded_at: Wed, 17 May 2017 23:38:37 GMT
- request:
    method: get
    uri: "<tutor_specs_instance_url>/services/data/v37.0/query?q=SELECT%20Id,%20accounts_uuid__c,%20Contact__c,%20pardot_reported_contact_id__c,%20pardot_reported_piaid__c,%20pardot_reported_picid__c,%20first_teacher_contact_id__c,%20arrived_marketing_page_from_pardot_at__c,%20days_since_arrived_marketing_page_from_p__c,%20preview_created_at__c,%20real_course_created_at__c,%20like_preview_ask_later_count__c,%20like_preview_yes_at__c,%20days_since_like_preview_yes__c,%20latest_adoption_decision__c,%20latest_adoption_decision_at__c%20FROM%20TutorOnboardingA__c%20WHERE%20(first_teacher_contact_id__c%20=%20%270030S000005POhVQAW%27)%20LIMIT%201"
    body:
      encoding: US-ASCII
      string: ''
    headers:
      User-Agent:
      - Faraday v0.9.2
      Authorization:
      - OAuth 00D0S0000000XrX!ARMAQAdbbSHGgK9AgUP.u5PKjxpZ0bmyeH_LkmARJe8a8OSWhI8k3mLAlBJjgGGLbFA3lA3ccmGfZy71uGeopROsqer1zj3K
      Accept-Encoding:
      - gzip;q=1.0,deflate;q=0.6,identity;q=0.3
      Accept:
      - "*/*"
  response:
    status:
      code: 200
      message: OK
    headers:
      Date:
      - Wed, 17 May 2017 23:38:37 GMT
      Strict-Transport-Security:
      - max-age=31536000; includeSubDomains
      X-Content-Type-Options:
      - nosniff
      X-Xss-Protection:
      - 1; mode=block
      Content-Security-Policy:
      - referrer origin-when-cross-origin; upgrade-insecure-requests
      Set-Cookie:
      - BrowserId=4bI8dSgSRAO6wZZdUknZSQ;Path=/;Domain=.salesforce.com;Expires=Sun,
        16-Jul-2017 23:38:37 GMT
      Expires:
      - Thu, 01 Jan 1970 00:00:00 GMT
      Sforce-Limit-Info:
      - api-usage=507/48000
      Content-Type:
      - application/json;charset=UTF-8
      Vary:
      - Accept-Encoding
      Transfer-Encoding:
      - chunked
    body:
      encoding: ASCII-8BIT
      string: '{"totalSize":0,"done":true,"records":[]}'
    http_version: 
  recorded_at: Wed, 17 May 2017 23:38:37 GMT
- request:
    method: get
    uri: "<tutor_specs_instance_url>/services/data/v37.0/query?q=SELECT%20Id,%20accounts_uuid__c,%20Contact__c,%20pardot_reported_contact_id__c,%20pardot_reported_piaid__c,%20pardot_reported_picid__c,%20first_teacher_contact_id__c,%20arrived_marketing_page_from_pardot_at__c,%20days_since_arrived_marketing_page_from_p__c,%20preview_created_at__c,%20real_course_created_at__c,%20like_preview_ask_later_count__c,%20like_preview_yes_at__c,%20days_since_like_preview_yes__c,%20latest_adoption_decision__c,%20latest_adoption_decision_at__c%20FROM%20TutorOnboardingA__c%20WHERE%20(accounts_uuid__c%20=%20%27448c3519-d55a-4cc7-8ced-a070deb34b1c%27)%20LIMIT%201"
    body:
      encoding: US-ASCII
      string: ''
    headers:
      User-Agent:
      - Faraday v0.9.2
      Authorization:
      - OAuth 00D0S0000000XrX!ARMAQAdbbSHGgK9AgUP.u5PKjxpZ0bmyeH_LkmARJe8a8OSWhI8k3mLAlBJjgGGLbFA3lA3ccmGfZy71uGeopROsqer1zj3K
      Accept-Encoding:
      - gzip;q=1.0,deflate;q=0.6,identity;q=0.3
      Accept:
      - "*/*"
  response:
    status:
      code: 200
      message: OK
    headers:
      Date:
      - Wed, 17 May 2017 23:38:37 GMT
      Strict-Transport-Security:
      - max-age=31536000; includeSubDomains
      X-Content-Type-Options:
      - nosniff
      X-Xss-Protection:
      - 1; mode=block
      Content-Security-Policy:
      - referrer origin-when-cross-origin; upgrade-insecure-requests
      Set-Cookie:
      - BrowserId=QL-dN69ETAqXSASSDUg-4Q;Path=/;Domain=.salesforce.com;Expires=Sun,
        16-Jul-2017 23:38:37 GMT
      Expires:
      - Thu, 01 Jan 1970 00:00:00 GMT
      Sforce-Limit-Info:
      - api-usage=507/48000
      Content-Type:
      - application/json;charset=UTF-8
      Vary:
      - Accept-Encoding
      Transfer-Encoding:
      - chunked
    body:
      encoding: ASCII-8BIT
      string: '{"totalSize":0,"done":true,"records":[]}'
    http_version: 
  recorded_at: Wed, 17 May 2017 23:38:37 GMT
- request:
    method: post
    uri: "<tutor_specs_instance_url>/services/data/v37.0/sobjects/TutorOnboardingA__c"
    body:
      encoding: UTF-8
      string: '{"accounts_uuid__c":"448c3519-d55a-4cc7-8ced-a070deb34b1c","first_teacher_contact_id__c":"0030S000005POhVQAW","like_preview_yes_at__c":"2017-05-17T23:38:37.955+00:00"}'
    headers:
      User-Agent:
      - Faraday v0.9.2
      Content-Type:
      - application/json
      Authorization:
      - OAuth 00D0S0000000XrX!ARMAQAdbbSHGgK9AgUP.u5PKjxpZ0bmyeH_LkmARJe8a8OSWhI8k3mLAlBJjgGGLbFA3lA3ccmGfZy71uGeopROsqer1zj3K
      Accept-Encoding:
      - gzip;q=1.0,deflate;q=0.6,identity;q=0.3
      Accept:
      - "*/*"
  response:
    status:
      code: 201
      message: Created
    headers:
      Date:
      - Wed, 17 May 2017 23:38:38 GMT
      Strict-Transport-Security:
      - max-age=31536000; includeSubDomains
      X-Content-Type-Options:
      - nosniff
      X-Xss-Protection:
      - 1; mode=block
      Content-Security-Policy:
      - referrer origin-when-cross-origin; upgrade-insecure-requests
      Set-Cookie:
      - BrowserId=MwZidD4_QLygEzI0m_UKfA;Path=/;Domain=.salesforce.com;Expires=Sun,
        16-Jul-2017 23:38:38 GMT
      Expires:
      - Thu, 01 Jan 1970 00:00:00 GMT
      Sforce-Limit-Info:
      - api-usage=510/48000
      Location:
      - "/services/data/v37.0/sobjects/TutorOnboardingA__c/a0K0S000001HlnvUAC"
      Content-Type:
      - application/json;charset=UTF-8
      Vary:
      - Accept-Encoding
      Transfer-Encoding:
      - chunked
    body:
      encoding: ASCII-8BIT
      string: '{"id":"a0K0S000001HlnvUAC","success":true,"errors":[]}'
    http_version: 
  recorded_at: Wed, 17 May 2017 23:38:38 GMT
- request:
    method: get
    uri: "<tutor_specs_instance_url>/services/data/v37.0/query?q=SELECT%20Id,%20accounts_uuid__c,%20Contact__c,%20pardot_reported_contact_id__c,%20pardot_reported_piaid__c,%20pardot_reported_picid__c,%20first_teacher_contact_id__c,%20arrived_marketing_page_from_pardot_at__c,%20days_since_arrived_marketing_page_from_p__c,%20preview_created_at__c,%20real_course_created_at__c,%20like_preview_ask_later_count__c,%20like_preview_yes_at__c,%20days_since_like_preview_yes__c,%20latest_adoption_decision__c,%20latest_adoption_decision_at__c%20FROM%20TutorOnboardingA__c%20WHERE%20(Id%20=%20%27a0K0S000001HlnvUAC%27)%20LIMIT%201"
    body:
      encoding: US-ASCII
      string: ''
    headers:
      User-Agent:
      - Faraday v0.9.2
      Authorization:
      - OAuth 00D0S0000000XrX!ARMAQAdbbSHGgK9AgUP.u5PKjxpZ0bmyeH_LkmARJe8a8OSWhI8k3mLAlBJjgGGLbFA3lA3ccmGfZy71uGeopROsqer1zj3K
      Accept-Encoding:
      - gzip;q=1.0,deflate;q=0.6,identity;q=0.3
      Accept:
      - "*/*"
  response:
    status:
      code: 200
      message: OK
    headers:
      Date:
      - Wed, 17 May 2017 23:38:38 GMT
      Strict-Transport-Security:
      - max-age=31536000; includeSubDomains
      X-Content-Type-Options:
      - nosniff
      X-Xss-Protection:
      - 1; mode=block
      Content-Security-Policy:
      - referrer origin-when-cross-origin; upgrade-insecure-requests
      Set-Cookie:
      - BrowserId=ScgyBUHoQyST1ESTut7Jww;Path=/;Domain=.salesforce.com;Expires=Sun,
        16-Jul-2017 23:38:38 GMT
      Expires:
      - Thu, 01 Jan 1970 00:00:00 GMT
      Sforce-Limit-Info:
      - api-usage=509/48000
      Content-Type:
      - application/json;charset=UTF-8
      Vary:
      - Accept-Encoding
      Transfer-Encoding:
      - chunked
    body:
      encoding: ASCII-8BIT
      string: '{"totalSize":1,"done":true,"records":[{"attributes":{"type":"TutorOnboardingA__c","url":"/services/data/v37.0/sobjects/TutorOnboardingA__c/a0K0S000001HlnvUAC"},"Id":"a0K0S000001HlnvUAC","accounts_uuid__c":"448c3519-d55a-4cc7-8ced-a070deb34b1c","Contact__c":null,"pardot_reported_contact_id__c":null,"pardot_reported_piaid__c":null,"pardot_reported_picid__c":null,"first_teacher_contact_id__c":"0030S000005POhVQAW","arrived_marketing_page_from_pardot_at__c":null,"days_since_arrived_marketing_page_from_p__c":null,"preview_created_at__c":null,"real_course_created_at__c":null,"like_preview_ask_later_count__c":null,"like_preview_yes_at__c":"2017-05-17T23:38:37.000+0000","days_since_like_preview_yes__c":0.0,"latest_adoption_decision__c":null,"latest_adoption_decision_at__c":null}]}'
    http_version: 
  recorded_at: Wed, 17 May 2017 23:38:38 GMT
recorded_with: VCR 2.9.3
