---
http_interactions:
- request:
    method: post
    uri: "<tutor_specs_instance_url>/services/data/v37.0/sobjects/CampaignMember"
    body:
      encoding: UTF-8
      string: '{"CampaignId":"701W0000000Sr5OIAS","ContactId":"003W000000ljcV1IAI"}'
    headers:
      User-Agent:
      - Faraday v0.9.2
      Content-Type:
      - application/json
      Authorization:
      - OAuth <tutor_specs_oauth_token>
      Accept-Encoding:
      - gzip;q=1.0,deflate;q=0.6,identity;q=0.3
      Accept:
      - "*/*"
  response:
    status:
      code: 201
      message: Created
    headers:
      Connection:
      - close
      Date:
      - Thu, 18 Jan 2018 20:49:10 GMT
      Strict-Transport-Security:
      - max-age=31536000; includeSubDomains
      X-Content-Type-Options:
      - nosniff
      X-Xss-Protection:
      - 1; mode=block
      Content-Security-Policy:
      - upgrade-insecure-requests
      X-Robots-Tag:
      - none
      Cache-Control:
      - no-cache,must-revalidate,max-age=0,no-store,private
      Set-Cookie:
      - BrowserId=XvMCGDYdSdm8VxDpVJPTWg;Path=/;Domain=.salesforce.com;Expires=Mon,
        19-Mar-2018 20:49:10 GMT;Max-Age=5184000
      Expires:
      - Thu, 01 Jan 1970 00:00:00 GMT
      Sforce-Limit-Info:
      - api-usage=144/48000
      Location:
      - "/services/data/v37.0/sobjects/CampaignMember/00vW0000003QMaBIAW"
      Content-Type:
      - application/json;charset=UTF-8
      Vary:
      - Accept-Encoding
    body:
      encoding: ASCII-8BIT
      string: '{"id":"00vW0000003QMaBIAW","success":true,"errors":[]}'
    http_version: 
  recorded_at: Thu, 18 Jan 2018 20:49:10 GMT
- request:
    method: get
    uri: "<tutor_specs_instance_url>/services/data/v37.0/query?q=SELECT%20Id,%20CampaignId,%20ContactId,%20accounts_uuid__c,%20pardot_reported_contact_id__c,%20pardot_reported_piaid__c,%20pardot_reported_picid__c,%20first_teacher_contact_id__c,%20arrived_marketing_page_from_pardot_at__c,%20arrived_marketing_page_not_from_pardot_a__c,%20preview_created_at__c,%20real_course_created_at__c,%20like_preview_ask_later_count__c,%20like_preview_yes_at__c,%20latest_adoption_decision__c,%20latest_adoption_decision_at__c,%20Estimated_Enrollment__c,%20Ignored_OSAs__c,%20Percent_Enrolled__c,%20School_Type__c,%20Students_Registered__c,%20Students_Reported_by_Teacher__c,%20Students_with_work__c,%20SyncField__c%20FROM%20CampaignMember%20WHERE%20(ContactId%20=%20%27003W000000ljcV1IAI%27)%20AND%20(CampaignId%20=%20%27701W0000000Sr5OIAS%27)%20LIMIT%201"
    body:
      encoding: US-ASCII
      string: ''
    headers:
      User-Agent:
      - Faraday v0.9.2
      Authorization:
      - OAuth <tutor_specs_oauth_token>
      Accept-Encoding:
      - gzip;q=1.0,deflate;q=0.6,identity;q=0.3
      Accept:
      - "*/*"
  response:
    status:
      code: 200
      message: OK
    headers:
      Connection:
      - close
      Date:
      - Thu, 18 Jan 2018 20:49:11 GMT
      Strict-Transport-Security:
      - max-age=31536000; includeSubDomains
      X-Content-Type-Options:
      - nosniff
      X-Xss-Protection:
      - 1; mode=block
      Content-Security-Policy:
      - upgrade-insecure-requests
      X-Robots-Tag:
      - none
      Cache-Control:
      - no-cache,must-revalidate,max-age=0,no-store,private
      Set-Cookie:
      - BrowserId=h9Xq_vOITUOqGYsn6jZ_Mw;Path=/;Domain=.salesforce.com;Expires=Mon,
        19-Mar-2018 20:49:11 GMT;Max-Age=5184000
      Expires:
      - Thu, 01 Jan 1970 00:00:00 GMT
      Sforce-Limit-Info:
      - api-usage=143/48000
      Content-Type:
      - application/json;charset=UTF-8
      Vary:
      - Accept-Encoding
    body:
      encoding: ASCII-8BIT
      string: '{"totalSize":1,"done":true,"records":[{"attributes":{"type":"CampaignMember","url":"/services/data/v37.0/sobjects/CampaignMember/00vW0000003QMaBIAW"},"Id":"00vW0000003QMaBIAW","CampaignId":"701W0000000Sr5OIAS","ContactId":"003W000000ljcV1IAI","accounts_uuid__c":null,"pardot_reported_contact_id__c":null,"pardot_reported_piaid__c":null,"pardot_reported_picid__c":null,"first_teacher_contact_id__c":null,"arrived_marketing_page_from_pardot_at__c":null,"arrived_marketing_page_not_from_pardot_a__c":null,"preview_created_at__c":null,"real_course_created_at__c":null,"like_preview_ask_later_count__c":null,"like_preview_yes_at__c":null,"latest_adoption_decision__c":null,"latest_adoption_decision_at__c":null,"Estimated_Enrollment__c":null,"Ignored_OSAs__c":false,"Percent_Enrolled__c":null,"School_Type__c":null,"Students_Registered__c":null,"Students_Reported_by_Teacher__c":null,"Students_with_work__c":null,"SyncField__c":null}]}'
    http_version: 
  recorded_at: Thu, 18 Jan 2018 20:49:11 GMT
- request:
    method: patch
    uri: "<tutor_specs_instance_url>/services/data/v37.0/sobjects/CampaignMember/00vW0000003QMaBIAW"
    body:
      encoding: UTF-8
      string: '{"accounts_uuid__c":"<USER_SF_A_UUID>","first_teacher_contact_id__c":"003W000000ljcV1IAI","like_preview_ask_later_count__c":1}'
    headers:
      User-Agent:
      - Faraday v0.9.2
      Content-Type:
      - application/json
      Authorization:
      - OAuth <tutor_specs_oauth_token>
      Accept-Encoding:
      - gzip;q=1.0,deflate;q=0.6,identity;q=0.3
      Accept:
      - "*/*"
  response:
    status:
      code: 204
      message: No Content
    headers:
      Date:
      - Thu, 18 Jan 2018 20:49:12 GMT
      Strict-Transport-Security:
      - max-age=31536000; includeSubDomains
      X-Content-Type-Options:
      - nosniff
      X-Xss-Protection:
      - 1; mode=block
      Content-Security-Policy:
      - upgrade-insecure-requests
      X-Robots-Tag:
      - none
      Cache-Control:
      - no-cache,must-revalidate,max-age=0,no-store,private
      Set-Cookie:
      - BrowserId=QmRQW8C_Td6Ty9LLheXkrA;Path=/;Domain=.salesforce.com;Expires=Mon,
        19-Mar-2018 20:49:12 GMT;Max-Age=5184000
      Expires:
      - Thu, 01 Jan 1970 00:00:00 GMT
      Sforce-Limit-Info:
      - api-usage=142/48000
    body:
      encoding: UTF-8
      string: ''
    http_version: 
  recorded_at: Thu, 18 Jan 2018 20:49:12 GMT
- request:
    method: get
    uri: "<tutor_specs_instance_url>/services/data/v37.0/query?q=SELECT%20Id,%20CampaignId,%20ContactId,%20accounts_uuid__c,%20pardot_reported_contact_id__c,%20pardot_reported_piaid__c,%20pardot_reported_picid__c,%20first_teacher_contact_id__c,%20arrived_marketing_page_from_pardot_at__c,%20arrived_marketing_page_not_from_pardot_a__c,%20preview_created_at__c,%20real_course_created_at__c,%20like_preview_ask_later_count__c,%20like_preview_yes_at__c,%20latest_adoption_decision__c,%20latest_adoption_decision_at__c,%20Estimated_Enrollment__c,%20Ignored_OSAs__c,%20Percent_Enrolled__c,%20School_Type__c,%20Students_Registered__c,%20Students_Reported_by_Teacher__c,%20Students_with_work__c,%20SyncField__c%20FROM%20CampaignMember%20WHERE%20(Id%20=%20%2700vW0000003QMaBIAW%27)%20LIMIT%201"
    body:
      encoding: US-ASCII
      string: ''
    headers:
      User-Agent:
      - Faraday v0.9.2
      Authorization:
      - OAuth <tutor_specs_oauth_token>
      Accept-Encoding:
      - gzip;q=1.0,deflate;q=0.6,identity;q=0.3
      Accept:
      - "*/*"
  response:
    status:
      code: 200
      message: OK
    headers:
      Connection:
      - close
      Date:
      - Thu, 18 Jan 2018 20:49:12 GMT
      Strict-Transport-Security:
      - max-age=31536000; includeSubDomains
      X-Content-Type-Options:
      - nosniff
      X-Xss-Protection:
      - 1; mode=block
      Content-Security-Policy:
      - upgrade-insecure-requests
      X-Robots-Tag:
      - none
      Cache-Control:
      - no-cache,must-revalidate,max-age=0,no-store,private
      Set-Cookie:
      - BrowserId=KXc4_jhvQJ2b8_tKIVEkkA;Path=/;Domain=.salesforce.com;Expires=Mon,
        19-Mar-2018 20:49:12 GMT;Max-Age=5184000
      Expires:
      - Thu, 01 Jan 1970 00:00:00 GMT
      Sforce-Limit-Info:
      - api-usage=146/48000
      Content-Type:
      - application/json;charset=UTF-8
      Vary:
      - Accept-Encoding
    body:
      encoding: ASCII-8BIT
      string: '{"totalSize":1,"done":true,"records":[{"attributes":{"type":"CampaignMember","url":"/services/data/v37.0/sobjects/CampaignMember/00vW0000003QMaBIAW"},"Id":"00vW0000003QMaBIAW","CampaignId":"701W0000000Sr5OIAS","ContactId":"003W000000ljcV1IAI","accounts_uuid__c":"<USER_SF_A_UUID>","pardot_reported_contact_id__c":null,"pardot_reported_piaid__c":null,"pardot_reported_picid__c":null,"first_teacher_contact_id__c":"003W000000ljcV1IAI","arrived_marketing_page_from_pardot_at__c":null,"arrived_marketing_page_not_from_pardot_a__c":null,"preview_created_at__c":null,"real_course_created_at__c":null,"like_preview_ask_later_count__c":1.0,"like_preview_yes_at__c":null,"latest_adoption_decision__c":null,"latest_adoption_decision_at__c":null,"Estimated_Enrollment__c":null,"Ignored_OSAs__c":false,"Percent_Enrolled__c":null,"School_Type__c":null,"Students_Registered__c":null,"Students_Reported_by_Teacher__c":null,"Students_with_work__c":null,"SyncField__c":null}]}'
    http_version: 
  recorded_at: Thu, 18 Jan 2018 20:49:12 GMT
- request:
    method: get
    uri: "<tutor_specs_instance_url>/services/data/v37.0/query?q=SELECT%20Id,%20CampaignId,%20ContactId,%20accounts_uuid__c,%20pardot_reported_contact_id__c,%20pardot_reported_piaid__c,%20pardot_reported_picid__c,%20first_teacher_contact_id__c,%20arrived_marketing_page_from_pardot_at__c,%20arrived_marketing_page_not_from_pardot_a__c,%20preview_created_at__c,%20real_course_created_at__c,%20like_preview_ask_later_count__c,%20like_preview_yes_at__c,%20latest_adoption_decision__c,%20latest_adoption_decision_at__c,%20Estimated_Enrollment__c,%20Ignored_OSAs__c,%20Percent_Enrolled__c,%20School_Type__c,%20Students_Registered__c,%20Students_Reported_by_Teacher__c,%20Students_with_work__c,%20SyncField__c%20FROM%20CampaignMember%20WHERE%20(ContactId%20=%20%27003W000000ljcV1IAI%27)%20AND%20(CampaignId%20=%20%27701W0000000Sr5OIAS%27)%20LIMIT%201"
    body:
      encoding: US-ASCII
      string: ''
    headers:
      User-Agent:
      - Faraday v0.9.2
      Authorization:
      - OAuth <tutor_specs_oauth_token>
      Accept-Encoding:
      - gzip;q=1.0,deflate;q=0.6,identity;q=0.3
      Accept:
      - "*/*"
  response:
    status:
      code: 200
      message: OK
    headers:
      Connection:
      - close
      Date:
      - Thu, 18 Jan 2018 20:49:13 GMT
      Strict-Transport-Security:
      - max-age=31536000; includeSubDomains
      X-Content-Type-Options:
      - nosniff
      X-Xss-Protection:
      - 1; mode=block
      Content-Security-Policy:
      - upgrade-insecure-requests
      X-Robots-Tag:
      - none
      Cache-Control:
      - no-cache,must-revalidate,max-age=0,no-store,private
      Set-Cookie:
      - BrowserId=-vIjLmm2TVipfgb142JA9g;Path=/;Domain=.salesforce.com;Expires=Mon,
        19-Mar-2018 20:49:13 GMT;Max-Age=5184000
      Expires:
      - Thu, 01 Jan 1970 00:00:00 GMT
      Sforce-Limit-Info:
      - api-usage=145/48000
      Content-Type:
      - application/json;charset=UTF-8
      Vary:
      - Accept-Encoding
    body:
      encoding: ASCII-8BIT
      string: '{"totalSize":1,"done":true,"records":[{"attributes":{"type":"CampaignMember","url":"/services/data/v37.0/sobjects/CampaignMember/00vW0000003QMaBIAW"},"Id":"00vW0000003QMaBIAW","CampaignId":"701W0000000Sr5OIAS","ContactId":"003W000000ljcV1IAI","accounts_uuid__c":"<USER_SF_A_UUID>","pardot_reported_contact_id__c":null,"pardot_reported_piaid__c":null,"pardot_reported_picid__c":null,"first_teacher_contact_id__c":"003W000000ljcV1IAI","arrived_marketing_page_from_pardot_at__c":null,"arrived_marketing_page_not_from_pardot_a__c":null,"preview_created_at__c":null,"real_course_created_at__c":null,"like_preview_ask_later_count__c":1.0,"like_preview_yes_at__c":null,"latest_adoption_decision__c":null,"latest_adoption_decision_at__c":null,"Estimated_Enrollment__c":null,"Ignored_OSAs__c":false,"Percent_Enrolled__c":null,"School_Type__c":null,"Students_Registered__c":null,"Students_Reported_by_Teacher__c":null,"Students_with_work__c":null,"SyncField__c":null}]}'
    http_version: 
  recorded_at: Thu, 18 Jan 2018 20:49:13 GMT
- request:
    method: patch
    uri: "<tutor_specs_instance_url>/services/data/v37.0/sobjects/CampaignMember/00vW0000003QMaBIAW"
    body:
      encoding: UTF-8
      string: '{"like_preview_ask_later_count__c":2}'
    headers:
      User-Agent:
      - Faraday v0.9.2
      Content-Type:
      - application/json
      Authorization:
      - OAuth <tutor_specs_oauth_token>
      Accept-Encoding:
      - gzip;q=1.0,deflate;q=0.6,identity;q=0.3
      Accept:
      - "*/*"
  response:
    status:
      code: 204
      message: No Content
    headers:
      Date:
      - Thu, 18 Jan 2018 20:49:14 GMT
      Strict-Transport-Security:
      - max-age=31536000; includeSubDomains
      X-Content-Type-Options:
      - nosniff
      X-Xss-Protection:
      - 1; mode=block
      Content-Security-Policy:
      - upgrade-insecure-requests
      X-Robots-Tag:
      - none
      Cache-Control:
      - no-cache,must-revalidate,max-age=0,no-store,private
      Set-Cookie:
      - BrowserId=7UcuRwzuQYaa-gPXVdb_Uw;Path=/;Domain=.salesforce.com;Expires=Mon,
        19-Mar-2018 20:49:14 GMT;Max-Age=5184000
      Expires:
      - Thu, 01 Jan 1970 00:00:00 GMT
      Sforce-Limit-Info:
      - api-usage=144/48000
    body:
      encoding: UTF-8
      string: ''
    http_version: 
  recorded_at: Thu, 18 Jan 2018 20:49:14 GMT
- request:
    method: get
    uri: "<tutor_specs_instance_url>/services/data/v37.0/query?q=SELECT%20Id,%20CampaignId,%20ContactId,%20accounts_uuid__c,%20pardot_reported_contact_id__c,%20pardot_reported_piaid__c,%20pardot_reported_picid__c,%20first_teacher_contact_id__c,%20arrived_marketing_page_from_pardot_at__c,%20arrived_marketing_page_not_from_pardot_a__c,%20preview_created_at__c,%20real_course_created_at__c,%20like_preview_ask_later_count__c,%20like_preview_yes_at__c,%20latest_adoption_decision__c,%20latest_adoption_decision_at__c,%20Estimated_Enrollment__c,%20Ignored_OSAs__c,%20Percent_Enrolled__c,%20School_Type__c,%20Students_Registered__c,%20Students_Reported_by_Teacher__c,%20Students_with_work__c,%20SyncField__c%20FROM%20CampaignMember%20WHERE%20(Id%20=%20%2700vW0000003QMaBIAW%27)%20LIMIT%201"
    body:
      encoding: US-ASCII
      string: ''
    headers:
      User-Agent:
      - Faraday v0.9.2
      Authorization:
      - OAuth <tutor_specs_oauth_token>
      Accept-Encoding:
      - gzip;q=1.0,deflate;q=0.6,identity;q=0.3
      Accept:
      - "*/*"
  response:
    status:
      code: 200
      message: OK
    headers:
      Connection:
      - close
      Date:
      - Thu, 18 Jan 2018 20:49:15 GMT
      Strict-Transport-Security:
      - max-age=31536000; includeSubDomains
      X-Content-Type-Options:
      - nosniff
      X-Xss-Protection:
      - 1; mode=block
      Content-Security-Policy:
      - upgrade-insecure-requests
      X-Robots-Tag:
      - none
      Cache-Control:
      - no-cache,must-revalidate,max-age=0,no-store,private
      Set-Cookie:
      - BrowserId=EyTj4SODTkS3XDGCQZppCw;Path=/;Domain=.salesforce.com;Expires=Mon,
        19-Mar-2018 20:49:15 GMT;Max-Age=5184000
      Expires:
      - Thu, 01 Jan 1970 00:00:00 GMT
      Sforce-Limit-Info:
      - api-usage=146/48000
      Content-Type:
      - application/json;charset=UTF-8
      Vary:
      - Accept-Encoding
    body:
      encoding: ASCII-8BIT
      string: '{"totalSize":1,"done":true,"records":[{"attributes":{"type":"CampaignMember","url":"/services/data/v37.0/sobjects/CampaignMember/00vW0000003QMaBIAW"},"Id":"00vW0000003QMaBIAW","CampaignId":"701W0000000Sr5OIAS","ContactId":"003W000000ljcV1IAI","accounts_uuid__c":"<USER_SF_A_UUID>","pardot_reported_contact_id__c":null,"pardot_reported_piaid__c":null,"pardot_reported_picid__c":null,"first_teacher_contact_id__c":"003W000000ljcV1IAI","arrived_marketing_page_from_pardot_at__c":null,"arrived_marketing_page_not_from_pardot_a__c":null,"preview_created_at__c":null,"real_course_created_at__c":null,"like_preview_ask_later_count__c":2.0,"like_preview_yes_at__c":null,"latest_adoption_decision__c":null,"latest_adoption_decision_at__c":null,"Estimated_Enrollment__c":null,"Ignored_OSAs__c":false,"Percent_Enrolled__c":null,"School_Type__c":null,"Students_Registered__c":null,"Students_Reported_by_Teacher__c":null,"Students_with_work__c":null,"SyncField__c":null}]}'
    http_version: 
  recorded_at: Thu, 18 Jan 2018 20:49:15 GMT
- request:
    method: delete
    uri: "<tutor_specs_instance_url>/services/data/v37.0/sobjects/CampaignMember/00vW0000003QMaBIAW"
    body:
      encoding: US-ASCII
      string: ''
    headers:
      User-Agent:
      - Faraday v0.9.2
      Authorization:
      - OAuth <tutor_specs_oauth_token>
      Accept-Encoding:
      - gzip;q=1.0,deflate;q=0.6,identity;q=0.3
      Accept:
      - "*/*"
  response:
    status:
      code: 204
      message: No Content
    headers:
      Date:
      - Thu, 18 Jan 2018 20:49:16 GMT
      Strict-Transport-Security:
      - max-age=31536000; includeSubDomains
      X-Content-Type-Options:
      - nosniff
      X-Xss-Protection:
      - 1; mode=block
      Content-Security-Policy:
      - upgrade-insecure-requests
      X-Robots-Tag:
      - none
      Cache-Control:
      - no-cache,must-revalidate,max-age=0,no-store,private
      Set-Cookie:
      - BrowserId=WtazOft6TACZzwFg5zllbQ;Path=/;Domain=.salesforce.com;Expires=Mon,
        19-Mar-2018 20:49:16 GMT;Max-Age=5184000
      Expires:
      - Thu, 01 Jan 1970 00:00:00 GMT
      Sforce-Limit-Info:
      - api-usage=145/48000
    body:
      encoding: UTF-8
      string: ''
    http_version: 
  recorded_at: Thu, 18 Jan 2018 20:49:16 GMT
recorded_with: VCR 2.9.3
