---
http_interactions:
- request:
    method: get
    uri: "<tutor_specs_instance_url>/services/data/v37.0/query?q=SELECT%20Id,%20accounts_uuid__c,%20Contact__c,%20pardot_reported_contact_id__c,%20pardot_reported_piaid__c,%20pardot_reported_picid__c,%20first_teacher_contact_id__c,%20arrived_marketing_page_from_pardot_at__c,%20days_since_arrived_marketing_page_from_p__c,%20preview_created_at__c,%20real_course_created_at__c,%20like_preview_ask_later_count__c,%20like_preview_yes_at__c,%20days_since_like_preview_yes__c,%20latest_adoption_decision__c,%20latest_adoption_decision_at__c%20FROM%20TutorOnboardingA__c%20WHERE%20(first_teacher_contact_id__c%20=%20%270030S000005PNLaQAO%27)%20LIMIT%201"
    body:
      encoding: US-ASCII
      string: ''
    headers:
      User-Agent:
      - Faraday v0.9.2
      Authorization:
      - OAuth 00D0S0000000XrX!ARMAQAdbbSHGgK9AgUP.u5PKjxpZ0bmyeH_LkmARJe8a8OSWhI8k3mLAlBJjgGGLbFA3lA3ccmGfZy71uGeopROsqer1zj3K
      Accept-Encoding:
      - gzip;q=1.0,deflate;q=0.6,identity;q=0.3
      Accept:
      - "*/*"
  response:
    status:
      code: 200
      message: OK
    headers:
      Date:
      - Wed, 17 May 2017 23:09:42 GMT
      Strict-Transport-Security:
      - max-age=31536000; includeSubDomains
      Content-Security-Policy-Report-Only:
      - 'default-src https:; script-src https: ''unsafe-inline'' ''unsafe-eval'';
        style-src https: ''unsafe-inline''; img-src https: data:; frame-ancestors
        ''self'' *.salesforce.com *.force.com; font-src https: data:; connect-src
        ''self'' https:; report-uri /_/ContentDomainCSP?type=appserver'
      X-Content-Type-Options:
      - nosniff
      X-Xss-Protection:
      - 1; mode=block
      Content-Security-Policy:
      - referrer origin-when-cross-origin; upgrade-insecure-requests
      Set-Cookie:
      - BrowserId=Aged7gFiRR2VYG2kapLSWA;Path=/;Domain=.salesforce.com;Expires=Sun,
        16-Jul-2017 23:09:42 GMT
      Expires:
      - Thu, 01 Jan 1970 00:00:00 GMT
      Sforce-Limit-Info:
      - api-usage=425/48000
      Content-Type:
      - application/json;charset=UTF-8
      Vary:
      - Accept-Encoding
      Transfer-Encoding:
      - chunked
    body:
      encoding: ASCII-8BIT
      string: '{"totalSize":0,"done":true,"records":[]}'
    http_version: 
  recorded_at: Wed, 17 May 2017 23:09:42 GMT
- request:
    method: get
    uri: "<tutor_specs_instance_url>/services/data/v37.0/query?q=SELECT%20Id,%20accounts_uuid__c,%20Contact__c,%20pardot_reported_contact_id__c,%20pardot_reported_piaid__c,%20pardot_reported_picid__c,%20first_teacher_contact_id__c,%20arrived_marketing_page_from_pardot_at__c,%20days_since_arrived_marketing_page_from_p__c,%20preview_created_at__c,%20real_course_created_at__c,%20like_preview_ask_later_count__c,%20like_preview_yes_at__c,%20days_since_like_preview_yes__c,%20latest_adoption_decision__c,%20latest_adoption_decision_at__c%20FROM%20TutorOnboardingA__c%20WHERE%20(accounts_uuid__c%20=%20%27ffc1260e-63b9-4a45-ab3a-00f131e71760%27)%20LIMIT%201"
    body:
      encoding: US-ASCII
      string: ''
    headers:
      User-Agent:
      - Faraday v0.9.2
      Authorization:
      - OAuth 00D0S0000000XrX!ARMAQAdbbSHGgK9AgUP.u5PKjxpZ0bmyeH_LkmARJe8a8OSWhI8k3mLAlBJjgGGLbFA3lA3ccmGfZy71uGeopROsqer1zj3K
      Accept-Encoding:
      - gzip;q=1.0,deflate;q=0.6,identity;q=0.3
      Accept:
      - "*/*"
  response:
    status:
      code: 200
      message: OK
    headers:
      Date:
      - Wed, 17 May 2017 23:09:43 GMT
      Strict-Transport-Security:
      - max-age=31536000; includeSubDomains
      X-Content-Type-Options:
      - nosniff
      X-Xss-Protection:
      - 1; mode=block
      Content-Security-Policy:
      - referrer origin-when-cross-origin; upgrade-insecure-requests
      Set-Cookie:
      - BrowserId=iccfex-0QQWBvzafD5_qFw;Path=/;Domain=.salesforce.com;Expires=Sun,
        16-Jul-2017 23:09:43 GMT
      Expires:
      - Thu, 01 Jan 1970 00:00:00 GMT
      Sforce-Limit-Info:
      - api-usage=425/48000
      Content-Type:
      - application/json;charset=UTF-8
      Vary:
      - Accept-Encoding
      Transfer-Encoding:
      - chunked
    body:
      encoding: ASCII-8BIT
      string: '{"totalSize":0,"done":true,"records":[]}'
    http_version: 
  recorded_at: Wed, 17 May 2017 23:09:43 GMT
- request:
    method: get
    uri: "<tutor_specs_instance_url>/services/data/v37.0/query?q=SELECT%20Id,%20accounts_uuid__c,%20Contact__c,%20pardot_reported_contact_id__c,%20pardot_reported_piaid__c,%20pardot_reported_picid__c,%20first_teacher_contact_id__c,%20arrived_marketing_page_from_pardot_at__c,%20days_since_arrived_marketing_page_from_p__c,%20preview_created_at__c,%20real_course_created_at__c,%20like_preview_ask_later_count__c,%20like_preview_yes_at__c,%20days_since_like_preview_yes__c,%20latest_adoption_decision__c,%20latest_adoption_decision_at__c%20FROM%20TutorOnboardingA__c%20WHERE%20(first_teacher_contact_id__c%20=%20%270030S000005PNVBQA4%27)%20LIMIT%201"
    body:
      encoding: US-ASCII
      string: ''
    headers:
      User-Agent:
      - Faraday v0.9.2
      Authorization:
      - OAuth 00D0S0000000XrX!ARMAQAdbbSHGgK9AgUP.u5PKjxpZ0bmyeH_LkmARJe8a8OSWhI8k3mLAlBJjgGGLbFA3lA3ccmGfZy71uGeopROsqer1zj3K
      Accept-Encoding:
      - gzip;q=1.0,deflate;q=0.6,identity;q=0.3
      Accept:
      - "*/*"
  response:
    status:
      code: 200
      message: OK
    headers:
      Date:
      - Wed, 17 May 2017 23:12:23 GMT
      Strict-Transport-Security:
      - max-age=31536000; includeSubDomains
      X-Content-Type-Options:
      - nosniff
      X-Xss-Protection:
      - 1; mode=block
      Content-Security-Policy:
      - referrer origin-when-cross-origin; upgrade-insecure-requests
      Set-Cookie:
      - BrowserId=JYbTYx54Qi21U1v_tfBvFg;Path=/;Domain=.salesforce.com;Expires=Sun,
        16-Jul-2017 23:12:23 GMT
      Expires:
      - Thu, 01 Jan 1970 00:00:00 GMT
      Sforce-Limit-Info:
      - api-usage=431/48000
      Content-Type:
      - application/json;charset=UTF-8
      Vary:
      - Accept-Encoding
      Transfer-Encoding:
      - chunked
    body:
      encoding: ASCII-8BIT
      string: '{"totalSize":0,"done":true,"records":[]}'
    http_version: 
  recorded_at: Wed, 17 May 2017 23:12:23 GMT
- request:
    method: get
    uri: "<tutor_specs_instance_url>/services/data/v37.0/query?q=SELECT%20Id,%20accounts_uuid__c,%20Contact__c,%20pardot_reported_contact_id__c,%20pardot_reported_piaid__c,%20pardot_reported_picid__c,%20first_teacher_contact_id__c,%20arrived_marketing_page_from_pardot_at__c,%20days_since_arrived_marketing_page_from_p__c,%20preview_created_at__c,%20real_course_created_at__c,%20like_preview_ask_later_count__c,%20like_preview_yes_at__c,%20days_since_like_preview_yes__c,%20latest_adoption_decision__c,%20latest_adoption_decision_at__c%20FROM%20TutorOnboardingA__c%20WHERE%20(accounts_uuid__c%20=%20%2701c26d7e-7cd2-4267-bdb5-696152ec444a%27)%20LIMIT%201"
    body:
      encoding: US-ASCII
      string: ''
    headers:
      User-Agent:
      - Faraday v0.9.2
      Authorization:
      - OAuth 00D0S0000000XrX!ARMAQAdbbSHGgK9AgUP.u5PKjxpZ0bmyeH_LkmARJe8a8OSWhI8k3mLAlBJjgGGLbFA3lA3ccmGfZy71uGeopROsqer1zj3K
      Accept-Encoding:
      - gzip;q=1.0,deflate;q=0.6,identity;q=0.3
      Accept:
      - "*/*"
  response:
    status:
      code: 200
      message: OK
    headers:
      Date:
      - Wed, 17 May 2017 23:12:23 GMT
      Strict-Transport-Security:
      - max-age=31536000; includeSubDomains
      X-Content-Type-Options:
      - nosniff
      X-Xss-Protection:
      - 1; mode=block
      Content-Security-Policy:
      - referrer origin-when-cross-origin; upgrade-insecure-requests
      Set-Cookie:
      - BrowserId=TErUAzZ_StGGUmW5Y9mJBQ;Path=/;Domain=.salesforce.com;Expires=Sun,
        16-Jul-2017 23:12:23 GMT
      Expires:
      - Thu, 01 Jan 1970 00:00:00 GMT
      Sforce-Limit-Info:
      - api-usage=431/48000
      Content-Type:
      - application/json;charset=UTF-8
      Vary:
      - Accept-Encoding
      Transfer-Encoding:
      - chunked
    body:
      encoding: ASCII-8BIT
      string: '{"totalSize":0,"done":true,"records":[]}'
    http_version: 
  recorded_at: Wed, 17 May 2017 23:12:23 GMT
- request:
    method: get
    uri: "<tutor_specs_instance_url>/services/data/v37.0/query?q=SELECT%20Id,%20accounts_uuid__c,%20Contact__c,%20pardot_reported_contact_id__c,%20pardot_reported_piaid__c,%20pardot_reported_picid__c,%20first_teacher_contact_id__c,%20arrived_marketing_page_from_pardot_at__c,%20days_since_arrived_marketing_page_from_p__c,%20preview_created_at__c,%20real_course_created_at__c,%20like_preview_ask_later_count__c,%20like_preview_yes_at__c,%20days_since_like_preview_yes__c,%20latest_adoption_decision__c,%20latest_adoption_decision_at__c%20FROM%20TutorOnboardingA__c%20WHERE%20(first_teacher_contact_id__c%20=%20%270030S000005PNYAQA4%27)%20LIMIT%201"
    body:
      encoding: US-ASCII
      string: ''
    headers:
      User-Agent:
      - Faraday v0.9.2
      Authorization:
      - OAuth 00D0S0000000XrX!ARMAQAdbbSHGgK9AgUP.u5PKjxpZ0bmyeH_LkmARJe8a8OSWhI8k3mLAlBJjgGGLbFA3lA3ccmGfZy71uGeopROsqer1zj3K
      Accept-Encoding:
      - gzip;q=1.0,deflate;q=0.6,identity;q=0.3
      Accept:
      - "*/*"
  response:
    status:
      code: 200
      message: OK
    headers:
      Date:
      - Wed, 17 May 2017 23:14:22 GMT
      Strict-Transport-Security:
      - max-age=31536000; includeSubDomains
      X-Content-Type-Options:
      - nosniff
      X-Xss-Protection:
      - 1; mode=block
      Content-Security-Policy:
      - referrer origin-when-cross-origin; upgrade-insecure-requests
      Set-Cookie:
      - BrowserId=c-duU5uDRp-4zoY0Tdsoiw;Path=/;Domain=.salesforce.com;Expires=Sun,
        16-Jul-2017 23:14:22 GMT
      Expires:
      - Thu, 01 Jan 1970 00:00:00 GMT
      Sforce-Limit-Info:
      - api-usage=437/48000
      Content-Type:
      - application/json;charset=UTF-8
      Vary:
      - Accept-Encoding
      Transfer-Encoding:
      - chunked
    body:
      encoding: ASCII-8BIT
      string: '{"totalSize":0,"done":true,"records":[]}'
    http_version: 
  recorded_at: Wed, 17 May 2017 23:14:22 GMT
- request:
    method: get
    uri: "<tutor_specs_instance_url>/services/data/v37.0/query?q=SELECT%20Id,%20accounts_uuid__c,%20Contact__c,%20pardot_reported_contact_id__c,%20pardot_reported_piaid__c,%20pardot_reported_picid__c,%20first_teacher_contact_id__c,%20arrived_marketing_page_from_pardot_at__c,%20days_since_arrived_marketing_page_from_p__c,%20preview_created_at__c,%20real_course_created_at__c,%20like_preview_ask_later_count__c,%20like_preview_yes_at__c,%20days_since_like_preview_yes__c,%20latest_adoption_decision__c,%20latest_adoption_decision_at__c%20FROM%20TutorOnboardingA__c%20WHERE%20(accounts_uuid__c%20=%20%27d05bf50d-ccf2-45ea-b266-a2bccb4bc056%27)%20LIMIT%201"
    body:
      encoding: US-ASCII
      string: ''
    headers:
      User-Agent:
      - Faraday v0.9.2
      Authorization:
      - OAuth 00D0S0000000XrX!ARMAQAdbbSHGgK9AgUP.u5PKjxpZ0bmyeH_LkmARJe8a8OSWhI8k3mLAlBJjgGGLbFA3lA3ccmGfZy71uGeopROsqer1zj3K
      Accept-Encoding:
      - gzip;q=1.0,deflate;q=0.6,identity;q=0.3
      Accept:
      - "*/*"
  response:
    status:
      code: 200
      message: OK
    headers:
      Date:
      - Wed, 17 May 2017 23:14:22 GMT
      Strict-Transport-Security:
      - max-age=31536000; includeSubDomains
      X-Content-Type-Options:
      - nosniff
      X-Xss-Protection:
      - 1; mode=block
      Content-Security-Policy:
      - referrer origin-when-cross-origin; upgrade-insecure-requests
      Set-Cookie:
      - BrowserId=4bpog9_YTlqtmhVbWDMCrg;Path=/;Domain=.salesforce.com;Expires=Sun,
        16-Jul-2017 23:14:22 GMT
      Expires:
      - Thu, 01 Jan 1970 00:00:00 GMT
      Sforce-Limit-Info:
      - api-usage=437/48000
      Content-Type:
      - application/json;charset=UTF-8
      Vary:
      - Accept-Encoding
      Transfer-Encoding:
      - chunked
    body:
      encoding: ASCII-8BIT
      string: '{"totalSize":0,"done":true,"records":[]}'
    http_version: 
  recorded_at: Wed, 17 May 2017 23:14:22 GMT
- request:
    method: get
    uri: "<tutor_specs_instance_url>/services/data/v37.0/query?q=SELECT%20Id,%20accounts_uuid__c,%20Contact__c,%20pardot_reported_contact_id__c,%20pardot_reported_piaid__c,%20pardot_reported_picid__c,%20first_teacher_contact_id__c,%20arrived_marketing_page_from_pardot_at__c,%20days_since_arrived_marketing_page_from_p__c,%20preview_created_at__c,%20real_course_created_at__c,%20like_preview_ask_later_count__c,%20like_preview_yes_at__c,%20days_since_like_preview_yes__c,%20latest_adoption_decision__c,%20latest_adoption_decision_at__c%20FROM%20TutorOnboardingA__c%20WHERE%20(first_teacher_contact_id__c%20=%20%270030S000005PNwqQAG%27)%20LIMIT%201"
    body:
      encoding: US-ASCII
      string: ''
    headers:
      User-Agent:
      - Faraday v0.9.2
      Authorization:
      - OAuth 00D0S0000000XrX!ARMAQAdbbSHGgK9AgUP.u5PKjxpZ0bmyeH_LkmARJe8a8OSWhI8k3mLAlBJjgGGLbFA3lA3ccmGfZy71uGeopROsqer1zj3K
      Accept-Encoding:
      - gzip;q=1.0,deflate;q=0.6,identity;q=0.3
      Accept:
      - "*/*"
  response:
    status:
      code: 200
      message: OK
    headers:
      Date:
      - Wed, 17 May 2017 23:23:26 GMT
      Strict-Transport-Security:
      - max-age=31536000; includeSubDomains
      X-Content-Type-Options:
      - nosniff
      X-Xss-Protection:
      - 1; mode=block
      Content-Security-Policy:
      - referrer origin-when-cross-origin; upgrade-insecure-requests
      Set-Cookie:
      - BrowserId=M-ab7Fz3Q8u1DILLBbKpaQ;Path=/;Domain=.salesforce.com;Expires=Sun,
        16-Jul-2017 23:23:26 GMT
      Expires:
      - Thu, 01 Jan 1970 00:00:00 GMT
      Sforce-Limit-Info:
      - api-usage=451/48000
      Content-Type:
      - application/json;charset=UTF-8
      Vary:
      - Accept-Encoding
      Transfer-Encoding:
      - chunked
    body:
      encoding: ASCII-8BIT
      string: '{"totalSize":0,"done":true,"records":[]}'
    http_version: 
  recorded_at: Wed, 17 May 2017 23:23:26 GMT
- request:
    method: get
    uri: "<tutor_specs_instance_url>/services/data/v37.0/query?q=SELECT%20Id,%20accounts_uuid__c,%20Contact__c,%20pardot_reported_contact_id__c,%20pardot_reported_piaid__c,%20pardot_reported_picid__c,%20first_teacher_contact_id__c,%20arrived_marketing_page_from_pardot_at__c,%20days_since_arrived_marketing_page_from_p__c,%20preview_created_at__c,%20real_course_created_at__c,%20like_preview_ask_later_count__c,%20like_preview_yes_at__c,%20days_since_like_preview_yes__c,%20latest_adoption_decision__c,%20latest_adoption_decision_at__c%20FROM%20TutorOnboardingA__c%20WHERE%20(accounts_uuid__c%20=%20%27e2fc79d8-0b92-4161-b14d-910e4f60a0fa%27)%20LIMIT%201"
    body:
      encoding: US-ASCII
      string: ''
    headers:
      User-Agent:
      - Faraday v0.9.2
      Authorization:
      - OAuth 00D0S0000000XrX!ARMAQAdbbSHGgK9AgUP.u5PKjxpZ0bmyeH_LkmARJe8a8OSWhI8k3mLAlBJjgGGLbFA3lA3ccmGfZy71uGeopROsqer1zj3K
      Accept-Encoding:
      - gzip;q=1.0,deflate;q=0.6,identity;q=0.3
      Accept:
      - "*/*"
  response:
    status:
      code: 200
      message: OK
    headers:
      Date:
      - Wed, 17 May 2017 23:23:26 GMT
      Strict-Transport-Security:
      - max-age=31536000; includeSubDomains
      X-Content-Type-Options:
      - nosniff
      X-Xss-Protection:
      - 1; mode=block
      Content-Security-Policy:
      - referrer origin-when-cross-origin; upgrade-insecure-requests
      Set-Cookie:
      - BrowserId=FjTzsBE2TX6m998vDGD94A;Path=/;Domain=.salesforce.com;Expires=Sun,
        16-Jul-2017 23:23:26 GMT
      Expires:
      - Thu, 01 Jan 1970 00:00:00 GMT
      Sforce-Limit-Info:
      - api-usage=453/48000
      Content-Type:
      - application/json;charset=UTF-8
      Vary:
      - Accept-Encoding
      Transfer-Encoding:
      - chunked
    body:
      encoding: ASCII-8BIT
      string: '{"totalSize":0,"done":true,"records":[]}'
    http_version: 
  recorded_at: Wed, 17 May 2017 23:23:26 GMT
- request:
    method: get
    uri: "<tutor_specs_instance_url>/services/data/v37.0/query?q=SELECT%20Id,%20accounts_uuid__c,%20Contact__c,%20pardot_reported_contact_id__c,%20pardot_reported_piaid__c,%20pardot_reported_picid__c,%20first_teacher_contact_id__c,%20arrived_marketing_page_from_pardot_at__c,%20days_since_arrived_marketing_page_from_p__c,%20preview_created_at__c,%20real_course_created_at__c,%20like_preview_ask_later_count__c,%20like_preview_yes_at__c,%20days_since_like_preview_yes__c,%20latest_adoption_decision__c,%20latest_adoption_decision_at__c%20FROM%20TutorOnboardingA__c%20WHERE%20(first_teacher_contact_id__c%20=%20%270030S000005POK9QAO%27)%20LIMIT%201"
    body:
      encoding: US-ASCII
      string: ''
    headers:
      User-Agent:
      - Faraday v0.9.2
      Authorization:
      - OAuth 00D0S0000000XrX!ARMAQAdbbSHGgK9AgUP.u5PKjxpZ0bmyeH_LkmARJe8a8OSWhI8k3mLAlBJjgGGLbFA3lA3ccmGfZy71uGeopROsqer1zj3K
      Accept-Encoding:
      - gzip;q=1.0,deflate;q=0.6,identity;q=0.3
      Accept:
      - "*/*"
  response:
    status:
      code: 200
      message: OK
    headers:
      Date:
      - Wed, 17 May 2017 23:32:50 GMT
      Strict-Transport-Security:
      - max-age=31536000; includeSubDomains
      X-Content-Type-Options:
      - nosniff
      X-Xss-Protection:
      - 1; mode=block
      Content-Security-Policy:
      - referrer origin-when-cross-origin; upgrade-insecure-requests
      Set-Cookie:
      - BrowserId=f6cllOHwQSiLSRBtY9v2sQ;Path=/;Domain=.salesforce.com;Expires=Sun,
        16-Jul-2017 23:32:50 GMT
      Expires:
      - Thu, 01 Jan 1970 00:00:00 GMT
      Sforce-Limit-Info:
      - api-usage=479/48000
      Content-Type:
      - application/json;charset=UTF-8
      Vary:
      - Accept-Encoding
      Transfer-Encoding:
      - chunked
    body:
      encoding: ASCII-8BIT
      string: '{"totalSize":0,"done":true,"records":[]}'
    http_version: 
  recorded_at: Wed, 17 May 2017 23:32:50 GMT
- request:
    method: get
    uri: "<tutor_specs_instance_url>/services/data/v37.0/query?q=SELECT%20Id,%20accounts_uuid__c,%20Contact__c,%20pardot_reported_contact_id__c,%20pardot_reported_piaid__c,%20pardot_reported_picid__c,%20first_teacher_contact_id__c,%20arrived_marketing_page_from_pardot_at__c,%20days_since_arrived_marketing_page_from_p__c,%20preview_created_at__c,%20real_course_created_at__c,%20like_preview_ask_later_count__c,%20like_preview_yes_at__c,%20days_since_like_preview_yes__c,%20latest_adoption_decision__c,%20latest_adoption_decision_at__c%20FROM%20TutorOnboardingA__c%20WHERE%20(accounts_uuid__c%20=%20%270e737edb-120e-4ead-b0e2-2cc1eab30cbc%27)%20LIMIT%201"
    body:
      encoding: US-ASCII
      string: ''
    headers:
      User-Agent:
      - Faraday v0.9.2
      Authorization:
      - OAuth 00D0S0000000XrX!ARMAQAdbbSHGgK9AgUP.u5PKjxpZ0bmyeH_LkmARJe8a8OSWhI8k3mLAlBJjgGGLbFA3lA3ccmGfZy71uGeopROsqer1zj3K
      Accept-Encoding:
      - gzip;q=1.0,deflate;q=0.6,identity;q=0.3
      Accept:
      - "*/*"
  response:
    status:
      code: 200
      message: OK
    headers:
      Date:
      - Wed, 17 May 2017 23:32:50 GMT
      Strict-Transport-Security:
      - max-age=31536000; includeSubDomains
      X-Content-Type-Options:
      - nosniff
      X-Xss-Protection:
      - 1; mode=block
      Content-Security-Policy:
      - referrer origin-when-cross-origin; upgrade-insecure-requests
      Set-Cookie:
      - BrowserId=hjHdHbQ6RIKpp3ly0YUFNw;Path=/;Domain=.salesforce.com;Expires=Sun,
        16-Jul-2017 23:32:50 GMT
      Expires:
      - Thu, 01 Jan 1970 00:00:00 GMT
      Sforce-Limit-Info:
      - api-usage=479/48000
      Content-Type:
      - application/json;charset=UTF-8
      Vary:
      - Accept-Encoding
      Transfer-Encoding:
      - chunked
    body:
      encoding: ASCII-8BIT
      string: '{"totalSize":0,"done":true,"records":[]}'
    http_version: 
  recorded_at: Wed, 17 May 2017 23:32:50 GMT
- request:
    method: get
    uri: "<tutor_specs_instance_url>/services/data/v37.0/query?q=SELECT%20Id,%20accounts_uuid__c,%20Contact__c,%20pardot_reported_contact_id__c,%20pardot_reported_piaid__c,%20pardot_reported_picid__c,%20first_teacher_contact_id__c,%20arrived_marketing_page_from_pardot_at__c,%20days_since_arrived_marketing_page_from_p__c,%20preview_created_at__c,%20real_course_created_at__c,%20like_preview_ask_later_count__c,%20like_preview_yes_at__c,%20days_since_like_preview_yes__c,%20latest_adoption_decision__c,%20latest_adoption_decision_at__c%20FROM%20TutorOnboardingA__c%20WHERE%20(first_teacher_contact_id__c%20=%20%270030S000005POK9QAO%27)%20LIMIT%201"
    body:
      encoding: US-ASCII
      string: ''
    headers:
      User-Agent:
      - Faraday v0.9.2
      Authorization:
      - OAuth 00D0S0000000XrX!ARMAQAdbbSHGgK9AgUP.u5PKjxpZ0bmyeH_LkmARJe8a8OSWhI8k3mLAlBJjgGGLbFA3lA3ccmGfZy71uGeopROsqer1zj3K
      Accept-Encoding:
      - gzip;q=1.0,deflate;q=0.6,identity;q=0.3
      Accept:
      - "*/*"
  response:
    status:
      code: 200
      message: OK
    headers:
      Date:
      - Wed, 17 May 2017 23:34:36 GMT
      Strict-Transport-Security:
      - max-age=31536000; includeSubDomains
      X-Content-Type-Options:
      - nosniff
      X-Xss-Protection:
      - 1; mode=block
      Content-Security-Policy:
      - referrer origin-when-cross-origin; upgrade-insecure-requests
      Set-Cookie:
      - BrowserId=LuRYE4iBRUS_7L_js2pfjA;Path=/;Domain=.salesforce.com;Expires=Sun,
        16-Jul-2017 23:34:36 GMT
      Expires:
      - Thu, 01 Jan 1970 00:00:00 GMT
      Sforce-Limit-Info:
      - api-usage=489/48000
      Content-Type:
      - application/json;charset=UTF-8
      Vary:
      - Accept-Encoding
      Transfer-Encoding:
      - chunked
    body:
      encoding: ASCII-8BIT
      string: '{"totalSize":1,"done":true,"records":[{"attributes":{"type":"TutorOnboardingA__c","url":"/services/data/v37.0/sobjects/TutorOnboardingA__c/a0K0S000001Hlm8UAC"},"Id":"a0K0S000001Hlm8UAC","accounts_uuid__c":"0e737edb-120e-4ead-b0e2-2cc1eab30cbc","Contact__c":null,"pardot_reported_contact_id__c":null,"pardot_reported_piaid__c":null,"pardot_reported_picid__c":null,"first_teacher_contact_id__c":"0030S000005POK9QAO","arrived_marketing_page_from_pardot_at__c":null,"days_since_arrived_marketing_page_from_p__c":null,"preview_created_at__c":null,"real_course_created_at__c":null,"like_preview_ask_later_count__c":null,"like_preview_yes_at__c":"2017-05-17T23:32:50.000+0000","days_since_like_preview_yes__c":0.0,"latest_adoption_decision__c":null,"latest_adoption_decision_at__c":null}]}'
    http_version: 
  recorded_at: Wed, 17 May 2017 23:34:37 GMT
- request:
    method: get
    uri: "<tutor_specs_instance_url>/services/data/v37.0/query?q=SELECT%20Id,%20Name%20FROM%20Account"
    body:
      encoding: US-ASCII
      string: ''
    headers:
      User-Agent:
      - Faraday v0.9.2
      Authorization:
      - OAuth <tutor_specs_oauth_token>
      Accept-Encoding:
      - gzip;q=1.0,deflate;q=0.6,identity;q=0.3
      Accept:
      - "*/*"
  response:
    status:
      code: 401
      message: Unauthorized
    headers:
      Date:
      - Wed, 17 May 2017 23:37:02 GMT
      Strict-Transport-Security:
      - max-age=31536000; includeSubDomains
      X-Content-Type-Options:
      - nosniff
      X-Xss-Protection:
      - 1; mode=block
      Content-Security-Policy:
      - referrer origin-when-cross-origin; upgrade-insecure-requests
      Set-Cookie:
      - BrowserId=EAKS7bSQTzyF6k6az4xg4Q;Path=/;Domain=.salesforce.com;Expires=Sun,
        16-Jul-2017 23:37:02 GMT
      Expires:
      - Thu, 01 Jan 1970 00:00:00 GMT
      Www-Authenticate:
      - Token
      Content-Type:
      - application/json;charset=UTF-8
      Transfer-Encoding:
      - chunked
    body:
      encoding: UTF-8
      string: '[{"message":"Session expired or invalid","errorCode":"INVALID_SESSION_ID"}]'
    http_version: 
  recorded_at: Wed, 17 May 2017 23:37:02 GMT
- request:
    method: post
    uri: https://test.salesforce.com/services/oauth2/token
    body:
      encoding: US-ASCII
      string: grant_type=refresh_token&refresh_token=<tutor_specs_refresh_token>&client_id=3MVG9PbQtiUzNgN5HOnTahCd6GdfAf1_bqyfAEbOrN7.DHHLfqbC1Sln4ybNsOKMB5bySrOX3dLazMQSlGvs1&client_secret=8445545272226199623
    headers:
      User-Agent:
      - Faraday v0.9.2
      Content-Type:
      - application/x-www-form-urlencoded
      Accept-Encoding:
      - gzip;q=1.0,deflate;q=0.6,identity;q=0.3
      Accept:
      - "*/*"
  response:
    status:
      code: 200
      message: OK
    headers:
      Date:
      - Wed, 17 May 2017 23:37:02 GMT
      Strict-Transport-Security:
      - max-age=31536000; includeSubDomains
      X-Content-Type-Options:
      - nosniff
      X-Xss-Protection:
      - 1; mode=block
      Content-Security-Policy:
      - referrer origin-when-cross-origin; upgrade-insecure-requests
      Set-Cookie:
      - BrowserId=ZzEgDQSHRkeFLlfqpxrbeA;Path=/;Domain=.salesforce.com;Expires=Sun,
        16-Jul-2017 23:37:02 GMT
      - BrowserId=dd3p_H9FSLOjEKi-HXOGzw;Path=/;Domain=.salesforce.com;Expires=Sun,
        16-Jul-2017 23:37:03 GMT
      Expires:
      - Thu, 01 Jan 1970 00:00:00 GMT
      Pragma:
      - no-cache
      Cache-Control:
      - no-cache, no-store
      Content-Type:
      - application/json;charset=UTF-8
      Vary:
      - Accept-Encoding
      Transfer-Encoding:
      - chunked
    body:
      encoding: ASCII-8BIT
      string: '{"access_token":"00D0S0000000XrX!ARMAQAdbbSHGgK9AgUP.u5PKjxpZ0bmyeH_LkmARJe8a8OSWhI8k3mLAlBJjgGGLbFA3lA3ccmGfZy71uGeopROsqer1zj3K","signature":"Q17+AUnjcEnUioj0FTGhp/DHBSpHKHO0udXikZ8tVPw=","scope":"refresh_token
        full","instance_url":"<tutor_specs_instance_url>","id":"https://test.salesforce.com/id/00D0S0000000XrXUAU/005U0000005a1f3IAA","token_type":"Bearer","issued_at":"1495064223186"}'
    http_version: 
  recorded_at: Wed, 17 May 2017 23:37:03 GMT
- request:
    method: get
    uri: "<tutor_specs_instance_url>/services/data/v37.0/query?q=SELECT%20Id,%20Name%20FROM%20Account"
    body:
      encoding: US-ASCII
      string: ''
    headers:
      User-Agent:
      - Faraday v0.9.2
      Authorization:
      - OAuth 00D0S0000000XrX!ARMAQAdbbSHGgK9AgUP.u5PKjxpZ0bmyeH_LkmARJe8a8OSWhI8k3mLAlBJjgGGLbFA3lA3ccmGfZy71uGeopROsqer1zj3K
      Accept-Encoding:
      - gzip;q=1.0,deflate;q=0.6,identity;q=0.3
      Accept:
      - "*/*"
  response:
    status:
      code: 200
      message: OK
    headers:
      Date:
      - Wed, 17 May 2017 23:37:03 GMT
      Strict-Transport-Security:
      - max-age=31536000; includeSubDomains
      X-Content-Type-Options:
      - nosniff
      X-Xss-Protection:
      - 1; mode=block
      Content-Security-Policy:
      - referrer origin-when-cross-origin; upgrade-insecure-requests
      Set-Cookie:
      - BrowserId=tHnUJTg3RAKMzmagmJhU0w;Path=/;Domain=.salesforce.com;Expires=Sun,
        16-Jul-2017 23:37:03 GMT
      Expires:
      - Thu, 01 Jan 1970 00:00:00 GMT
      Sforce-Limit-Info:
      - api-usage=495/48000
      Content-Type:
      - application/json;charset=UTF-8
      Vary:
      - Accept-Encoding
      Transfer-Encoding:
      - chunked
    body:
      encoding: ASCII-8BIT
      string: '{"totalSize":1,"done":true,"records":[{"attributes":{"type":"Account","url":"/services/data/v37.0/sobjects/Account/0010S0000057qMUQAY"},"Id":"0010S0000057qMUQAY","Name":"JP
        University"}]}'
    http_version: 
  recorded_at: Wed, 17 May 2017 23:37:03 GMT
- request:
    method: get
    uri: "<tutor_specs_instance_url>/services/data/v37.0/query?q=SELECT%20Id,%20accounts_uuid__c,%20Contact__c,%20pardot_reported_contact_id__c,%20pardot_reported_piaid__c,%20pardot_reported_picid__c,%20first_teacher_contact_id__c,%20arrived_marketing_page_from_pardot_at__c,%20days_since_arrived_marketing_page_from_p__c,%20preview_created_at__c,%20real_course_created_at__c,%20like_preview_ask_later_count__c,%20like_preview_yes_at__c,%20days_since_like_preview_yes__c,%20latest_adoption_decision__c,%20latest_adoption_decision_at__c%20FROM%20TutorOnboardingA__c%20WHERE%20(first_teacher_contact_id__c%20=%20%270030S000005POcDQAW%27)%20LIMIT%201"
    body:
      encoding: US-ASCII
      string: ''
    headers:
      User-Agent:
      - Faraday v0.9.2
      Authorization:
      - OAuth 00D0S0000000XrX!ARMAQAdbbSHGgK9AgUP.u5PKjxpZ0bmyeH_LkmARJe8a8OSWhI8k3mLAlBJjgGGLbFA3lA3ccmGfZy71uGeopROsqer1zj3K
      Accept-Encoding:
      - gzip;q=1.0,deflate;q=0.6,identity;q=0.3
      Accept:
      - "*/*"
  response:
    status:
      code: 200
      message: OK
    headers:
      Date:
      - Wed, 17 May 2017 23:37:05 GMT
      Strict-Transport-Security:
      - max-age=31536000; includeSubDomains
      X-Content-Type-Options:
      - nosniff
      X-Xss-Protection:
      - 1; mode=block
      Content-Security-Policy:
      - referrer origin-when-cross-origin; upgrade-insecure-requests
      Set-Cookie:
      - BrowserId=Ns8v-chgTWGQoBESXnTOJA;Path=/;Domain=.salesforce.com;Expires=Sun,
        16-Jul-2017 23:37:05 GMT
      Expires:
      - Thu, 01 Jan 1970 00:00:00 GMT
      Sforce-Limit-Info:
      - api-usage=494/48000
      Content-Type:
      - application/json;charset=UTF-8
      Vary:
      - Accept-Encoding
      Transfer-Encoding:
      - chunked
    body:
      encoding: ASCII-8BIT
      string: '{"totalSize":0,"done":true,"records":[]}'
    http_version: 
  recorded_at: Wed, 17 May 2017 23:37:05 GMT
- request:
    method: get
    uri: "<tutor_specs_instance_url>/services/data/v37.0/query?q=SELECT%20Id,%20accounts_uuid__c,%20Contact__c,%20pardot_reported_contact_id__c,%20pardot_reported_piaid__c,%20pardot_reported_picid__c,%20first_teacher_contact_id__c,%20arrived_marketing_page_from_pardot_at__c,%20days_since_arrived_marketing_page_from_p__c,%20preview_created_at__c,%20real_course_created_at__c,%20like_preview_ask_later_count__c,%20like_preview_yes_at__c,%20days_since_like_preview_yes__c,%20latest_adoption_decision__c,%20latest_adoption_decision_at__c%20FROM%20TutorOnboardingA__c%20WHERE%20(accounts_uuid__c%20=%20%273dc26135-4b07-4f21-9a02-517abd0df49f%27)%20LIMIT%201"
    body:
      encoding: US-ASCII
      string: ''
    headers:
      User-Agent:
      - Faraday v0.9.2
      Authorization:
      - OAuth 00D0S0000000XrX!ARMAQAdbbSHGgK9AgUP.u5PKjxpZ0bmyeH_LkmARJe8a8OSWhI8k3mLAlBJjgGGLbFA3lA3ccmGfZy71uGeopROsqer1zj3K
      Accept-Encoding:
      - gzip;q=1.0,deflate;q=0.6,identity;q=0.3
      Accept:
      - "*/*"
  response:
    status:
      code: 200
      message: OK
    headers:
      Date:
      - Wed, 17 May 2017 23:37:05 GMT
      Strict-Transport-Security:
      - max-age=31536000; includeSubDomains
      X-Content-Type-Options:
      - nosniff
      X-Xss-Protection:
      - 1; mode=block
      Content-Security-Policy:
      - referrer origin-when-cross-origin; upgrade-insecure-requests
      Set-Cookie:
      - BrowserId=HOqjn-RhSFaOnWWcKebAOw;Path=/;Domain=.salesforce.com;Expires=Sun,
        16-Jul-2017 23:37:05 GMT
      Expires:
      - Thu, 01 Jan 1970 00:00:00 GMT
      Sforce-Limit-Info:
      - api-usage=494/48000
      Content-Type:
      - application/json;charset=UTF-8
      Vary:
      - Accept-Encoding
      Transfer-Encoding:
      - chunked
    body:
      encoding: ASCII-8BIT
      string: '{"totalSize":0,"done":true,"records":[]}'
    http_version: 
  recorded_at: Wed, 17 May 2017 23:37:05 GMT
- request:
    method: post
    uri: "<tutor_specs_instance_url>/services/data/v37.0/sobjects/Contact"
    body:
      encoding: UTF-8
      string: '{"FirstName":"Osbaldo","LastName":"Corwin","AccountId":"0010S0000057qMUQAY"}'
    headers:
      User-Agent:
      - Faraday v0.9.2
      Content-Type:
      - application/json
      Authorization:
      - OAuth 00D0S0000000XrX!ARMAQAdbbSHGgK9AgUP.u5PKjxpZ0bmyeH_LkmARJe8a8OSWhI8k3mLAlBJjgGGLbFA3lA3ccmGfZy71uGeopROsqer1zj3K
      Accept-Encoding:
      - gzip;q=1.0,deflate;q=0.6,identity;q=0.3
      Accept:
      - "*/*"
  response:
    status:
      code: 201
      message: Created
    headers:
      Date:
      - Wed, 17 May 2017 23:38:54 GMT
      Strict-Transport-Security:
      - max-age=31536000; includeSubDomains
      X-Content-Type-Options:
      - nosniff
      X-Xss-Protection:
      - 1; mode=block
      Content-Security-Policy:
      - referrer origin-when-cross-origin; upgrade-insecure-requests
      Set-Cookie:
      - BrowserId=CZX_aq2AQDO5LE5tBVPtHg;Path=/;Domain=.salesforce.com;Expires=Sun,
        16-Jul-2017 23:38:54 GMT
      Expires:
      - Thu, 01 Jan 1970 00:00:00 GMT
      Sforce-Limit-Info:
      - api-usage=514/48000
      Location:
      - "/services/data/v37.0/sobjects/Contact/0030S000005POjWQAW"
      Content-Type:
      - application/json;charset=UTF-8
      Vary:
      - Accept-Encoding
      Transfer-Encoding:
      - chunked
    body:
      encoding: ASCII-8BIT
      string: '{"id":"0030S000005POjWQAW","success":true,"errors":[]}'
    http_version: 
  recorded_at: Wed, 17 May 2017 23:38:55 GMT
- request:
    method: get
    uri: "<tutor_specs_instance_url>/services/data/v37.0/query?q=SELECT%20Id,%20accounts_uuid__c,%20Contact__c,%20pardot_reported_contact_id__c,%20pardot_reported_piaid__c,%20pardot_reported_picid__c,%20first_teacher_contact_id__c,%20arrived_marketing_page_from_pardot_at__c,%20days_since_arrived_marketing_page_from_p__c,%20preview_created_at__c,%20real_course_created_at__c,%20like_preview_ask_later_count__c,%20like_preview_yes_at__c,%20days_since_like_preview_yes__c,%20latest_adoption_decision__c,%20latest_adoption_decision_at__c%20FROM%20TutorOnboardingA__c%20WHERE%20(first_teacher_contact_id__c%20=%20%270030S000005POjWQAW%27)%20LIMIT%201"
    body:
      encoding: US-ASCII
      string: ''
    headers:
      User-Agent:
      - Faraday v0.9.2
      Authorization:
      - OAuth 00D0S0000000XrX!ARMAQAdbbSHGgK9AgUP.u5PKjxpZ0bmyeH_LkmARJe8a8OSWhI8k3mLAlBJjgGGLbFA3lA3ccmGfZy71uGeopROsqer1zj3K
      Accept-Encoding:
      - gzip;q=1.0,deflate;q=0.6,identity;q=0.3
      Accept:
      - "*/*"
  response:
    status:
      code: 200
      message: OK
    headers:
      Date:
      - Wed, 17 May 2017 23:38:55 GMT
      Strict-Transport-Security:
      - max-age=31536000; includeSubDomains
      X-Content-Type-Options:
      - nosniff
      X-Xss-Protection:
      - 1; mode=block
      Content-Security-Policy:
      - referrer origin-when-cross-origin; upgrade-insecure-requests
      Set-Cookie:
      - BrowserId=E-kEJ8RVT6OTPT1I8iOFyg;Path=/;Domain=.salesforce.com;Expires=Sun,
        16-Jul-2017 23:38:55 GMT
      Expires:
      - Thu, 01 Jan 1970 00:00:00 GMT
      Sforce-Limit-Info:
      - api-usage=514/48000
      Content-Type:
      - application/json;charset=UTF-8
      Vary:
      - Accept-Encoding
      Transfer-Encoding:
      - chunked
    body:
      encoding: ASCII-8BIT
      string: '{"totalSize":0,"done":true,"records":[]}'
    http_version: 
  recorded_at: Wed, 17 May 2017 23:38:55 GMT
- request:
    method: get
    uri: "<tutor_specs_instance_url>/services/data/v37.0/query?q=SELECT%20Id,%20accounts_uuid__c,%20Contact__c,%20pardot_reported_contact_id__c,%20pardot_reported_piaid__c,%20pardot_reported_picid__c,%20first_teacher_contact_id__c,%20arrived_marketing_page_from_pardot_at__c,%20days_since_arrived_marketing_page_from_p__c,%20preview_created_at__c,%20real_course_created_at__c,%20like_preview_ask_later_count__c,%20like_preview_yes_at__c,%20days_since_like_preview_yes__c,%20latest_adoption_decision__c,%20latest_adoption_decision_at__c%20FROM%20TutorOnboardingA__c%20WHERE%20(accounts_uuid__c%20=%20%272f28c260-8409-4a65-a9cc-d793000e675b%27)%20LIMIT%201"
    body:
      encoding: US-ASCII
      string: ''
    headers:
      User-Agent:
      - Faraday v0.9.2
      Authorization:
      - OAuth 00D0S0000000XrX!ARMAQAdbbSHGgK9AgUP.u5PKjxpZ0bmyeH_LkmARJe8a8OSWhI8k3mLAlBJjgGGLbFA3lA3ccmGfZy71uGeopROsqer1zj3K
      Accept-Encoding:
      - gzip;q=1.0,deflate;q=0.6,identity;q=0.3
      Accept:
      - "*/*"
  response:
    status:
      code: 200
      message: OK
    headers:
      Date:
      - Wed, 17 May 2017 23:38:55 GMT
      Strict-Transport-Security:
      - max-age=31536000; includeSubDomains
      X-Content-Type-Options:
      - nosniff
      X-Xss-Protection:
      - 1; mode=block
      Content-Security-Policy:
      - referrer origin-when-cross-origin; upgrade-insecure-requests
      Set-Cookie:
      - BrowserId=ojcbo7grT3yP3mbUwDi4FQ;Path=/;Domain=.salesforce.com;Expires=Sun,
        16-Jul-2017 23:38:55 GMT
      Expires:
      - Thu, 01 Jan 1970 00:00:00 GMT
      Sforce-Limit-Info:
      - api-usage=515/48000
      Content-Type:
      - application/json;charset=UTF-8
      Vary:
      - Accept-Encoding
      Transfer-Encoding:
      - chunked
    body:
      encoding: ASCII-8BIT
      string: '{"totalSize":0,"done":true,"records":[]}'
    http_version: 
  recorded_at: Wed, 17 May 2017 23:38:55 GMT
- request:
    method: post
    uri: "<tutor_specs_instance_url>/services/data/v37.0/sobjects/TutorOnboardingA__c"
    body:
      encoding: UTF-8
      string: '{"accounts_uuid__c":"2f28c260-8409-4a65-a9cc-d793000e675b","first_teacher_contact_id__c":"0030S000005POjWQAW","like_preview_yes_at__c":"2017-05-17T23:38:55.903+00:00"}'
    headers:
      User-Agent:
      - Faraday v0.9.2
      Content-Type:
      - application/json
      Authorization:
      - OAuth 00D0S0000000XrX!ARMAQAdbbSHGgK9AgUP.u5PKjxpZ0bmyeH_LkmARJe8a8OSWhI8k3mLAlBJjgGGLbFA3lA3ccmGfZy71uGeopROsqer1zj3K
      Accept-Encoding:
      - gzip;q=1.0,deflate;q=0.6,identity;q=0.3
      Accept:
      - "*/*"
  response:
    status:
      code: 201
      message: Created
    headers:
      Date:
      - Wed, 17 May 2017 23:38:56 GMT
      Strict-Transport-Security:
      - max-age=31536000; includeSubDomains
      X-Content-Type-Options:
      - nosniff
      X-Xss-Protection:
      - 1; mode=block
      Content-Security-Policy:
      - referrer origin-when-cross-origin; upgrade-insecure-requests
      Set-Cookie:
      - BrowserId=jVQLyF5DSluYKfjEBKdrXg;Path=/;Domain=.salesforce.com;Expires=Sun,
        16-Jul-2017 23:38:56 GMT
      Expires:
      - Thu, 01 Jan 1970 00:00:00 GMT
      Sforce-Limit-Info:
      - api-usage=514/48000
      Location:
      - "/services/data/v37.0/sobjects/TutorOnboardingA__c/a0K0S000001HloZUAS"
      Content-Type:
      - application/json;charset=UTF-8
      Vary:
      - Accept-Encoding
      Transfer-Encoding:
      - chunked
    body:
      encoding: ASCII-8BIT
      string: '{"id":"a0K0S000001HloZUAS","success":true,"errors":[]}'
    http_version: 
  recorded_at: Wed, 17 May 2017 23:38:56 GMT
recorded_with: VCR 2.9.3
